 basics

 Timestamp is 53ffc9bb (Thu Aug 28 17:30:51 2014)

 Preferred load address is 00400000

 Start         Length     Name                   Class
 0001:00000000 0002c466H .text$mn                CODE
 0002:00000000 000001b8H .idata$5                DATA
 0002:000001b8 00000004H .CRT$XCA                DATA
 0002:000001bc 00000004H .CRT$XCZ                DATA
 0002:000001c0 00000004H .CRT$XIA                DATA
 0002:000001c4 00000014H .CRT$XIC                DATA
 0002:000001d8 00000004H .CRT$XIY                DATA
 0002:000001dc 00000004H .CRT$XIZ                DATA
 0002:000001e0 00000004H .CRT$XPA                DATA
 0002:000001e4 00000008H .CRT$XPX                DATA
 0002:000001ec 00000004H .CRT$XPXA               DATA
 0002:000001f0 00000004H .CRT$XPZ                DATA
 0002:000001f4 00000004H .CRT$XTA                DATA
 0002:000001f8 00000004H .CRT$XTZ                DATA
 0002:00000200 0000ea20H .rdata                  DATA
 0002:0000ec20 000000bcH .rdata$debug            DATA
 0002:0000ece0 0000000cH .rdata$sxdata           DATA
 0002:0000ecec 00000004H .rtc$IAA                DATA
 0002:0000ecf0 00000004H .rtc$IZZ                DATA
 0002:0000ecf4 00000004H .rtc$TAA                DATA
 0002:0000ecf8 00000004H .rtc$TZZ                DATA
 0002:0000ed00 00000644H .xdata$x                DATA
 0002:0000f344 00000000H .edata                  DATA
 0002:0000f344 00000050H .idata$2                DATA
 0002:0000f394 00000014H .idata$3                DATA
 0002:0000f3a8 000001b8H .idata$4                DATA
 0002:0000f560 000007aaH .idata$6                DATA
 0003:00000000 000015f8H .data                   DATA
 0003:00001600 00001fdcH .bss                    DATA
 0004:00000000 00000058H .rsrc$01                DATA
 0004:00000060 00000180H .rsrc$02                DATA

  Address         Publics by Value              Rva+Base       Lib:Object

 0000:00000000       __except_list              00000000     <absolute>
 0000:00000000       ___guard_fids_table        00000000     <absolute>
 0000:00000000       ___guard_fids_count        00000000     <absolute>
 0000:00000000       ___guard_flags             00000000     <absolute>
 0000:00000003       ___safe_se_handler_count   00000003     <absolute>
 0000:00000000       ___ImageBase               00400000     <linker-defined>
 0001:00000000       _BuildPopupMenu            00401000 f   basics.obj
 0001:00000090       _SelectFromMenu            00401090 f   basics.obj
 0001:00000150       _animation                 00401150 f   basics.obj
 0001:00000160       _bgimage                   00401160 f   basics.obj
 0001:000001c0       _display                   004011c0 f   basics.obj
 0001:000002c0       _drawCircle                004012c0 f   basics.obj
 0001:00000360       _drawLine                  00401360 f   basics.obj
 0001:000003a0       _drawSquare                004013a0 f   basics.obj
 0001:00000430       _flipImag                  00401430 f   basics.obj
 0001:000004d0       _getImageColor             004014d0 f   basics.obj
 0001:00000580       _init                      00401580 f   basics.obj
 0001:00000610       _loadPNG                   00401610 f   basics.obj
 0001:00000640       _main                      00401640 f   basics.obj
 0001:000006c0       _myMouse                   004016c0 f   basics.obj
 0001:00000710       _renderStickMan            00401710 f   basics.obj
 0001:000084b0       _stbi_convert_iphone_png_to_rgb 004094b0 f   stb_image.obj
 0001:00008570       _stbi_failure_reason       00409570 f   stb_image.obj
 0001:00009190       _stbi_hdr_to_ldr_gamma     0040a190 f   stb_image.obj
 0001:000091b0       _stbi_hdr_to_ldr_scale     0040a1b0 f   stb_image.obj
 0001:000091d0       _stbi_image_free           0040a1d0 f   stb_image.obj
 0001:000091e0       _stbi_info                 0040a1e0 f   stb_image.obj
 0001:00009230       _stbi_info_from_callbacks  0040a230 f   stb_image.obj
 0001:00009290       _stbi_info_from_file       0040a290 f   stb_image.obj
 0001:00009310       _stbi_info_from_memory     0040a310 f   stb_image.obj
 0001:00009430       _stbi_is_hdr               0040a430 f   stb_image.obj
 0001:00009470       _stbi_is_hdr_from_callbacks 0040a470 f   stb_image.obj
 0001:000094c0       _stbi_is_hdr_from_file     0040a4c0 f   stb_image.obj
 0001:00009500       _stbi_is_hdr_from_memory   0040a500 f   stb_image.obj
 0001:000096a0       _stbi_ldr_to_hdr_gamma     0040a6a0 f   stb_image.obj
 0001:000096c0       _stbi_ldr_to_hdr_scale     0040a6c0 f   stb_image.obj
 0001:000096e0       _stbi_load                 0040a6e0 f   stb_image.obj
 0001:00009740       _stbi_load_from_callbacks  0040a740 f   stb_image.obj
 0001:000097b0       _stbi_load_from_file       0040a7b0 f   stb_image.obj
 0001:00009810       _stbi_load_from_memory     0040a810 f   stb_image.obj
 0001:000099f0       _stbi_loadf                0040a9f0 f   stb_image.obj
 0001:00009a40       _stbi_loadf_from_callbacks 0040aa40 f   stb_image.obj
 0001:00009ab0       _stbi_loadf_from_file      0040aab0 f   stb_image.obj
 0001:00009b10       _stbi_loadf_from_memory    0040ab10 f   stb_image.obj
 0001:00009b80       _stbi_loadf_main           0040ab80 f   stb_image.obj
 0001:0000a420       _stbi_set_unpremultiply_on_load 0040b420 f   stb_image.obj
 0001:0000a470       _stbi_zlib_decode_buffer   0040b470 f   stb_image.obj
 0001:0000a4e0       _stbi_zlib_decode_malloc   0040b4e0 f   stb_image.obj
 0001:0000a500       _stbi_zlib_decode_malloc_guesssize 0040b500 f   stb_image.obj
 0001:0000a5b0       _stbi_zlib_decode_malloc_guesssize_headerflag 0040b5b0 f   stb_image.obj
 0001:0000a660       _stbi_zlib_decode_noheader_buffer 0040b660 f   stb_image.obj
 0001:0000a6d0       _stbi_zlib_decode_noheader_malloc 0040b6d0 f   stb_image.obj
 0001:0000b4e4       _glBegin@4                 0040c4e4 f   opengl32:OPENGL32.dll
 0001:0000b4ea       _glClear@4                 0040c4ea f   opengl32:OPENGL32.dll
 0001:0000b4f0       _glClearColor@16           0040c4f0 f   opengl32:OPENGL32.dll
 0001:0000b4f6       _glColor3f@12              0040c4f6 f   opengl32:OPENGL32.dll
 0001:0000b4fc       _glDrawPixels@20           0040c4fc f   opengl32:OPENGL32.dll
 0001:0000b502       _glEnd@0                   0040c502 f   opengl32:OPENGL32.dll
 0001:0000b508       _glFlush@0                 0040c508 f   opengl32:OPENGL32.dll
 0001:0000b50e       _glLoadIdentity@0          0040c50e f   opengl32:OPENGL32.dll
 0001:0000b514       _glMatrixMode@4            0040c514 f   opengl32:OPENGL32.dll
 0001:0000b51a       _glRasterPos2i@8           0040c51a f   opengl32:OPENGL32.dll
 0001:0000b520       _glVertex2f@8              0040c520 f   opengl32:OPENGL32.dll
 0001:0000b526       _glViewport@16             0040c526 f   opengl32:OPENGL32.dll
 0001:0000b52c       _gluOrtho2D@32             0040c52c f   glu32:GLU32.dll
 0001:0000b532       ___glutInitWithExit@12     0040c532 f   glut32:glut32.dll
 0001:0000b538       _glutInitDisplayMode@4     0040c538 f   glut32:glut32.dll
 0001:0000b53e       _glutInitWindowPosition@8  0040c53e f   glut32:glut32.dll
 0001:0000b544       _glutInitWindowSize@8      0040c544 f   glut32:glut32.dll
 0001:0000b54a       _glutMainLoop@0            0040c54a f   glut32:glut32.dll
 0001:0000b550       ___glutCreateWindowWithExit@8 0040c550 f   glut32:glut32.dll
 0001:0000b556       _glutPostRedisplay@0       0040c556 f   glut32:glut32.dll
 0001:0000b55c       ___glutCreateMenuWithExit@8 0040c55c f   glut32:glut32.dll
 0001:0000b562       _glutAddMenuEntry@8        0040c562 f   glut32:glut32.dll
 0001:0000b568       _glutAddSubMenu@8          0040c568 f   glut32:glut32.dll
 0001:0000b56e       _glutAttachMenu@4          0040c56e f   glut32:glut32.dll
 0001:0000b574       _glutDisplayFunc@4         0040c574 f   glut32:glut32.dll
 0001:0000b57a       _glutMouseFunc@4           0040c57a f   glut32:glut32.dll
 0001:0000b580       _glutIdleFunc@4            0040c580 f   glut32:glut32.dll
 0001:0000b586       ___copy_path_to_wide_string 0040c586 f   LIBCMT:crt0dat.obj
 0001:0000b638       ___copy_to_char            0040c638 f   LIBCMT:crt0dat.obj
 0001:0000b6ed       ___crtCorExitProcess       0040c6ed f   LIBCMT:crt0dat.obj
 0001:0000b721       ___crtExitProcess          0040c721 f   LIBCMT:crt0dat.obj
 0001:0000b737       ___freeCrtMemory           0040c737 f   LIBCMT:crt0dat.obj
 0001:0000b844       __amsg_exit                0040c844 f   LIBCMT:crt0dat.obj
 0001:0000b860       __c_exit                   0040c860 f   LIBCMT:crt0dat.obj
 0001:0000b86f       __cexit                    0040c86f f   LIBCMT:crt0dat.obj
 0001:0000b87e       __cinit                    0040c87e f   LIBCMT:crt0dat.obj
 0001:0000b902       __exit                     0040c902 f   LIBCMT:crt0dat.obj
 0001:0000b916       __exit_app                 0040c916 f   LIBCMT:crt0dat.obj
 0001:0000b924       __get_pgmptr               0040c924 f   LIBCMT:crt0dat.obj
 0001:0000b953       __get_wpgmptr              0040c953 f   LIBCMT:crt0dat.obj
 0001:0000b982       __init_pointers            0040c982 f   LIBCMT:crt0dat.obj
 0001:0000b9f0       __initterm_e               0040c9f0 f   LIBCMT:crt0dat.obj
 0001:0000ba12       __lockexit                 0040ca12 f   LIBCMT:crt0dat.obj
 0001:0000ba1b       __unlockexit               0040ca1b f   LIBCMT:crt0dat.obj
 0001:0000bb53       _exit                      0040cb53 f   LIBCMT:crt0dat.obj
 0001:0000bb67       __get_printf_count_output  0040cb67 f   LIBCMT:printf.obj
 0001:0000bb7c       __printf_l                 0040cb7c f   LIBCMT:printf.obj
 0001:0000bb93       __printf_p                 0040cb93 f   LIBCMT:printf.obj
 0001:0000bba9       __printf_p_l               0040cba9 f   LIBCMT:printf.obj
 0001:0000bbc0       __printf_s_l               0040cbc0 f   LIBCMT:printf.obj
 0001:0000bbd7       __set_printf_count_output  0040cbd7 f   LIBCMT:printf.obj
 0001:0000bbff       _printf                    0040cbff f   LIBCMT:printf.obj
 0001:0000bcae       _printf_s                  0040ccae f   LIBCMT:printf.obj
 0001:0000bcd0       __libm_sse2_cos_precise    0040ccd0 f   LIBCMT:cos_sse2_precise.obj
 0001:0000be90       __libm_sse2_sin_precise    0040ce90 f   LIBCMT:sin_sse2_precise.obj
 0001:0000c058       __fpmath                   0040d058 f   LIBCMT:fpinit.obj
 0001:0000c06f       ___setfflag                0040d06f f   LIBCMT:fpinit.obj
 0001:0000c082       __cfltcvt_init             0040d082 f   LIBCMT:fpinit.obj
 0001:0000c0e2       __fclose_nolock            0040d0e2 f   LIBCMT:fclose.obj
 0001:0000c14e       _fclose                    0040d14e f   LIBCMT:fclose.obj
 0001:0000c1c5       _feof                      0040d1c5 f   LIBCMT:feoferr.obj
 0001:0000c1eb       _ferror                    0040d1eb f   LIBCMT:feoferr.obj
 0001:0000c211       __fsopen                   0040d211 f   LIBCMT:fopen.obj
 0001:0000c2d5       _fopen                     0040d2d5 f   LIBCMT:fopen.obj
 0001:0000c2ea       _fopen_s                   0040d2ea f   LIBCMT:fopen.obj
 0001:0000c32f       __fread_nolock             0040d32f f   LIBCMT:fread.obj
 0001:0000c34a       __fread_nolock_s           0040d34a f   LIBCMT:fread.obj
 0001:0000c50f       _fread                     0040d50f f   LIBCMT:fread.obj
 0001:0000c52a       _fread_s                   0040d52a f   LIBCMT:fread.obj
 0001:0000c5bb       __fseek_nolock             0040d5bb f   LIBCMT:fseek.obj
 0001:0000c64a       _fseek                     0040d64a f   LIBCMT:fseek.obj
 0001:0000c6cd       __ftell_nolock             0040d6cd f   LIBCMT:ftell.obj
 0001:0000ca5d       _ftell                     0040da5d f   LIBCMT:ftell.obj
 0001:0000cac9       _ldexp                     0040dac9 f   LIBCMT:ldexp.obj
 0001:0000ccc0       _strncmp                   0040dcc0 f   LIBCMT:strncmp.obj
 0001:0000cd38       ??0_LocaleUpdate@@QAE@PAUlocaleinfo_struct@@@Z 0040dd38 f i LIBCMT:strtol.obj
 0001:0000cdc0       ??1_LocaleUpdate@@QAE@XZ   0040ddc0 f i LIBCMT:strtol.obj
 0001:0000cdce       ?GetLocaleT@_LocaleUpdate@@QAEPAUlocaleinfo_struct@@XZ 0040ddce f i LIBCMT:strtol.obj
 0001:0000cff7       __strtol_l                 0040dff7 f   LIBCMT:strtol.obj
 0001:0000d012       __strtoul_l                0040e012 f   LIBCMT:strtol.obj
 0001:0000d02d       _strtol                    0040e02d f   LIBCMT:strtol.obj
 0001:0000d057       _strtoul                   0040e057 f   LIBCMT:strtol.obj
 0001:0000d081       _free                      0040e081 f   LIBCMT:free.obj
 0001:0000d0b9       __heap_alloc               0040e0b9 f i LIBCMT:malloc.obj
 0001:0000d0f6       _malloc                    0040e0f6 f   LIBCMT:malloc.obj
 0001:0000d188       _realloc                   0040e188 f   LIBCMT:realloc.obj
 0001:0000d233       @__security_check_cookie@4 0040e233 f   LIBCMT:secchk.obj
 0001:0000d250       __chkstk                   0040e250 f   LIBCMT:chkstk.obj
 0001:0000d250       __alloca_probe             0040e250 f   LIBCMT:chkstk.obj
 0001:0000d280       __libm_sse2_pow_precise    0040e280 f   LIBCMT:pow_sse2_precise.obj
 0001:0000ddf0       _memcpy                    0040edf0 f   LIBCMT:memcpy.obj
 0001:0000e440       _memset                    0040f440 f   LIBCMT:memset.obj
 0001:0000e691       _mainCRTStartup            0040f691 f   LIBCMT:crt0.obj
 0001:0000e69b       ?_invalid_parameter@@YAXPBG00II@Z 0040f69b f   LIBCMT:invarg.obj
 0001:0000e6a0       ?_invoke_watson@@YAXPBG00II@Z 0040f6a0 f   LIBCMT:invarg.obj
 0001:0000e6b8       __call_reportfault         0040f6b8 f   LIBCMT:invarg.obj
 0001:0000e7dd       __get_invalid_parameter_handler 0040f7dd f   LIBCMT:invarg.obj
 0001:0000e7ea       __initp_misc_invarg        0040f7ea f   LIBCMT:invarg.obj
 0001:0000e7f7       __invalid_parameter        0040f7f7 f   LIBCMT:invarg.obj
 0001:0000e822       __invalid_parameter_noinfo 0040f822 f   LIBCMT:invarg.obj
 0001:0000e832       __invalid_parameter_noinfo_noreturn 0040f832 f   LIBCMT:invarg.obj
 0001:0000e84d       __invoke_watson            0040f84d f   LIBCMT:invarg.obj
 0001:0000e878       __set_invalid_parameter_handler 0040f878 f   LIBCMT:invarg.obj
 0001:0000e89d       __RTC_Initialize           0040f89d f   LIBCMT:initsect.obj
 0001:0000e8bd       __RTC_Terminate            0040f8bd f   LIBCMT:initsect.obj
 0001:0000e8dd       __lock                     0040f8dd f   LIBCMT:mlock.obj
 0001:0000e911       __lockerr_exit             0040f911 f   LIBCMT:mlock.obj
 0001:0000e931       __mtdeletelocks            0040f931 f   LIBCMT:mlock.obj
 0001:0000e985       __mtinitlocknum            0040f985 f   LIBCMT:mlock.obj
 0001:0000ea2e       __mtinitlocks              0040fa2e f   LIBCMT:mlock.obj
 0001:0000ea67       __unlock                   0040fa67 f   LIBCMT:mlock.obj
 0001:0000eaa9       ___crtCloseThreadpoolTimer 0040faa9 f   LIBCMT:winapisupp.obj
 0001:0000eac0       ___crtCloseThreadpoolWait  0040fac0 f   LIBCMT:winapisupp.obj
 0001:0000ead7       ___crtCreateEventExW       0040fad7 f   LIBCMT:winapisupp.obj
 0001:0000eb12       ___crtCreateSemaphoreExW   0040fb12 f   LIBCMT:winapisupp.obj
 0001:0000eb4c       ___crtCreateSymbolicLinkW  0040fb4c f   LIBCMT:winapisupp.obj
 0001:0000eb75       ___crtCreateThreadpoolTimer 0040fb75 f   LIBCMT:winapisupp.obj
 0001:0000eb96       ___crtCreateThreadpoolWait 0040fb96 f   LIBCMT:winapisupp.obj
 0001:0000ebb7       ___crtFlsAlloc             0040fbb7 f   LIBCMT:winapisupp.obj
 0001:0000ebd5       ___crtFlsFree              0040fbd5 f   LIBCMT:winapisupp.obj
 0001:0000ebf4       ___crtFlsGetValue          0040fbf4 f   LIBCMT:winapisupp.obj
 0001:0000ec13       ___crtFlsSetValue          0040fc13 f   LIBCMT:winapisupp.obj
 0001:0000ec35       ___crtFlushProcessWriteBuffers 0040fc35 f   LIBCMT:winapisupp.obj
 0001:0000ec45       ___crtFreeLibraryWhenCallbackReturns 0040fc45 f   LIBCMT:winapisupp.obj
 0001:0000ec5f       ___crtGetCurrentProcessorNumber 0040fc5f f   LIBCMT:winapisupp.obj
 0001:0000ec71       ___crtGetFileInformationByHandleEx 0040fc71 f   LIBCMT:winapisupp.obj
 0001:0000ec9d       ___crtGetLogicalProcessorInformation 0040fc9d f   LIBCMT:winapisupp.obj
 0001:0000ecc3       ___crtGetShowWindowMode    0040fcc3 f   LIBCMT:winapisupp.obj
 0001:0000ece6       ___crtGetTickCount64       0040fce6 f   LIBCMT:winapisupp.obj
 0001:0000ecfe       ___crtInitializeCriticalSectionEx 0040fcfe f   LIBCMT:winapisupp.obj
 0001:0000ed2c       ___crtIsPackagedApp        0040fd2c f   LIBCMT:winapisupp.obj
 0001:0000ed6c       ___crtLoadWinApiPointers   0040fd6c f   LIBCMT:winapisupp.obj
 0001:0000eff7       ___crtSetFileInformationByHandle 0040fff7 f   LIBCMT:winapisupp.obj
 0001:0000f023       ___crtSetThreadStackGuarantee 00410023 f   LIBCMT:winapisupp.obj
 0001:0000f03e       ___crtSetThreadpoolTimer   0041003e f   LIBCMT:winapisupp.obj
 0001:0000f05e       ___crtSetThreadpoolWait    0041005e f   LIBCMT:winapisupp.obj
 0001:0000f07b       ___crtSetUnhandledExceptionFilter 0041007b f   LIBCMT:winapisupp.obj
 0001:0000f089       ___crtSleep                00410089 f   LIBCMT:winapisupp.obj
 0001:0000f097       ___crtTerminateProcess     00410097 f   LIBCMT:winapisupp.obj
 0001:0000f0ac       ___crtUnhandledException   004100ac f   LIBCMT:winapisupp.obj
 0001:0000f0c2       ___crtWaitForThreadpoolTimerCallbacks 004100c2 f   LIBCMT:winapisupp.obj
 0001:0000f0dc       __FF_MSGBANNER             004100dc f   LIBCMT:crt0msg.obj
 0001:0000f115       __GET_RTERRMSG             00410115 f   LIBCMT:crt0msg.obj
 0001:0000f139       __NMSG_WRITE               00410139 f   LIBCMT:crt0msg.obj
 0001:0000f2f6       __invoke_watson_if_error   004102f6 f i LIBCMT:crt0msg.obj
 0001:0000f316       ___doserrno                00410316 f   LIBCMT:dosmap.obj
 0001:0000f329       __dosmaperr                00410329 f   LIBCMT:dosmap.obj
 0001:0000f34a       __errno                    0041034a f   LIBCMT:dosmap.obj
 0001:0000f35d       __get_doserrno             0041035d f   LIBCMT:dosmap.obj
 0001:0000f380       __get_errno                00410380 f   LIBCMT:dosmap.obj
 0001:0000f3a3       __get_errno_from_oserr     004103a3 f   LIBCMT:dosmap.obj
 0001:0000f3e4       __set_doserrno             004103e4 f   LIBCMT:dosmap.obj
 0001:0000f403       __set_errno                00410403 f   LIBCMT:dosmap.obj
 0001:0000f430       __FindPESection            00410430 f   LIBCMT:pesect.obj
 0001:0000f480       __IsNonwritableInCurrentImage 00410480 f   LIBCMT:pesect.obj
 0001:0000f540       __ValidateImageBase        00410540 f   LIBCMT:pesect.obj
 0001:0000f571       ___onexitinit              00410571 f   LIBCMT:onexit.obj
 0001:0000f5a0       __onexit                   004105a0 f   LIBCMT:onexit.obj
 0001:0000f69c       _atexit                    0041069c f   LIBCMT:onexit.obj
 0001:0000f6b1       __calloc_crt               004106b1 f   LIBCMT:crtheap.obj
 0001:0000f6f9       __malloc_crt               004106f9 f   LIBCMT:crtheap.obj
 0001:0000f740       __realloc_crt              00410740 f   LIBCMT:crtheap.obj
 0001:0000f78a       __recalloc_crt             0041078a f   LIBCMT:crtheap.obj
 0001:0000f7d8       __set_malloc_crt_max_wait  004107d8 f   LIBCMT:crtheap.obj
 0001:0000f7eb       _wait_a_bit                004107eb f i LIBCMT:crtheap.obj
 0001:0000f80f       __initp_misc_cfltcvt_tab   0041080f f   LIBCMT:cmiscdat.obj
 0001:0000f82e       ?_inconsistency@@YAXXZ     0041082e f   LIBCMT:hooks.obj
 0001:0000f866       ?terminate@@YAXXZ          00410866 f   LIBCMT:hooks.obj
 0001:0000f89a       ?unexpected@@YAXXZ         0041089a f   LIBCMT:hooks.obj
 0001:0000f8ad       __initp_eh_hooks           004108ad f   LIBCMT:hooks.obj
 0001:0000f8be       ?_query_new_handler@@YAP6AHI@ZXZ 004108be f   LIBCMT:handler.obj
 0001:0000f8cb       ?_set_new_handler@@YAP6AHI@ZH@Z 004108cb f   LIBCMT:handler.obj
 0001:0000f8d4       ?_set_new_handler@@YAP6AHI@ZP6AHI@Z@Z 004108d4 f   LIBCMT:handler.obj
 0001:0000f909       __callnewh                 00410909 f   LIBCMT:handler.obj
 0001:0000f92f       __initp_heap_handler       0041092f f   LIBCMT:handler.obj
 0001:0000f93c       ___getlocaleinfo           0041093c f   LIBCMT:inithelp.obj
 0001:0000fb15       __initp_misc_purevirt      00410b15 f   LIBCMT:inithelp.obj
 0001:0000fb22       ___fpecode                 00410b22 f   LIBCMT:winsig.obj
 0001:0000fb2b       ___get_sigabrt             00410b2b f   LIBCMT:winsig.obj
 0001:0000fb38       ___pxcptinfoptrs           00410b38 f   LIBCMT:winsig.obj
 0001:0000fb41       __initp_misc_winsig        00410b41 f   LIBCMT:winsig.obj
 0001:0000fc02       _raise                     00410c02 f   LIBCMT:winsig.obj
 0001:0000fdf7       _signal                    00410df7 f   LIBCMT:winsig.obj
 0001:0001004e       __initp_misc_rand_s        0041104e f   LIBCMT:rand_s.obj
 0001:0001005b       _rand_s                    0041105b f   LIBCMT:rand_s.obj
 0001:00010170       __SEH_prolog4              00411170 f   LIBCMT:sehprolg4.obj
 0001:000101b5       __SEH_epilog4              004111b5 f   LIBCMT:sehprolg4.obj
 0001:00010210       __except_handler4          00411210 f   LIBCMT:chandler4.obj
 0001:000103a4       ___initmbctable            004113a4 f   LIBCMT:mbctype.obj
 0001:0001065b       ___updatetmbcinfo          0041165b f   LIBCMT:mbctype.obj
 0001:00010701       __getmbcp                  00411701 f   LIBCMT:mbctype.obj
 0001:00010732       __setmbcp                  00411732 f   LIBCMT:mbctype.obj
 0001:000108da       __setmbcp_nolock           004118da f   LIBCMT:mbctype.obj
 0001:00010ac5       __ftbuf                    00411ac5 f   LIBCMT:_sftbuf.obj
 0001:00010af6       __stbuf                    00411af6 f   LIBCMT:_sftbuf.obj
 0001:00010b9c       ___initstdio               00411b9c f   LIBCMT:_file.obj
 0001:00010c0f       ___endstdio                00411c0f f   LIBCMT:_file.obj
 0001:00010c36       ___iob_func                00411c36 f   LIBCMT:_file.obj
 0001:00010c3c       __lock_file                00411c3c f   LIBCMT:_file.obj
 0001:00010c7b       __lock_file2               00411c7b f   LIBCMT:_file.obj
 0001:00010cab       __unlock_file              00411cab f   LIBCMT:_file.obj
 0001:00010ce5       __unlock_file2             00411ce5 f   LIBCMT:_file.obj
 0001:00010d12       __vprintf_l                00411d12 f   LIBCMT:vprintf.obj
 0001:00010d2d       __vprintf_p                00411d2d f   LIBCMT:vprintf.obj
 0001:00010d47       __vprintf_p_l              00411d47 f   LIBCMT:vprintf.obj
 0001:00010d62       __vprintf_s_l              00411d62 f   LIBCMT:vprintf.obj
 0001:00010d7d       _vprintf                   00411d7d f   LIBCMT:vprintf.obj
 0001:00010d97       _vprintf_helper            00411d97 f   LIBCMT:vprintf.obj
 0001:00010e24       _vprintf_s                 00411e24 f   LIBCMT:vprintf.obj
 0001:00010e3e       __output_l                 00411e3e f   LIBCMT:output.obj
 0001:000119be       _get_int64_arg             004129be f i LIBCMT:output.obj
 0001:000119d1       _get_int_arg               004129d1 f i LIBCMT:output.obj
 0001:000119e1       _get_short_arg             004129e1 f i LIBCMT:output.obj
 0001:00011ae0       _cos                       00412ae0 f   LIBCMT:cos.obj
 0001:00011b20       __CIcos                    00412b20 f   LIBCMT:cos.obj
 0001:00011b5b       __CIcos_default            00412b5b f   LIBCMT:cos.obj
 0001:00011b6f       __cos_default              00412b6f     LIBCMT:cos.obj
 0001:00011c10       _sin                       00412c10 f   LIBCMT:sin.obj
 0001:00011c50       __CIsin                    00412c50 f   LIBCMT:sin.obj
 0001:00011c8b       __CIsin_default            00412c8b f   LIBCMT:sin.obj
 0001:00011c9f       __sin_default              00412c9f     LIBCMT:sin.obj
 0001:00011d39       ?strrchr@@YAPADPADH@Z      00412d39 f i LIBCMT:cvt.obj
 0001:00011d42       __cfltcvt                  00412d42 f   LIBCMT:cvt.obj
 0001:00011d63       __cfltcvt_l                00412d63 f   LIBCMT:cvt.obj
 0001:00011de9       __cftoa                    00412de9 f   LIBCMT:cvt.obj
 0001:00011e07       __cftoa_l                  00412e07 f   LIBCMT:cvt.obj
 0001:00012163       __cftoe                    00413163 f   LIBCMT:cvt.obj
 0001:000122d2       __cftoe_l                  004132d2 f   LIBCMT:cvt.obj
 0001:000123a0       __cftof                    004133a0 f   LIBCMT:cvt.obj
 0001:000124a7       __cftof_l                  004134a7 f   LIBCMT:cvt.obj
 0001:00012568       __cftog                    00413568 f   LIBCMT:cvt.obj
 0001:00012586       __cftog_l                  00413586 f   LIBCMT:cvt.obj
 0001:00012685       __cropzeros                00413685 f   LIBCMT:cvt.obj
 0001:00012696       __cropzeros_l              00413696 f   LIBCMT:cvt.obj
 0001:00012716       __fassign                  00413716 f   LIBCMT:cvt.obj
 0001:0001272e       __fassign_l                0041372e f   LIBCMT:cvt.obj
 0001:00012770       __forcdecpt                00413770 f   LIBCMT:cvt.obj
 0001:00012781       __forcdecpt_l              00413781 f   LIBCMT:cvt.obj
 0001:000127f5       __positive                 004137f5 f   LIBCMT:cvt.obj
 0001:00012837       __setdefaultprecision      00413837 f   LIBCMT:fp8.obj
 0001:0001285e       __fileno                   0041385e f   LIBCMT:fileno.obj
 0001:00012882       __close                    00413882 f   LIBCMT:close.obj
 0001:0001295d       __close_nolock             0041395d f   LIBCMT:close.obj
 0001:000129f7       __freebuf                  004139f7 f   LIBCMT:_freebuf.obj
 0001:00012a27       __fflush_nolock            00413a27 f   LIBCMT:fflush.obj
 0001:00012a6d       __flush                    00413a6d f   LIBCMT:fflush.obj
 0001:00012ad1       __flushall                 00413ad1 f   LIBCMT:fflush.obj
 0001:00012ada       _fflush                    00413ada f   LIBCMT:fflush.obj
 0001:00012c17       __getstream                00413c17 f   LIBCMT:stream.obj
 0001:00012d36       __openfile                 00413d36 f   LIBCMT:_open.obj
 0001:00012fb0       __local_unwind4            00413fb0 f   LIBCMT:exsup4.obj
 0001:00013086       __seh_longjmp_unwind4@4    00414086 f   LIBCMT:exsup4.obj
 0001:000130a2       @_EH4_CallFilterFunc@8     004140a2 f   LIBCMT:exsup4.obj
 0001:000130b9       @_EH4_TransferToHandler@8  004140b9 f   LIBCMT:exsup4.obj
 0001:000130d2       @_EH4_GlobalUnwind2@8      004140d2 f   LIBCMT:exsup4.obj
 0001:000130eb       @_EH4_LocalUnwind@16       004140eb f   LIBCMT:exsup4.obj
 0001:00013102       __filbuf                   00414102 f   LIBCMT:_filbuf.obj
 0001:00013223       _memcpy_s                  00414223 f   LIBCMT:memcpy_s.obj
 0001:000132a2       __read                     004142a2 f   LIBCMT:read.obj
 0001:000133b6       __read_nolock              004143b6 f   LIBCMT:read.obj
 0001:00013b47       __lseek                    00414b47 f   LIBCMT:lseek.obj
 0001:00013c36       __lseek_nolock             00414c36 f   LIBCMT:lseek.obj
 0001:00013cdd       __lseeki64                 00414cdd f   LIBCMT:lseeki64.obj
 0001:00013dd9       __lseeki64_nolock          00414dd9 f   LIBCMT:lseeki64.obj
 0001:00013e4c       __ioinit                   00414e4c f   LIBCMT:ioinit.obj
 0001:00014100       __ioterm                   00415100 f   LIBCMT:ioinit.obj
 0001:00014152       __chgsign                  00415152 f   LIBCMT:ieeemisc.obj
 0001:0001417f       __chgsignf                 0041517f f   LIBCMT:ieeemisc.obj
 0001:000141a0       __copysign                 004151a0 f   LIBCMT:ieeemisc.obj
 0001:000141c8       __copysignf                004151c8 f   LIBCMT:ieeemisc.obj
 0001:000141e4       __finite                   004151e4 f   LIBCMT:ieeemisc.obj
 0001:000141fc       __fpclass                  004151fc f   LIBCMT:ieeemisc.obj
 0001:00014298       __isnan                    00415298 f   LIBCMT:ieeemisc.obj
 0001:000142cb       __logb                     004152cb f   LIBCMT:ieeemisc.obj
 0001:000143ac       __nextafter                004153ac f   LIBCMT:ieeemisc.obj
 0001:0001464c       __scalb                    0041564c f   LIBCMT:ieeemisc.obj
 0001:00014664       __add_exp                  00415664 f   LIBCMT:util.obj
 0001:00014693       __decomp                   00415693 f   LIBCMT:util.obj
 0001:00014765       __get_exp                  00415765 f   LIBCMT:util.obj
 0001:0001477e       __set_bexp                 0041577e f   LIBCMT:util.obj
 0001:000147a7       __set_exp                  004157a7 f   LIBCMT:util.obj
 0001:000147d6       __sptype                   004157d6 f   LIBCMT:util.obj
 0001:00014831       __errcode                  00415831 f   LIBCMT:fpexcept.obj
 0001:00014863       __except1                  00415863 f   LIBCMT:fpexcept.obj
 0001:0001492b       __except2                  0041592b f   LIBCMT:fpexcept.obj
 0001:00014a2b       __handle_exc               00415a2b f   LIBCMT:fpexcept.obj
 0001:00014c09       __handle_qnan1             00415c09 f   LIBCMT:fpexcept.obj
 0001:00014c59       __handle_qnan2             00415c59 f   LIBCMT:fpexcept.obj
 0001:00014cb9       __raise_exc                00415cb9 f   LIBCMT:fpexcept.obj
 0001:00014cda       __raise_exc_ex             00415cda f   LIBCMT:fpexcept.obj
 0001:00014fbf       __raise_excf               00415fbf f   LIBCMT:fpexcept.obj
 0001:00014fe0       __set_errno_from_matherr   00415fe0 f   LIBCMT:fpexcept.obj
 0001:0001500d       __umatherr                 0041600d f   LIBCMT:fpexcept.obj
 0001:000150ad       ___clrfp_sse2              004160ad f   LIBCMT:fpctrl.obj
 0001:000150ce       ___ctrlfp_sse2             004160ce f   LIBCMT:fpctrl.obj
 0001:00015107       ___fclrf_sse2              00416107 f   LIBCMT:fpctrl.obj
 0001:00015124       ___get_fpsr_sse2           00416124 f   LIBCMT:fpctrl.obj
 0001:00015140       ___set_fpsr_sse2           00416140 f   LIBCMT:fpctrl.obj
 0001:000151b6       ___set_statfp_sse2         004161b6 f   LIBCMT:fpctrl.obj
 0001:000151cf       ___statfp_sse2             004161cf f   LIBCMT:fpctrl.obj
 0001:000151e4       __clrfp                    004161e4 f   LIBCMT:fpctrl.obj
 0001:000151f5       __ctrlfp                   004161f5 f   LIBCMT:fpctrl.obj
 0001:00015220       __set_statfp               00416220 f   LIBCMT:fpctrl.obj
 0001:00015278       __statfp                   00416278 f   LIBCMT:fpctrl.obj
 0001:00015288       ___addlocaleref            00416288 f   LIBCMT:localref.obj
 0001:0001531d       ___freetlocinfo            0041631d f   LIBCMT:localref.obj
 0001:00015477       ___removelocaleref         00416477 f   LIBCMT:localref.obj
 0001:00015517       ___updatetlocinfo          00416517 f   LIBCMT:localref.obj
 0001:00015597       __updatetlocinfoEx_nolock  00416597 f   LIBCMT:localref.obj
 0001:000155e2       __isctype                  004165e2 f   LIBCMT:isctype.obj
 0001:00015611       __isctype_l                00416611 f   LIBCMT:isctype.obj
 0001:000156c2       ___get_flsindex            004166c2 f   LIBCMT:tidtable.obj
 0001:000156c8       ___threadhandle            004166c8 f   LIBCMT:tidtable.obj
 0001:000156ce       ___threadid                004166ce f   LIBCMT:tidtable.obj
 0001:000156d4       __freefls@4                004166d4 f   LIBCMT:tidtable.obj
 0001:00015809       __freeptd                  00416809 f   LIBCMT:tidtable.obj
 0001:0001583f       __getptd                   0041683f f   LIBCMT:tidtable.obj
 0001:00015857       __getptd_noexit            00416857 f   LIBCMT:tidtable.obj
 0001:000158c6       __initptd                  004168c6 f   LIBCMT:tidtable.obj
 0001:00015979       __mtinit                   00416979 f   LIBCMT:tidtable.obj
 0001:000159ef       __mtterm                   004169ef f   LIBCMT:tidtable.obj
 0001:00015a0c       ___init_dummy              00416a0c f   LIBCMT:wsetloca.obj
 0001:00015a0f       __locterm                  00416a0f f   LIBCMT:wsetloca.obj
 0001:00015a61       ____setlc_active_func      00416a61 f   LIBCMT:wsetloca.obj
 0001:00015a67       ____unguarded_readlc_active_add_func 00416a67 f   LIBCMT:wsetloca.obj
 0001:00015a6d       ___copy_locale_name        00416a6d f   LIBCMT:wsetloca.obj
 0001:00015ad1       ___create_locale           00416ad1 f   LIBCMT:wsetloca.obj
 0001:00015ada       ___free_locale             00416ada f   LIBCMT:wsetloca.obj
 0001:00015adf       ___get_current_locale      00416adf f   LIBCMT:wsetloca.obj
 0001:00015ae4       ___lc_lctowcs              00416ae4 f   LIBCMT:wsetloca.obj
 0001:00015b52       ___lc_wcstolc              00416b52 f   LIBCMT:wsetloca.obj
 0001:00015c7e       __configthreadlocale       00416c7e f   LIBCMT:wsetloca.obj
 0001:00015d04       __create_locale            00416d04 f   LIBCMT:wsetloca.obj
 0001:00015d66       __expandlocale             00416d66 f   LIBCMT:wsetloca.obj
 0001:0001605d       __free_locale              0041705d f   LIBCMT:wsetloca.obj
 0001:00016114       __get_current_locale       00417114 f   LIBCMT:wsetloca.obj
 0001:000161c3       __wcreate_locale           004171c3 f   LIBCMT:wsetloca.obj
 0001:0001629a       __wcscats                  0041729a f   LIBCMT:wsetloca.obj
 0001:000162d9       __wsetlocale               004172d9 f   LIBCMT:wsetloca.obj
 0001:00016c1b       __get_heap_handle          00417c1b f   LIBCMT:heapinit.obj
 0001:00016c21       __heap_init                00417c21 f   LIBCMT:heapinit.obj
 0001:00016c36       __heap_term                00417c36 f   LIBCMT:heapinit.obj
 0001:00016c3e       ___raise_securityfailure   00417c3e f   LIBCMT:gs_report.obj
 0001:00016c7b       ___report_gsfailure        00417c7b f   LIBCMT:gs_report.obj
 0001:00016d76       ___report_rangecheckfailure 00417d76 f   LIBCMT:gs_report.obj
 0001:00016d82       ___report_securityfailure  00417d82 f   LIBCMT:gs_report.obj
 0001:00016e52       ___report_securityfailureEx 00417e52 f   LIBCMT:gs_report.obj
 0001:00016f68       ___libm_error_support      00417f68 f   LIBCMT:libm_error.obj
 0001:00017250       ___libm_setusermatherr     00418250 f   LIBCMT:libm_error.obj
 0001:00017280       _pow                       00418280 f   LIBCMT:pow.obj
 0001:000172c0       __CIpow                    004182c0 f   LIBCMT:pow.obj
 0001:000172fb       __CIpow_default            004182fb f   LIBCMT:pow.obj
 0001:00017314       __pow_default              00418314     LIBCMT:pow.obj
 0001:0001750a       ___isa_available_init      0041850a f   LIBCMT:cpu_disp.obj
 0001:00017683       __VEC_memset               00418683 f   LIBCMT:p4_memset.obj
 0001:0001774b       ?__CxxUnhandledExceptionFilter@@YGJPAU_EXCEPTION_POINTERS@@@Z 0041874b f   LIBCMT:unhandld.obj
 0001:0001778c       ___CxxSetUnhandledExceptionFilter 0041878c f   LIBCMT:unhandld.obj
 0001:0001779a       __XcptFilter               0041879a f   LIBCMT:winxfltr.obj
 0001:000178f5       ___CppXcptFilter           004188f5 f   LIBCMT:winxfltr.obj
 0001:00017947       __set_pgmptr               00418947 f i LIBCMT:stdargv.obj
 0001:00017954       __setargv                  00418954 f   LIBCMT:stdargv.obj
 0001:00017b83       __setenvp                  00418b83 f   LIBCMT:stdenvp.obj
 0001:00017c64       ___set_app_type            00418c64 f   LIBCMT:errmode.obj
 0001:00017c71       __set_error_mode           00418c71 f   LIBCMT:errmode.obj
 0001:00017cb1       ___security_init_cookie    00418cb1 f   LIBCMT:gs_support.obj
 0001:00017d4d       ___crtGetEnvironmentStringsA 00418d4d f   LIBCMT:a_env.obj
 0001:00017dda       __crt_debugger_hook        00418dda f   LIBCMT:dbghook.obj
 0001:00017df0       _strlen                    00418df0 f   LIBCMT:strlen.obj
 0001:00017e7b       _wcscat_s                  00418e7b f   LIBCMT:wcscat_s.obj
 0001:00017ee7       _wcscpy_s                  00418ee7 f   LIBCMT:wcscpy_s.obj
 0001:00017f43       _wcslen                    00418f43 f   LIBCMT:wcslen.obj
 0001:00017f5c       _wcsncpy_s                 00418f5c f   LIBCMT:wcsncpy_s.obj
 0001:0001801a       ___crtMessageBoxW          0041901a f   LIBCMT:crtmboxw.obj
 0001:00018200       ___crtMessageBoxWaitThreadW@4 00419200 f   LIBCMT:crtmboxw.obj
 0001:0001821e       __msize                    0041921e f   LIBCMT:msize.obj
 0001:0001824f       __recalloc                 0041924f f   LIBCMT:recalloc.obj
 0001:000182b8       __calloc_impl              004192b8 f   LIBCMT:calloc_impl.obj
 0001:00018332       __fptrap                   00419332 f   LIBCMT:crt0fp.obj
 0001:0001833b       __set_abort_behavior       0041933b f   LIBCMT:abort.obj
 0001:0001835a       _abort                     0041935a f   LIBCMT:abort.obj
 0001:0001839d       _strncpy_s                 0041939d f   LIBCMT:strncpy_s.obj
 0001:00018525       __MallocaIsSizeInRange     00419525 f i LIBCMT:a_loc.obj
 0001:00018536       __MarkAllocaS              00419536 f i LIBCMT:a_loc.obj
 0001:0001854a       ___crtGetLocaleInfoA       0041954a f   LIBCMT:a_loc.obj
 0001:00018584       __freea                    00419584 f i LIBCMT:a_loc.obj
 0001:000185a2       _GetTableIndexFromLcid     004195a2 f   LIBCMT:winapinls.obj
 0001:000185d7       _GetTableIndexFromLocaleName 004195d7 f   LIBCMT:winapinls.obj
 0001:00018625       ___crtCompareStringEx      00419625 f   LIBCMT:winapinls.obj
 0001:00018671       ___crtDownlevelLCIDToLocaleName 00419671 f   LIBCMT:winapinls.obj
 0001:000186ed       ___crtDownlevelLocaleNameToLCID 004196ed f   LIBCMT:winapinls.obj
 0001:0001872b       ___crtEnumSystemLocalesEx  0041972b f   LIBCMT:winapinls.obj
 0001:00018768       ___crtGetDateFormatEx      00419768 f   LIBCMT:winapinls.obj
 0001:000187b1       ___crtGetLocaleInfoEx      004197b1 f   LIBCMT:winapinls.obj
 0001:000187e0       ___crtGetTimeFormatEx      004197e0 f   LIBCMT:winapinls.obj
 0001:00018815       ___crtGetUserDefaultLocaleName 00419815 f   LIBCMT:winapinls.obj
 0001:00018840       ___crtIsValidLocaleName    00419840 f   LIBCMT:winapinls.obj
 0001:0001886b       ___crtLCMapStringEx        0041986b f   LIBCMT:winapinls.obj
 0001:000188b7       ___wcsnicmp_ascii          004198b7 f   LIBCMT:winapinls.obj
 0001:00018b49       ___crtLCMapStringA         00419b49 f   LIBCMT:a_map.obj
 0001:00018c87       ___crtGetStringTypeA       00419c87 f   LIBCMT:a_str.obj
 0001:00018cc7       __isatty                   00419cc7 f   LIBCMT:isatty.obj
 0001:00018d1b       __fcloseall                00419d1b f   LIBCMT:closeall.obj
 0001:00018db8       __output_s_l               00419db8 f   LIBCMT:outputs.obj
 0001:00019a40       __output_p_l               0041aa40 f   LIBCMT:outputp.obj
 0001:0001ad78       __validate_param_reuseA    0041bd78 f   LIBCMT:outputp.obj
 0001:0001aeae       _get_crtdouble_arg         0041beae f i LIBCMT:outputp.obj
 0001:0001afad       ___iswcsym                 0041bfad f i LIBCMT:_wctype.obj
 0001:0001afd1       ___iswcsymf                0041bfd1 f i LIBCMT:_wctype.obj
 0001:0001aff5       __isleadbyte_l             0041bff5 f i LIBCMT:_wctype.obj
 0001:0001b02f       __iswalnum_l               0041c02f f i LIBCMT:_wctype.obj
 0001:0001b043       __iswalpha_l               0041c043 f i LIBCMT:_wctype.obj
 0001:0001b057       __iswblank_l               0041c057 f i LIBCMT:_wctype.obj
 0001:0001b072       __iswcntrl_l               0041c072 f i LIBCMT:_wctype.obj
 0001:0001b083       __iswcsym_l                0041c083 f i LIBCMT:_wctype.obj
 0001:0001b0a7       __iswcsymf_l               0041c0a7 f i LIBCMT:_wctype.obj
 0001:0001b0cb       __iswdigit_l               0041c0cb f i LIBCMT:_wctype.obj
 0001:0001b0dc       __iswgraph_l               0041c0dc f i LIBCMT:_wctype.obj
 0001:0001b0f0       __iswlower_l               0041c0f0 f i LIBCMT:_wctype.obj
 0001:0001b101       __iswprint_l               0041c101 f i LIBCMT:_wctype.obj
 0001:0001b115       __iswpunct_l               0041c115 f i LIBCMT:_wctype.obj
 0001:0001b126       __iswspace_l               0041c126 f i LIBCMT:_wctype.obj
 0001:0001b137       __iswupper_l               0041c137 f i LIBCMT:_wctype.obj
 0001:0001b148       __iswxdigit_l              0041c148 f i LIBCMT:_wctype.obj
 0001:0001b15c       _isleadbyte                0041c15c f i LIBCMT:_wctype.obj
 0001:0001b16d       _iswalnum                  0041c16d f i LIBCMT:_wctype.obj
 0001:0001b181       _iswalpha                  0041c181 f i LIBCMT:_wctype.obj
 0001:0001b195       _iswascii                  0041c195 f i LIBCMT:_wctype.obj
 0001:0001b1a7       _iswblank                  0041c1a7 f i LIBCMT:_wctype.obj
 0001:0001b1c2       _iswcntrl                  0041c1c2 f i LIBCMT:_wctype.obj
 0001:0001b1d3       _iswdigit                  0041c1d3 f i LIBCMT:_wctype.obj
 0001:0001b1e4       _iswgraph                  0041c1e4 f i LIBCMT:_wctype.obj
 0001:0001b1f8       _iswlower                  0041c1f8 f i LIBCMT:_wctype.obj
 0001:0001b209       _iswprint                  0041c209 f i LIBCMT:_wctype.obj
 0001:0001b21d       _iswpunct                  0041c21d f i LIBCMT:_wctype.obj
 0001:0001b22e       _iswspace                  0041c22e f i LIBCMT:_wctype.obj
 0001:0001b23f       _iswupper                  0041c23f f i LIBCMT:_wctype.obj
 0001:0001b250       _iswxdigit                 0041c250 f i LIBCMT:_wctype.obj
 0001:0001b264       __flsbuf                   0041c264 f   LIBCMT:_flsbuf.obj
 0001:0001b3b3       __wctomb_l                 0041c3b3 f   LIBCMT:wctomb.obj
 0001:0001b402       __wctomb_s_l               0041c402 f   LIBCMT:wctomb.obj
 0001:0001b526       _wctomb                    0041c526 f   LIBCMT:wctomb.obj
 0001:0001b559       _wctomb_s                  0041c559 f   LIBCMT:wctomb.obj
 0001:0001b580       __aulldvrm                 0041c580 f   LIBCMT:ulldvrm.obj
 0001:0001b615       __sse2_mathfcns_init       0041c615 f   LIBCMT:mathfcns.obj
 0001:0001b624       __set_SSE2_enable          0041c624 f   LIBCMT:mathfcns.obj
 0001:0001b650       __CIcos_pentium4           0041c650 f   LIBCMT:cos_pentium4.obj
 0001:0001b668       __cos_pentium4             0041c668     LIBCMT:cos_pentium4.obj
 0001:0001b800       __trandisp1                0041c800 f   LIBCMT:87disp.obj
 0001:0001b867       __trandisp2                0041c867 f   LIBCMT:87disp.obj
 0001:0001b8f3       __rttospopde               0041c8f3     LIBCMT:87disp.obj
 0001:0001b8f8       __rttospop                 0041c8f8     LIBCMT:87disp.obj
 0001:0001b8fa       __rtnospop                 0041c8fa     LIBCMT:87disp.obj
 0001:0001b8fc       __rttosnpop                0041c8fc     LIBCMT:87disp.obj
 0001:0001b8fd       __rtnospopde               0041c8fd     LIBCMT:87disp.obj
 0001:0001b904       __rtzeropop                0041c904     LIBCMT:87disp.obj
 0001:0001b906       __rtzeronpop               0041c906     LIBCMT:87disp.obj
 0001:0001b90b       __rtonepop                 0041c90b     LIBCMT:87disp.obj
 0001:0001b90d       __rtonenpop                0041c90d     LIBCMT:87disp.obj
 0001:0001b912       __tosnan1                  0041c912     LIBCMT:87disp.obj
 0001:0001b93d       __nosnan2                  0041c93d     LIBCMT:87disp.obj
 0001:0001b93f       __tosnan2                  0041c93f     LIBCMT:87disp.obj
 0001:0001b967       __nan2                     0041c967     LIBCMT:87disp.obj
 0001:0001b9a6       __rtindfpop                0041c9a6     LIBCMT:87disp.obj
 0001:0001b9a8       __rtindfnpop               0041c9a8     LIBCMT:87disp.obj
 0001:0001b9b9       __rttosnpopde              0041c9b9     LIBCMT:87disp.obj
 0001:0001b9c3       __rtchsifneg               0041c9c3     LIBCMT:87disp.obj
 0001:0001b9d0       __twoToTOS                 0041c9d0 f   LIBCMT:common.obj
 0001:0001b9e5       __load_CW                  0041c9e5 f   LIBCMT:common.obj
 0001:0001b9fc       __convertTOStoQNaN         0041c9fc f   LIBCMT:common.obj
 0001:0001ba15       __fload_withFB             0041ca15 f   LIBCMT:common.obj
 0001:0001ba58       __checkTOS_withFB          0041ca58 f   LIBCMT:common.obj
 0001:0001ba6e       __fast_exit                0041ca6e f   LIBCMT:common.obj
 0001:0001ba7b       __math_exit                0041ca7b f   LIBCMT:common.obj
 0001:0001baa5       __check_overflow_exit      0041caa5 f   LIBCMT:common.obj
 0001:0001bab9       __check_range_exit         0041cab9 f   LIBCMT:common.obj
 0001:0001bb60       __startTwoArgErrorHandling 0041cb60 f   LIBCMT:genexcep.obj
 0001:0001bb77       __startOneArgErrorHandling 0041cb77 f   LIBCMT:genexcep.obj
 0001:0001bbc0       __CIsin_pentium4           0041cbc0 f   LIBCMT:sin_pentium4.obj
 0001:0001bbd8       __sin_pentium4             0041cbd8     LIBCMT:sin_pentium4.obj
 0001:0001bd88       ___isascii                 0041cd88 f i LIBCMT:_ctype.obj
 0001:0001bd98       ___iscsym                  0041cd98 f i LIBCMT:_ctype.obj
 0001:0001bdb8       ___iscsymf                 0041cdb8 f i LIBCMT:_ctype.obj
 0001:0001bdd5       ___toascii                 0041cdd5 f i LIBCMT:_ctype.obj
 0001:0001bde0       __isalnum_l                0041cde0 f i LIBCMT:_ctype.obj
 0001:0001be38       __isalpha_l                0041ce38 f i LIBCMT:_ctype.obj
 0001:0001be90       __isblank_l                0041ce90 f i LIBCMT:_ctype.obj
 0001:0001beea       __iscntrl_l                0041ceea f i LIBCMT:_ctype.obj
 0001:0001bf3c       __iscsym_l                 0041cf3c f i LIBCMT:_ctype.obj
 0001:0001bf5d       __iscsymf_l                0041cf5d f i LIBCMT:_ctype.obj
 0001:0001bf7e       __isdigit_l                0041cf7e f i LIBCMT:_ctype.obj
 0001:0001bfd0       __isgraph_l                0041cfd0 f i LIBCMT:_ctype.obj
 0001:0001c028       __islower_l                0041d028 f i LIBCMT:_ctype.obj
 0001:0001c07a       __isprint_l                0041d07a f i LIBCMT:_ctype.obj
 0001:0001c0d2       __ispunct_l                0041d0d2 f i LIBCMT:_ctype.obj
 0001:0001c124       __isspace_l                0041d124 f i LIBCMT:_ctype.obj
 0001:0001c176       __isupper_l                0041d176 f i LIBCMT:_ctype.obj
 0001:0001c1c8       __isxdigit_l               0041d1c8 f i LIBCMT:_ctype.obj
 0001:0001c220       _isalnum                   0041d220 f i LIBCMT:_ctype.obj
 0001:0001c24d       _isalpha                   0041d24d f i LIBCMT:_ctype.obj
 0001:0001c27a       _isblank                   0041d27a f i LIBCMT:_ctype.obj
 0001:0001c2af       _iscntrl                   0041d2af f i LIBCMT:_ctype.obj
 0001:0001c2da       _isdigit                   0041d2da f i LIBCMT:_ctype.obj
 0001:0001c305       _isgraph                   0041d305 f i LIBCMT:_ctype.obj
 0001:0001c332       _islower                   0041d332 f i LIBCMT:_ctype.obj
 0001:0001c35d       _isprint                   0041d35d f i LIBCMT:_ctype.obj
 0001:0001c38a       _ispunct                   0041d38a f i LIBCMT:_ctype.obj
 0001:0001c3b5       _isspace                   0041d3b5 f i LIBCMT:_ctype.obj
 0001:0001c3e0       _isupper                   0041d3e0 f i LIBCMT:_ctype.obj
 0001:0001c40b       _isxdigit                  0041d40b f i LIBCMT:_ctype.obj
 0001:0001c438       __tolower                  0041d438 f   LIBCMT:tolower.obj
 0001:0001c443       __tolower_l                0041d443 f   LIBCMT:tolower.obj
 0001:0001c586       _tolower                   0041d586 f   LIBCMT:tolower.obj
 0001:0001c5b2       _strcpy_s                  0041d5b2 f   LIBCMT:strcpy_s.obj
 0001:0001c610       _memmove                   0041d610 f   LIBCMT:memmove.obj
 0001:0001cc60       _strrchr                   0041dc60 f   LIBCMT:strrchr.obj
 0001:0001cd97       __fptostr                  0041dd97 f   LIBCMT:_fptostr.obj
 0001:0001ce47       ___crt_atoflt_l            0041de47 f   LIBCMT:atodbl.obj
 0001:0001ceeb       __atodbl                   0041deeb f   LIBCMT:atodbl.obj
 0001:0001cf00       __atodbl_l                 0041df00 f   LIBCMT:atodbl.obj
 0001:0001cf8e       __atoflt                   0041df8e f   LIBCMT:atodbl.obj
 0001:0001cfa3       __atoflt_l                 0041dfa3 f   LIBCMT:atodbl.obj
 0001:0001cfbb       __atoldbl                  0041dfbb f   LIBCMT:atodbl.obj
 0001:0001cfd0       __atoldbl_l                0041dfd0 f   LIBCMT:atodbl.obj
 0001:0001d05f       ___dtold                   0041e05f f   LIBCMT:cfout.obj
 0001:0001d127       __fltout2                  0041e127 f   LIBCMT:cfout.obj
 0001:0001d1c0       __alldvrm                  0041e1c0 f   LIBCMT:lldvrm.obj
 0001:0001d2a0       __aullshr                  0041e2a0 f   LIBCMT:ullshr.obj
 0001:0001d2bf       __get_output_format        0041e2bf f   LIBCMT:outputformat.obj
 0001:0001d2c5       __set_output_format        0041e2c5 f   LIBCMT:outputformat.obj
 0001:0001d2f7       __controlfp_s              0041e2f7 f   LIBCMT:contrlfp.obj
 0001:0001d354       ___lock_fhandle            0041e354 f   LIBCMT:osfinfo.obj
 0001:0001d3e2       __alloc_osfhnd             0041e3e2 f   LIBCMT:osfinfo.obj
 0001:0001d58b       __free_osfhnd              0041e58b f   LIBCMT:osfinfo.obj
 0001:0001d611       __get_osfhandle            0041e611 f   LIBCMT:osfinfo.obj
 0001:0001d678       __open_osfhandle           0041e678 f   LIBCMT:osfinfo.obj
 0001:0001d78e       __set_osfhnd               0041e78e f   LIBCMT:osfinfo.obj
 0001:0001d810       __unlock_fhandle           0041e810 f   LIBCMT:osfinfo.obj
 0001:0001d836       __commit                   0041e836 f   LIBCMT:commit.obj
 0001:0001d91f       __write                    0041e91f f   LIBCMT:write.obj
 0001:0001da0e       __write_nolock             0041ea0e f   LIBCMT:write.obj
 0001:0001e273       __open                     0041f273 f   LIBCMT:open.obj
 0001:0001e323       __sopen                    0041f323 f   LIBCMT:open.obj
 0001:0001e356       __sopen_helper             0041f356 f   LIBCMT:open.obj
 0001:0001e41f       __sopen_nolock             0041f41f f   LIBCMT:open.obj
 0001:0001e46d       __sopen_s                  0041f46d f   LIBCMT:open.obj
 0001:0001e48b       __mbsnbcmp                 0041f48b f   LIBCMT:mbsnbcmp.obj
 0001:0001e4a3       __mbsnbcmp_l               0041f4a3 f   LIBCMT:mbsnbcmp.obj
 0001:0001e5ba       __mbsnbicmp                0041f5ba f   LIBCMT:mbsnbicm.obj
 0001:0001e5d2       __mbsnbicmp_l              0041f5d2 f   LIBCMT:mbsnbicm.obj
 0001:0001e790       __global_unwind2           0041f790 f   LIBCMT:exsup.obj
 0001:0001e7f5       __local_unwind2            0041f7f5 f   LIBCMT:exsup.obj
 0001:0001e879       __abnormal_termination     0041f879 f   LIBCMT:exsup.obj
 0001:0001e89c       __NLG_Notify1              0041f89c f   LIBCMT:exsup.obj
 0001:0001e8a5       __NLG_Notify               0041f8a5 f   LIBCMT:exsup.obj
 0001:0001e8bc       __NLG_Dispatch2            0041f8bc     LIBCMT:exsup.obj
 0001:0001e8bc       __NLG_Dispatch             0041f8bc     LIBCMT:exsup.obj
 0001:0001e8c4       __NLG_Call                 0041f8c4 f   LIBCMT:exsup.obj
 0001:0001e8c6       __NLG_Return2              0041f8c6     LIBCMT:exsup.obj
 0001:0001e8c7       __getbuf                   0041f8c7 f   LIBCMT:_getbuf.obj
 0001:0001e90d       __matherr                  0041f90d f   LIBCMT:matherr.obj
 0001:0001e910       ___free_lconv_mon          0041f910 f   LIBCMT:initmon.obj
 0001:0001ea0c       ___init_monetary           0041fa0c f   LIBCMT:initmon.obj
 0001:0001ede5       ___free_lconv_num          0041fde5 f   LIBCMT:initnum.obj
 0001:0001ee4c       ___init_numeric            0041fe4c f   LIBCMT:initnum.obj
 0001:0001f08a       ___free_lc_time            0042008a f   LIBCMT:inittime.obj
 0001:0001f40a       ___init_time               0042040a f   LIBCMT:inittime.obj
 0001:0001fc79       _localeconv                00420c79 f   LIBCMT:lconv.obj
 0001:0001fc9f       ___pctype_func             00420c9f f   LIBCMT:ctype.obj
 0001:0001fcc8       ___pwctype_func            00420cc8 f   LIBCMT:ctype.obj
 0001:0001fcce       ___init_collate            00420cce f   LIBCMT:initcoll.obj
 0001:0001fcd1       ____lc_codepage_func       00420cd1 f   LIBCMT:initctyp.obj
 0001:0001fcf7       ____lc_collate_cp_func     00420cf7 f   LIBCMT:initctyp.obj
 0001:0001fd1d       ____lc_locale_name_func    00420d1d f   LIBCMT:initctyp.obj
 0001:0001fd45       ____mb_cur_max_func        00420d45 f   LIBCMT:initctyp.obj
 0001:0001fd6b       ____mb_cur_max_l_func      00420d6b f   LIBCMT:initctyp.obj
 0001:0001fd82       ___init_ctype              00420d82 f   LIBCMT:initctyp.obj
 0001:00020237       _memcmp                    00421237 f   LIBCMT:memcmp.obj
 0001:0002314b       _wcscmp                    0042414b f   LIBCMT:wcscmp.obj
 0001:00023189       _wcscspn                   00424189 f   LIBCMT:wcscspn.obj
 0001:000231d4       _wcsnlen                   004241d4 f   LIBCMT:wcslen_s.obj
 0001:000231f3       _wcsncmp                   004241f3 f   LIBCMT:wcsncmp.obj
 0001:00023229       _wcspbrk                   00424229 f   LIBCMT:wcspbrk.obj
 0001:0002382d       ___get_qualified_locale    0042482d f   LIBCMT:getqloc.obj
 0001:0002409d       ___get_qualified_locale_downlevel 0042509d f   LIBCMT:getqloc_downlevel.obj
 0001:000242c0       __CIpow_pentium4           004252c0 f   LIBCMT:pow_pentium4.obj
 0001:000242d9       __pow_pentium4             004252d9     LIBCMT:pow_pentium4.obj
 0001:00024e31       __fFEXP                    00425e31     LIBCMT:87tran.obj
 0001:00024e88       __rtinfpopse               00425e88     LIBCMT:87tran.obj
 0001:00024e8a       __rtinfnpopse              00425e8a     LIBCMT:87tran.obj
 0001:00024e9a       __fFLN                     00425e9a     LIBCMT:87tran.obj
 0001:00024f4f       __rtinfpop                 00425f4f     LIBCMT:87tran.obj
 0001:00024f51       __rtinfnpop                00425f51     LIBCMT:87tran.obj
 0001:00024f6e       __ffexpm1                  00425f6e     LIBCMT:87tran.obj
 0001:00025017       __d_inttype                00426017 f   LIBCMT:powhlp.obj
 0001:0002507f       __powhlp                   0042607f f   LIBCMT:powhlp.obj
 0001:0002520f       __ismbbalnum               0042620f f   LIBCMT:ismbbyte.obj
 0001:00025228       __ismbbalnum_l             00426228 f   LIBCMT:ismbbyte.obj
 0001:00025242       __ismbbalpha               00426242 f   LIBCMT:ismbbyte.obj
 0001:0002525b       __ismbbalpha_l             0042625b f   LIBCMT:ismbbyte.obj
 0001:00025275       __ismbbblank               00426275 f   LIBCMT:ismbbyte.obj
 0001:00025296       __ismbbblank_l             00426296 f   LIBCMT:ismbbyte.obj
 0001:000252b8       __ismbbgraph               004262b8 f   LIBCMT:ismbbyte.obj
 0001:000252d1       __ismbbgraph_l             004262d1 f   LIBCMT:ismbbyte.obj
 0001:000252eb       __ismbbkalnum              004262eb f   LIBCMT:ismbbyte.obj
 0001:00025301       __ismbbkalnum_l            00426301 f   LIBCMT:ismbbyte.obj
 0001:00025318       __ismbbkana                00426318 f   LIBCMT:ismbbyte.obj
 0001:00025329       __ismbbkana_l              00426329 f   LIBCMT:ismbbyte.obj
 0001:00025375       __ismbbkprint              00426375 f   LIBCMT:ismbbyte.obj
 0001:0002538b       __ismbbkprint_l            0042638b f   LIBCMT:ismbbyte.obj
 0001:000253a2       __ismbbkpunct              004263a2 f   LIBCMT:ismbbyte.obj
 0001:000253b8       __ismbbkpunct_l            004263b8 f   LIBCMT:ismbbyte.obj
 0001:000253cf       __ismbblead                004263cf f   LIBCMT:ismbbyte.obj
 0001:000253e5       __ismbblead_l              004263e5 f   LIBCMT:ismbbyte.obj
 0001:000253fc       __ismbbprint               004263fc f   LIBCMT:ismbbyte.obj
 0001:00025415       __ismbbprint_l             00426415 f   LIBCMT:ismbbyte.obj
 0001:0002542f       __ismbbpunct               0042642f f   LIBCMT:ismbbyte.obj
 0001:00025445       __ismbbpunct_l             00426445 f   LIBCMT:ismbbyte.obj
 0001:0002545c       __ismbbtrail               0042645c f   LIBCMT:ismbbyte.obj
 0001:00025472       __ismbbtrail_l             00426472 f   LIBCMT:ismbbyte.obj
 0001:00025490       __alloca_probe_16          00426490 f   LIBCMT:alloca16.obj
 0001:000254a6       __alloca_probe_8           004264a6     LIBCMT:alloca16.obj
 0001:000254bc       __iswctype_l               004264bc f   LIBCMT:iswctype.obj
 0001:000254ce       _is_wctype                 004264ce f   LIBCMT:iswctype.obj
 0001:000254d7       _iswctype                  004264d7 f   LIBCMT:iswctype.obj
 0001:0002552d       __87except                 0042652d f   LIBCMT:87except.obj
 0001:00025636       __CopyMan                  00426636 f i LIBCMT:intrncvt.obj
 0001:00025653       __FillZeroMan              00426653 f i LIBCMT:intrncvt.obj
 0001:00025662       __IncMan                   00426662 f i LIBCMT:intrncvt.obj
 0001:000256c4       __IsZeroMan                004266c4 f i LIBCMT:intrncvt.obj
 0001:000256e1       __RoundMan                 004266e1 f i LIBCMT:intrncvt.obj
 0001:000257e2       __ShrMan                   004267e2 f i LIBCMT:intrncvt.obj
 0001:00025870       __ZeroTail                 00426870 f i LIBCMT:intrncvt.obj
 0001:000258b8       ___addl                    004268b8 f i LIBCMT:intrncvt.obj
 0001:000258dc       __ld12cvt                  004268dc f i LIBCMT:intrncvt.obj
 0001:00025e47       __ld12tod                  00426e47 f   LIBCMT:intrncvt.obj
 0001:000263b9       __ld12tof                  004273b9 f   LIBCMT:intrncvt.obj
 0001:0002692b       __ld12told                 0042792b f   LIBCMT:intrncvt.obj
 0001:000269fa       ___STRINGTOLD_L            004279fa f   LIBCMT:strgtold.obj
 0001:00026a55       ___ld12mul                 00427a55 f i LIBCMT:strgtold.obj
 0001:00026d21       ___multtenpow12            00427d21 f i LIBCMT:strgtold.obj
 0001:00027074       ___shl_12                  00428074 f i LIBCMT:strgtold.obj
 0001:000270a5       ___shr_12                  004280a5 f i LIBCMT:strgtold.obj
 0001:000270d5       ___strgtold12_l            004280d5 f   LIBCMT:strgtold.obj
 0001:0002787d       _$I10_OUTPUT               0042887d f   LIBCMT:x10fout.obj
 0001:00028251       ___add_12                  00429251 f i LIBCMT:x10fout.obj
 0001:000283fd       ___control87_2             004293fd f   LIBCMT:ieee87.obj
 0001:00028a71       __clearfp                  00429a71 f   LIBCMT:ieee87.obj
 0001:00028b51       __control87                00429b51 f i LIBCMT:ieee87.obj
 0001:00028e53       __controlfp                00429e53 f   LIBCMT:ieee87.obj
 0001:0002915e       __fpreset                  0042a15e f   LIBCMT:ieee87.obj
 0001:0002922b       __set_controlfp            0042a22b f   LIBCMT:ieee87.obj
 0001:0002929e       __statusfp                 0042a29e f   LIBCMT:ieee87.obj
 0001:00029338       __statusfp2                0042a338 f   LIBCMT:ieee87.obj
 0001:00029397       __mbtowc_l                 0042a397 f   LIBCMT:mbtowc.obj
 0001:0002948c       _mbtowc                    0042a48c f   LIBCMT:mbtowc.obj
 0001:000294a4       __putwch                   0042a4a4 f   LIBCMT:putwch.obj
 0001:000294f0       __putwch_nolock            0042a4f0 f   LIBCMT:putwch.obj
 0001:000295bb       __wopen                    0042a5bb f   LIBCMT:wopen.obj
 0001:0002966b       __wsopen                   0042a66b f   LIBCMT:wopen.obj
 0001:0002969e       __wsopen_helper            0042a69e f   LIBCMT:wopen.obj
 0001:00029767       __wsopen_nolock            0042a767 f   LIBCMT:wopen.obj
 0001:00029eba       __wsopen_s                 0042aeba f   LIBCMT:wopen.obj
 0001:00029ed8       __strnicmp                 0042aed8 f   LIBCMT:strnicmp.obj
 0001:00029f43       __strnicmp_l               0042af43 f   LIBCMT:strnicmp.obj
 0001:0002a110       __i64tow_s                 0042b110 f   LIBCMT:xtows.obj
 0001:0002a141       __itow_s                   0042b141 f   LIBCMT:xtows.obj
 0001:0002a16a       __ltow_s                   0042b16a f   LIBCMT:xtows.obj
 0001:0002a194       __ui64tow_s                0042b194 f   LIBCMT:xtows.obj
 0001:0002a1af       __ultow_s                  0042b1af f   LIBCMT:xtows.obj
 0001:0002a2ba       __wtoi                     0042b2ba f   LIBCMT:wtox.obj
 0001:0002a2c3       __wtoi64                   0042b2c3 f   LIBCMT:wtox.obj
 0001:0002a2d7       __wtoi64_l                 0042b2d7 f   LIBCMT:wtox.obj
 0001:0002a2ee       __wtoi_l                   0042b2ee f   LIBCMT:wtox.obj
 0001:0002a2f7       __wtol                     0042b2f7 f   LIBCMT:wtox.obj
 0001:0002a30b       __wtol_l                   0042b30b f   LIBCMT:wtox.obj
 0001:0002a322       __wtoll                    0042b322 f   LIBCMT:wtox.obj
 0001:0002a336       __wtoll_l                  0042b336 f   LIBCMT:wtox.obj
 0001:0002a34d       _wcschr                    0042b34d f   LIBCMT:wcschr.obj
 0001:0002a3fb       __wcsicmp                  0042b3fb f   LIBCMT:wcsicmp.obj
 0001:0002a48e       __wcsicmp_l                0042b48e f   LIBCMT:wcsicmp.obj
 0001:0002a569       __wcsnicmp                 0042b569 f   LIBCMT:wcsnicmp.obj
 0001:0002a61f       __wcsnicmp_l               0042b61f f   LIBCMT:wcsnicmp.obj
 0001:0002a718       __frnd                     0042b718 f   LIBCMT:frnd.obj
 0001:0002a72c       ___mtold12                 0042b72c f   LIBCMT:mantold.obj
 0001:0002a90c       ___termconout              0042b90c f   LIBCMT:initcon.obj
 0001:0002a923       ___initconout              0042b923 f   LIBCMT:initcon.obj
 0001:0002a942       __chsize                   0042b942 f   LIBCMT:chsize.obj
 0001:0002a95c       __chsize_nolock            0042b95c f   LIBCMT:chsize.obj
 0001:0002ab12       __chsize_s                 0042bb12 f   LIBCMT:chsize.obj
 0001:0002ac00       __get_fmode                0042bc00 f   LIBCMT:setmode.obj
 0001:0002ac2a       __set_fmode                0042bc2a f   LIBCMT:setmode.obj
 0001:0002ac65       __setmode                  0042bc65 f   LIBCMT:setmode.obj
 0001:0002ad6a       __setmode_nolock           0042bd6a f   LIBCMT:setmode.obj
 0001:0002ae40       ___ascii_strnicmp          0042be40 f   LIBCMT:_strnicm.obj
 0001:0002b082       __wcstol_l                 0042c082 f   LIBCMT:wcstol.obj
 0001:0002b09a       __wcstoul_l                0042c09a f   LIBCMT:wcstol.obj
 0001:0002b0b2       _wcstol                    0042c0b2 f   LIBCMT:wcstol.obj
 0001:0002b0ca       _wcstoul                   0042c0ca f   LIBCMT:wcstol.obj
 0001:0002b3b2       __wcstof_l                 0042c3b2 f   LIBCMT:wcstoq.obj
 0001:0002b465       __wcstoi64                 0042c465 f   LIBCMT:wcstoq.obj
 0001:0002b48f       __wcstoi64_l               0042c48f f   LIBCMT:wcstoq.obj
 0001:0002b4aa       __wcstoimax_l              0042c4aa f   LIBCMT:wcstoq.obj
 0001:0002b4b3       __wcstold_l                0042c4b3 f   LIBCMT:wcstoq.obj
 0001:0002b4bc       __wcstoll_l                0042c4bc f   LIBCMT:wcstoq.obj
 0001:0002b4c5       __wcstoui64                0042c4c5 f   LIBCMT:wcstoq.obj
 0001:0002b4ef       __wcstoui64_l              0042c4ef f   LIBCMT:wcstoq.obj
 0001:0002b50a       __wcstoull_l               0042c50a f   LIBCMT:wcstoq.obj
 0001:0002b513       __wcstoumax_l              0042c513 f   LIBCMT:wcstoq.obj
 0001:0002b51c       _wcstof                    0042c51c f   LIBCMT:wcstoq.obj
 0001:0002b531       _wcstoimax                 0042c531 f   LIBCMT:wcstoq.obj
 0001:0002b53a       _wcstold                   0042c53a f   LIBCMT:wcstoq.obj
 0001:0002b543       _wcstoll                   0042c543 f   LIBCMT:wcstoq.obj
 0001:0002b54c       _wcstoull                  0042c54c f   LIBCMT:wcstoq.obj
 0001:0002b555       _wcstoumax                 0042c555 f   LIBCMT:wcstoq.obj
 0001:0002b55e       __towlower_l               0042c55e f   LIBCMT:towlower.obj
 0001:0002b60f       _towlower                  0042c60f f   LIBCMT:towlower.obj
 0001:0002b620       __wchartodigit             0042c620 f   LIBCMT:wchtodig.obj
 0001:0002b7bf       __wcstod_l                 0042c7bf f   LIBCMT:wcstod.obj
 0001:0002b8ba       _wcstod                    0042c8ba f   LIBCMT:wcstod.obj
 0001:0002b8d0       __allmul                   0042c8d0 f   LIBCMT:llmul.obj
 0001:0002b904       ___crtLCMapStringW         0042c904 f   LIBCMT:w_map.obj
 0001:0002b933       __wfltin2                  0042c933 f   LIBCMT:wcfin.obj
 0001:0002b9e0       ___WSTRINGTOLD_L           0042c9e0 f   LIBCMT:wstrgtold.obj
 0001:0002ba3b       ___wstrgtold12_l           0042ca3b f   LIBCMT:wstrgtold.obj
 0001:0002c28c       _EncodePointer@4           0042d28c f   kernel32:KERNEL32.dll
 0001:0002c292       _DecodePointer@4           0042d292 f   kernel32:KERNEL32.dll
 0001:0002c298       _GetLastError@0            0042d298 f   kernel32:KERNEL32.dll
 0001:0002c29e       _ExitProcess@4             0042d29e f   kernel32:KERNEL32.dll
 0001:0002c2a4       _GetModuleHandleExW@12     0042d2a4 f   kernel32:KERNEL32.dll
 0001:0002c2aa       _GetProcAddress@8          0042d2aa f   kernel32:KERNEL32.dll
 0001:0002c2b0       _AreFileApisANSI@0         0042d2b0 f   kernel32:KERNEL32.dll
 0001:0002c2b6       _MultiByteToWideChar@24    0042d2b6 f   kernel32:KERNEL32.dll
 0001:0002c2bc       _WideCharToMultiByte@32    0042d2bc f   kernel32:KERNEL32.dll
 0001:0002c2c2       _ReadFile@20               0042d2c2 f   kernel32:KERNEL32.dll
 0001:0002c2c8       _HeapFree@12               0042d2c8 f   kernel32:KERNEL32.dll
 0001:0002c2ce       _HeapAlloc@12              0042d2ce f   kernel32:KERNEL32.dll
 0001:0002c2d4       _HeapReAlloc@16            0042d2d4 f   kernel32:KERNEL32.dll
 0001:0002c2da       _GetCommandLineA@0         0042d2da f   kernel32:KERNEL32.dll
 0001:0002c2e0       _IsDebuggerPresent@0       0042d2e0 f   kernel32:KERNEL32.dll
 0001:0002c2e6       _IsProcessorFeaturePresent@4 0042d2e6 f   kernel32:KERNEL32.dll
 0001:0002c2ec       _EnterCriticalSection@4    0042d2ec f   kernel32:KERNEL32.dll
 0001:0002c2f2       _LeaveCriticalSection@4    0042d2f2 f   kernel32:KERNEL32.dll
 0001:0002c2f8       _DeleteCriticalSection@4   0042d2f8 f   kernel32:KERNEL32.dll
 0001:0002c2fe       _FatalAppExitA@8           0042d2fe f   kernel32:KERNEL32.dll
 0001:0002c304       _UnhandledExceptionFilter@4 0042d304 f   kernel32:KERNEL32.dll
 0001:0002c30a       _SetUnhandledExceptionFilter@4 0042d30a f   kernel32:KERNEL32.dll
 0001:0002c310       _SetLastError@4            0042d310 f   kernel32:KERNEL32.dll
 0001:0002c316       _InitializeCriticalSectionAndSpinCount@8 0042d316 f   kernel32:KERNEL32.dll
 0001:0002c31c       _CreateEventW@16           0042d31c f   kernel32:KERNEL32.dll
 0001:0002c322       _Sleep@4                   0042d322 f   kernel32:KERNEL32.dll
 0001:0002c328       _GetCurrentProcess@0       0042d328 f   kernel32:KERNEL32.dll
 0001:0002c32e       _TerminateProcess@8        0042d32e f   kernel32:KERNEL32.dll
 0001:0002c334       _TlsAlloc@0                0042d334 f   kernel32:KERNEL32.dll
 0001:0002c33a       _TlsGetValue@4             0042d33a f   kernel32:KERNEL32.dll
 0001:0002c340       _TlsSetValue@8             0042d340 f   kernel32:KERNEL32.dll
 0001:0002c346       _TlsFree@4                 0042d346 f   kernel32:KERNEL32.dll
 0001:0002c34c       _GetStartupInfoW@4         0042d34c f   kernel32:KERNEL32.dll
 0001:0002c352       _GetTickCount@0            0042d352 f   kernel32:KERNEL32.dll
 0001:0002c358       _GetModuleHandleW@4        0042d358 f   kernel32:KERNEL32.dll
 0001:0002c35e       _CreateSemaphoreW@16       0042d35e f   kernel32:KERNEL32.dll
 0001:0002c364       _GetStdHandle@4            0042d364 f   kernel32:KERNEL32.dll
 0001:0002c36a       _WriteFile@20              0042d36a f   kernel32:KERNEL32.dll
 0001:0002c370       _GetModuleFileNameW@12     0042d370 f   kernel32:KERNEL32.dll
 0001:0002c376       _SetConsoleCtrlHandler@8   0042d376 f   kernel32:KERNEL32.dll
 0001:0002c37c       _FreeLibrary@4             0042d37c f   kernel32:KERNEL32.dll
 0001:0002c382       _LoadLibraryExW@12         0042d382 f   kernel32:KERNEL32.dll
 0001:0002c388       _IsValidCodePage@4         0042d388 f   kernel32:KERNEL32.dll
 0001:0002c38e       _GetACP@0                  0042d38e f   kernel32:KERNEL32.dll
 0001:0002c394       _GetOEMCP@0                0042d394 f   kernel32:KERNEL32.dll
 0001:0002c39a       _GetCPInfo@8               0042d39a f   kernel32:KERNEL32.dll
 0001:0002c3a0       _CloseHandle@4             0042d3a0 f   kernel32:KERNEL32.dll
 0001:0002c3a6       _RtlUnwind@16              0042d3a6 f   kernel32:KERNEL32.dll
 0001:0002c3ac       _GetConsoleMode@8          0042d3ac f   kernel32:KERNEL32.dll
 0001:0002c3b2       _ReadConsoleW@20           0042d3b2 f   kernel32:KERNEL32.dll
 0001:0002c3b8       _SetFilePointerEx@20       0042d3b8 f   kernel32:KERNEL32.dll
 0001:0002c3be       _GetFileType@4             0042d3be f   kernel32:KERNEL32.dll
 0001:0002c3c4       _RaiseException@16         0042d3c4 f   kernel32:KERNEL32.dll
 0001:0002c3ca       _GetCurrentThread@0        0042d3ca f   kernel32:KERNEL32.dll
 0001:0002c3d0       _GetCurrentThreadId@0      0042d3d0 f   kernel32:KERNEL32.dll
 0001:0002c3d6       _GetProcessHeap@0          0042d3d6 f   kernel32:KERNEL32.dll
 0001:0002c3dc       _GetModuleFileNameA@12     0042d3dc f   kernel32:KERNEL32.dll
 0001:0002c3e2       _QueryPerformanceCounter@4 0042d3e2 f   kernel32:KERNEL32.dll
 0001:0002c3e8       _GetCurrentProcessId@0     0042d3e8 f   kernel32:KERNEL32.dll
 0001:0002c3ee       _GetSystemTimeAsFileTime@4 0042d3ee f   kernel32:KERNEL32.dll
 0001:0002c3f4       _GetEnvironmentStringsW@0  0042d3f4 f   kernel32:KERNEL32.dll
 0001:0002c3fa       _FreeEnvironmentStringsW@4 0042d3fa f   kernel32:KERNEL32.dll
 0001:0002c400       _OutputDebugStringW@4      0042d400 f   kernel32:KERNEL32.dll
 0001:0002c406       _HeapSize@12               0042d406 f   kernel32:KERNEL32.dll
 0001:0002c40c       _GetDateFormatW@24         0042d40c f   kernel32:KERNEL32.dll
 0001:0002c412       _GetTimeFormatW@24         0042d412 f   kernel32:KERNEL32.dll
 0001:0002c418       _CompareStringW@24         0042d418 f   kernel32:KERNEL32.dll
 0001:0002c41e       _LCMapStringW@24           0042d41e f   kernel32:KERNEL32.dll
 0001:0002c424       _GetLocaleInfoW@16         0042d424 f   kernel32:KERNEL32.dll
 0001:0002c42a       _IsValidLocale@8           0042d42a f   kernel32:KERNEL32.dll
 0001:0002c430       _GetUserDefaultLCID@0      0042d430 f   kernel32:KERNEL32.dll
 0001:0002c436       _EnumSystemLocalesW@8      0042d436 f   kernel32:KERNEL32.dll
 0001:0002c43c       _GetStringTypeW@16         0042d43c f   kernel32:KERNEL32.dll
 0001:0002c442       _SetStdHandle@8            0042d442 f   kernel32:KERNEL32.dll
 0001:0002c448       _FlushFileBuffers@4        0042d448 f   kernel32:KERNEL32.dll
 0001:0002c44e       _GetConsoleCP@0            0042d44e f   kernel32:KERNEL32.dll
 0001:0002c454       _WriteConsoleW@20          0042d454 f   kernel32:KERNEL32.dll
 0001:0002c45a       _CreateFileW@28            0042d45a f   kernel32:KERNEL32.dll
 0001:0002c460       _SetEndOfFile@4            0042d460 f   kernel32:KERNEL32.dll
 0002:00000000       __imp__gluOrtho2D@32       0042e000     glu32:GLU32.dll
 0002:00000004       \177GLU32_NULL_THUNK_DATA  0042e004     glu32:GLU32.dll
 0002:00000008       __imp__CreateFileW@28      0042e008     kernel32:KERNEL32.dll
 0002:0000000c       __imp__WriteConsoleW@20    0042e00c     kernel32:KERNEL32.dll
 0002:00000010       __imp__GetConsoleCP@0      0042e010     kernel32:KERNEL32.dll
 0002:00000014       __imp__FlushFileBuffers@4  0042e014     kernel32:KERNEL32.dll
 0002:00000018       __imp__SetStdHandle@8      0042e018     kernel32:KERNEL32.dll
 0002:0000001c       __imp__SetEndOfFile@4      0042e01c     kernel32:KERNEL32.dll
 0002:00000020       __imp__EnumSystemLocalesW@8 0042e020     kernel32:KERNEL32.dll
 0002:00000024       __imp__GetUserDefaultLCID@0 0042e024     kernel32:KERNEL32.dll
 0002:00000028       __imp__IsValidLocale@8     0042e028     kernel32:KERNEL32.dll
 0002:0000002c       __imp__GetLocaleInfoW@16   0042e02c     kernel32:KERNEL32.dll
 0002:00000030       __imp__LCMapStringW@24     0042e030     kernel32:KERNEL32.dll
 0002:00000034       __imp__GetStringTypeW@16   0042e034     kernel32:KERNEL32.dll
 0002:00000038       __imp__Sleep@4             0042e038     kernel32:KERNEL32.dll
 0002:0000003c       __imp__CompareStringW@24   0042e03c     kernel32:KERNEL32.dll
 0002:00000040       __imp__GetTimeFormatW@24   0042e040     kernel32:KERNEL32.dll
 0002:00000044       __imp__GetDateFormatW@24   0042e044     kernel32:KERNEL32.dll
 0002:00000048       __imp__HeapSize@12         0042e048     kernel32:KERNEL32.dll
 0002:0000004c       __imp__OutputDebugStringW@4 0042e04c     kernel32:KERNEL32.dll
 0002:00000050       __imp__FreeEnvironmentStringsW@4 0042e050     kernel32:KERNEL32.dll
 0002:00000054       __imp__GetEnvironmentStringsW@0 0042e054     kernel32:KERNEL32.dll
 0002:00000058       __imp__GetSystemTimeAsFileTime@4 0042e058     kernel32:KERNEL32.dll
 0002:0000005c       __imp__GetCurrentProcessId@0 0042e05c     kernel32:KERNEL32.dll
 0002:00000060       __imp__QueryPerformanceCounter@4 0042e060     kernel32:KERNEL32.dll
 0002:00000064       __imp__GetModuleFileNameA@12 0042e064     kernel32:KERNEL32.dll
 0002:00000068       __imp__GetProcessHeap@0    0042e068     kernel32:KERNEL32.dll
 0002:0000006c       __imp__GetCurrentThreadId@0 0042e06c     kernel32:KERNEL32.dll
 0002:00000070       __imp__GetCurrentThread@0  0042e070     kernel32:KERNEL32.dll
 0002:00000074       __imp__RaiseException@16   0042e074     kernel32:KERNEL32.dll
 0002:00000078       __imp__EncodePointer@4     0042e078     kernel32:KERNEL32.dll
 0002:0000007c       __imp__DecodePointer@4     0042e07c     kernel32:KERNEL32.dll
 0002:00000080       __imp__GetLastError@0      0042e080     kernel32:KERNEL32.dll
 0002:00000084       __imp__ExitProcess@4       0042e084     kernel32:KERNEL32.dll
 0002:00000088       __imp__GetModuleHandleExW@12 0042e088     kernel32:KERNEL32.dll
 0002:0000008c       __imp__GetProcAddress@8    0042e08c     kernel32:KERNEL32.dll
 0002:00000090       __imp__AreFileApisANSI@0   0042e090     kernel32:KERNEL32.dll
 0002:00000094       __imp__MultiByteToWideChar@24 0042e094     kernel32:KERNEL32.dll
 0002:00000098       __imp__WideCharToMultiByte@32 0042e098     kernel32:KERNEL32.dll
 0002:0000009c       __imp__ReadFile@20         0042e09c     kernel32:KERNEL32.dll
 0002:000000a0       __imp__HeapFree@12         0042e0a0     kernel32:KERNEL32.dll
 0002:000000a4       __imp__HeapAlloc@12        0042e0a4     kernel32:KERNEL32.dll
 0002:000000a8       __imp__HeapReAlloc@16      0042e0a8     kernel32:KERNEL32.dll
 0002:000000ac       __imp__GetCommandLineA@0   0042e0ac     kernel32:KERNEL32.dll
 0002:000000b0       __imp__IsDebuggerPresent@0 0042e0b0     kernel32:KERNEL32.dll
 0002:000000b4       __imp__IsProcessorFeaturePresent@4 0042e0b4     kernel32:KERNEL32.dll
 0002:000000b8       __imp__EnterCriticalSection@4 0042e0b8     kernel32:KERNEL32.dll
 0002:000000bc       __imp__LeaveCriticalSection@4 0042e0bc     kernel32:KERNEL32.dll
 0002:000000c0       __imp__DeleteCriticalSection@4 0042e0c0     kernel32:KERNEL32.dll
 0002:000000c4       __imp__FatalAppExitA@8     0042e0c4     kernel32:KERNEL32.dll
 0002:000000c8       __imp__UnhandledExceptionFilter@4 0042e0c8     kernel32:KERNEL32.dll
 0002:000000cc       __imp__SetUnhandledExceptionFilter@4 0042e0cc     kernel32:KERNEL32.dll
 0002:000000d0       __imp__SetLastError@4      0042e0d0     kernel32:KERNEL32.dll
 0002:000000d4       __imp__InitializeCriticalSectionAndSpinCount@8 0042e0d4     kernel32:KERNEL32.dll
 0002:000000d8       __imp__CreateEventW@16     0042e0d8     kernel32:KERNEL32.dll
 0002:000000dc       __imp__GetCurrentProcess@0 0042e0dc     kernel32:KERNEL32.dll
 0002:000000e0       __imp__TerminateProcess@8  0042e0e0     kernel32:KERNEL32.dll
 0002:000000e4       __imp__TlsAlloc@0          0042e0e4     kernel32:KERNEL32.dll
 0002:000000e8       __imp__TlsGetValue@4       0042e0e8     kernel32:KERNEL32.dll
 0002:000000ec       __imp__TlsSetValue@8       0042e0ec     kernel32:KERNEL32.dll
 0002:000000f0       __imp__TlsFree@4           0042e0f0     kernel32:KERNEL32.dll
 0002:000000f4       __imp__GetStartupInfoW@4   0042e0f4     kernel32:KERNEL32.dll
 0002:000000f8       __imp__GetTickCount@0      0042e0f8     kernel32:KERNEL32.dll
 0002:000000fc       __imp__GetModuleHandleW@4  0042e0fc     kernel32:KERNEL32.dll
 0002:00000100       __imp__CreateSemaphoreW@16 0042e100     kernel32:KERNEL32.dll
 0002:00000104       __imp__GetStdHandle@4      0042e104     kernel32:KERNEL32.dll
 0002:00000108       __imp__WriteFile@20        0042e108     kernel32:KERNEL32.dll
 0002:0000010c       __imp__GetModuleFileNameW@12 0042e10c     kernel32:KERNEL32.dll
 0002:00000110       __imp__SetConsoleCtrlHandler@8 0042e110     kernel32:KERNEL32.dll
 0002:00000114       __imp__FreeLibrary@4       0042e114     kernel32:KERNEL32.dll
 0002:00000118       __imp__LoadLibraryExW@12   0042e118     kernel32:KERNEL32.dll
 0002:0000011c       __imp__IsValidCodePage@4   0042e11c     kernel32:KERNEL32.dll
 0002:00000120       __imp__GetACP@0            0042e120     kernel32:KERNEL32.dll
 0002:00000124       __imp__GetOEMCP@0          0042e124     kernel32:KERNEL32.dll
 0002:00000128       __imp__GetCPInfo@8         0042e128     kernel32:KERNEL32.dll
 0002:0000012c       __imp__CloseHandle@4       0042e12c     kernel32:KERNEL32.dll
 0002:00000130       __imp__RtlUnwind@16        0042e130     kernel32:KERNEL32.dll
 0002:00000134       __imp__GetConsoleMode@8    0042e134     kernel32:KERNEL32.dll
 0002:00000138       __imp__ReadConsoleW@20     0042e138     kernel32:KERNEL32.dll
 0002:0000013c       __imp__SetFilePointerEx@20 0042e13c     kernel32:KERNEL32.dll
 0002:00000140       __imp__GetFileType@4       0042e140     kernel32:KERNEL32.dll
 0002:00000144       \177KERNEL32_NULL_THUNK_DATA 0042e144     kernel32:KERNEL32.dll
 0002:00000148       __imp__glBegin@4           0042e148     opengl32:OPENGL32.dll
 0002:0000014c       __imp__glClearColor@16     0042e14c     opengl32:OPENGL32.dll
 0002:00000150       __imp__glColor3f@12        0042e150     opengl32:OPENGL32.dll
 0002:00000154       __imp__glDrawPixels@20     0042e154     opengl32:OPENGL32.dll
 0002:00000158       __imp__glEnd@0             0042e158     opengl32:OPENGL32.dll
 0002:0000015c       __imp__glFlush@0           0042e15c     opengl32:OPENGL32.dll
 0002:00000160       __imp__glLoadIdentity@0    0042e160     opengl32:OPENGL32.dll
 0002:00000164       __imp__glMatrixMode@4      0042e164     opengl32:OPENGL32.dll
 0002:00000168       __imp__glRasterPos2i@8     0042e168     opengl32:OPENGL32.dll
 0002:0000016c       __imp__glVertex2f@8        0042e16c     opengl32:OPENGL32.dll
 0002:00000170       __imp__glViewport@16       0042e170     opengl32:OPENGL32.dll
 0002:00000174       __imp__glClear@4           0042e174     opengl32:OPENGL32.dll
 0002:00000178       \177OPENGL32_NULL_THUNK_DATA 0042e178     opengl32:OPENGL32.dll
 0002:0000017c       __imp__glutInitWindowPosition@8 0042e17c     glut32:glut32.dll
 0002:00000180       __imp____glutInitWithExit@12 0042e180     glut32:glut32.dll
 0002:00000184       __imp__glutInitWindowSize@8 0042e184     glut32:glut32.dll
 0002:00000188       __imp__glutMainLoop@0      0042e188     glut32:glut32.dll
 0002:0000018c       __imp____glutCreateWindowWithExit@8 0042e18c     glut32:glut32.dll
 0002:00000190       __imp__glutPostRedisplay@0 0042e190     glut32:glut32.dll
 0002:00000194       __imp____glutCreateMenuWithExit@8 0042e194     glut32:glut32.dll
 0002:00000198       __imp__glutAddMenuEntry@8  0042e198     glut32:glut32.dll
 0002:0000019c       __imp__glutAddSubMenu@8    0042e19c     glut32:glut32.dll
 0002:000001a0       __imp__glutAttachMenu@4    0042e1a0     glut32:glut32.dll
 0002:000001a4       __imp__glutDisplayFunc@4   0042e1a4     glut32:glut32.dll
 0002:000001a8       __imp__glutMouseFunc@4     0042e1a8     glut32:glut32.dll
 0002:000001ac       __imp__glutIdleFunc@4      0042e1ac     glut32:glut32.dll
 0002:000001b0       __imp__glutInitDisplayMode@4 0042e1b0     glut32:glut32.dll
 0002:000001b4       \177glut32_NULL_THUNK_DATA 0042e1b4     glut32:glut32.dll
 0002:000001b8       ___xc_a                    0042e1b8     LIBCMT:crt0init.obj
 0002:000001bc       ___xc_z                    0042e1bc     LIBCMT:crt0init.obj
 0002:000001c0       ___xi_a                    0042e1c0     LIBCMT:crt0init.obj
 0002:000001dc       ___xi_z                    0042e1dc     LIBCMT:crt0init.obj
 0002:000001e0       ___xp_a                    0042e1e0     LIBCMT:crt0init.obj
[...]
 0002:000011a8       P_3                        0042f1a8     LIBCMT:cos_sse2_precise.obj
 0002:000011b0       TWO_POW_55                 0042f1b0     LIBCMT:cos_sse2_precise.obj
 0002:000011b8       TWO_POW_M55                0042f1b8     LIBCMT:cos_sse2_precise.obj
 0002:000011c0       ALL_ONES                   0042f1c0     LIBCMT:cos_sse2_precise.obj
 0002:000011c8       NEG_ZERO                   0042f1c8     LIBCMT:cos_sse2_precise.obj
 0002:000011d0       ONE                        0042f1d0     LIBCMT:cos_sse2_precise.obj
 0002:000011e0       SIGN_MASK                  0042f1e0     LIBCMT:cos_sse2_precise.obj
 0002:000011f0       Ctable                     0042f1f0     LIBCMT:sin_sse2_precise.obj
 0002:000019f0       SC_1                       0042f9f0     LIBCMT:sin_sse2_precise.obj
 0002:00001a00       SC_2                       0042fa00     LIBCMT:sin_sse2_precise.obj
 0002:00001a10       SC_3                       0042fa10     LIBCMT:sin_sse2_precise.obj
 0002:00001a20       SC_4                       0042fa20     LIBCMT:sin_sse2_precise.obj
 0002:00001a30       PI32INV                    0042fa30     LIBCMT:sin_sse2_precise.obj
 0002:00001a38       SHIFTER                    0042fa38     LIBCMT:sin_sse2_precise.obj
 0002:00001a40       P_2                        0042fa40     LIBCMT:sin_sse2_precise.obj
 0002:00001a50       P_1                        0042fa50     LIBCMT:sin_sse2_precise.obj
 0002:00001a58       P_3                        0042fa58     LIBCMT:sin_sse2_precise.obj
 0002:00001a60       TWO_POW_55                 0042fa60     LIBCMT:sin_sse2_precise.obj
 0002:00001a68       TWO_POW_M55                0042fa68     LIBCMT:sin_sse2_precise.obj
 0002:00001a70       ALL_ONES                   0042fa70     LIBCMT:sin_sse2_precise.obj
 0002:00001a78       NEG_ZERO                   0042fa78     LIBCMT:sin_sse2_precise.obj
 0002:00001a80       ONE                        0042fa80     LIBCMT:sin_sse2_precise.obj
 0002:00001ac0       rcp_t1                     0042fac0     LIBCMT:pow_sse2_precise.obj
 0002:00001ed0       log2_t1                    0042fed0     LIBCMT:pow_sse2_precise.obj
 0002:000026e0       rcp_t2                     004306e0     LIBCMT:pow_sse2_precise.obj
 0002:00002af0       log2_t2                    00430af0     LIBCMT:pow_sse2_precise.obj
 0002:00003300       rcp_t3                     00431300     LIBCMT:pow_sse2_precise.obj
 0002:00003b10       log2_t3                    00431b10     LIBCMT:pow_sse2_precise.obj
 0002:00004b20       clv                        00432b20     LIBCMT:pow_sse2_precise.obj
 0002:00004b40       exp2_tbl                   00432b40     LIBCMT:pow_sse2_precise.obj
 0002:00005340       Shifter                    00433340     LIBCMT:pow_sse2_precise.obj
 0002:00005350       SIGMASK                    00433350     LIBCMT:pow_sse2_precise.obj
 0002:00005360       ONEMASK                    00433360     LIBCMT:pow_sse2_precise.obj
 0002:00005370       ABSVALMASK                 00433370     LIBCMT:pow_sse2_precise.obj
 0002:00005380       cev                        00433380     LIBCMT:pow_sse2_precise.obj
 0002:000053a8       HALFSIG                    004333a8     LIBCMT:pow_sse2_precise.obj
 0002:000053b0       LHN                        004333b0     LIBCMT:pow_sse2_precise.obj
 0002:000053b8       sNaN                       004333b8     LIBCMT:pow_sse2_precise.obj
 0002:000053c0       INF                        004333c0     LIBCMT:pow_sse2_precise.obj
 0002:000053c8       NEG_INF                    004333c8     LIBCMT:pow_sse2_precise.obj
 0002:000053d0       NEG_ZERO                   004333d0     LIBCMT:pow_sse2_precise.obj
 0002:000053d8       NEG_BIG                    004333d8     LIBCMT:pow_sse2_precise.obj
 0002:000053e0       POS_BIG                    004333e0     LIBCMT:pow_sse2_precise.obj
 0002:000053e8       EMIN                       004333e8     LIBCMT:pow_sse2_precise.obj
 0002:000053f0       QIND                       004333f0     LIBCMT:pow_sse2_precise.obj
 0002:000056e0       _rterrs                    004336e0     LIBCMT:crt0msg.obj
 0002:00006174       __mb_locale_names          00434174     LIBCMT:mbctype.obj
 0002:00006234       ?ccsField@?P@??_openfile@@9@9 00434234     LIBCMT:_open.obj
 0002:00006238       ?utf8encoding@?P@??_openfile@@9@9 00434238     LIBCMT:_open.obj
 0002:00006240       ?utf16encoding@?P@??_openfile@@9@9 00434240     LIBCMT:_open.obj
 0002:0000624c       ?unicodeencoding@?P@??_openfile@@9@9 0043424c     LIBCMT:_open.obj
 0002:00006740       __first_127char            00434740     LIBCMT:wsetloca.obj
 0002:000067e4       _GS_ExceptionPointers      004347e4     LIBCMT:gs_report.obj
 0002:000067f0       _INF                       004347f0     LIBCMT:libm_error.obj
 0002:00006800       _BIG                       00434800     LIBCMT:libm_error.obj
 0002:00006810       _ZERO                      00434810     LIBCMT:libm_error.obj
 0002:00006820       _INF_32                    00434820     LIBCMT:libm_error.obj
 0002:00006828       _NAN_32                    00434828     LIBCMT:libm_error.obj
 0002:00006830       _ZERO_32                   00434830     LIBCMT:libm_error.obj
 0002:00006838       _libm_largef               00434838     LIBCMT:libm_error.obj
 0002:00006840       _libm_smallf               00434840     LIBCMT:libm_error.obj
 0002:00006848       _libm_small                00434848     LIBCMT:libm_error.obj
 0002:00008a60       Ctable                     00436a60     LIBCMT:cos_pentium4.obj
 0002:00009260       SC_1                       00437260     LIBCMT:cos_pentium4.obj
 0002:00009270       SC_2                       00437270     LIBCMT:cos_pentium4.obj
 0002:00009280       SC_3                       00437280     LIBCMT:cos_pentium4.obj
 0002:00009290       SC_4                       00437290     LIBCMT:cos_pentium4.obj
 0002:000092a0       PI32INV                    004372a0     LIBCMT:cos_pentium4.obj
 0002:000092a8       SHIFTER                    004372a8     LIBCMT:cos_pentium4.obj
 0002:000092b0       P_2                        004372b0     LIBCMT:cos_pentium4.obj
 0002:000092c0       P_1                        004372c0     LIBCMT:cos_pentium4.obj
 0002:000092c8       P_3                        004372c8     LIBCMT:cos_pentium4.obj
 0002:000092d0       TWO_POW_55                 004372d0     LIBCMT:cos_pentium4.obj
 0002:000092d8       TWO_POW_M55                004372d8     LIBCMT:cos_pentium4.obj
 0002:000092e0       ALL_ONES                   004372e0     LIBCMT:cos_pentium4.obj
 0002:000092e8       NEG_ZERO                   004372e8     LIBCMT:cos_pentium4.obj
 0002:000092f0       ONE                        004372f0     LIBCMT:cos_pentium4.obj
 0002:00009300       SIGN_MASK                  00437300     LIBCMT:cos_pentium4.obj
 0002:00009324       One                        00437324     LIBCMT:87disp.obj
 0002:0000932c       XAMtoTagTab                0043732c     LIBCMT:87disp.obj
 0002:00009340       One                        00437340     LIBCMT:common.obj
 0002:00009354       DblMax                     00437354     LIBCMT:common.obj
 0002:0000935c       DblMin                     0043735c     LIBCMT:common.obj
 0002:00009364       IeeeAdjO                   00437364     LIBCMT:common.obj
 0002:0000936c       IeeeAdjU                   0043736c     LIBCMT:common.obj
 0002:00009374       _infinity                  00437374     LIBCMT:common.obj
 0002:0000937c       _zero                      0043737c     LIBCMT:common.obj
 0002:00009390       Ctable                     00437390     LIBCMT:sin_pentium4.obj
 0002:00009b90       SC_1                       00437b90     LIBCMT:sin_pentium4.obj
 0002:00009ba0       SC_2                       00437ba0     LIBCMT:sin_pentium4.obj
 0002:00009bb0       SC_3                       00437bb0     LIBCMT:sin_pentium4.obj
 0002:00009bc0       SC_4                       00437bc0     LIBCMT:sin_pentium4.obj
 0002:00009bd0       PI32INV                    00437bd0     LIBCMT:sin_pentium4.obj
 0002:00009bd8       SHIFTER                    00437bd8     LIBCMT:sin_pentium4.obj
 0002:00009be0       P_2                        00437be0     LIBCMT:sin_pentium4.obj
 0002:00009bf0       P_1                        00437bf0     LIBCMT:sin_pentium4.obj
 0002:00009bf8       P_3                        00437bf8     LIBCMT:sin_pentium4.obj
 0002:00009c00       TWO_POW_55                 00437c00     LIBCMT:sin_pentium4.obj
 0002:00009c08       TWO_POW_M55                00437c08     LIBCMT:sin_pentium4.obj
 0002:00009c10       ALL_ONES                   00437c10     LIBCMT:sin_pentium4.obj
 0002:00009c18       NEG_ZERO                   00437c18     LIBCMT:sin_pentium4.obj
 0002:00009c20       ONE                        00437c20     LIBCMT:sin_pentium4.obj
 0002:0000b1f0       rcp_t1                     004391f0     LIBCMT:pow_pentium4.obj
 0002:0000b600       log2_t1                    00439600     LIBCMT:pow_pentium4.obj
 0002:0000be10       rcp_t2                     00439e10     LIBCMT:pow_pentium4.obj
 0002:0000c220       log2_t2                    0043a220     LIBCMT:pow_pentium4.obj
 0002:0000ca30       rcp_t3                     0043aa30     LIBCMT:pow_pentium4.obj
 0002:0000d240       log2_t3                    0043b240     LIBCMT:pow_pentium4.obj
 0002:0000e250       clv                        0043c250     LIBCMT:pow_pentium4.obj
 0002:0000e270       exp2_tbl                   0043c270     LIBCMT:pow_pentium4.obj
 0002:0000ea70       Shifter                    0043ca70     LIBCMT:pow_pentium4.obj
 0002:0000ea80       SIGMASK                    0043ca80     LIBCMT:pow_pentium4.obj
 0002:0000ea90       ONEMASK                    0043ca90     LIBCMT:pow_pentium4.obj
 0002:0000eaa0       ABSVALMASK                 0043caa0     LIBCMT:pow_pentium4.obj
 0002:0000eab0       cev                        0043cab0     LIBCMT:pow_pentium4.obj
 0002:0000ead8       HALFSIG                    0043cad8     LIBCMT:pow_pentium4.obj
 0002:0000eae0       LHN                        0043cae0     LIBCMT:pow_pentium4.obj
 0002:0000eae8       sNaN                       0043cae8     LIBCMT:pow_pentium4.obj
 0002:0000eaf0       INF                        0043caf0     LIBCMT:pow_pentium4.obj
 0002:0000eaf8       NEG_INF                    0043caf8     LIBCMT:pow_pentium4.obj
 0002:0000eb00       NEG_ZERO                   0043cb00     LIBCMT:pow_pentium4.obj
 0002:0000eb08       NEG_BIG                    0043cb08     LIBCMT:pow_pentium4.obj
 0002:0000eb10       POS_BIG                    0043cb10     LIBCMT:pow_pentium4.obj
 0002:0000eb18       EMIN                       0043cb18     LIBCMT:pow_pentium4.obj
 0002:0000eb20       QIND                       0043cb20     LIBCMT:pow_pentium4.obj
 0002:0000eb4e       _log2max                   0043cb4e     LIBCMT:87tran.obj
 0002:0000eb58       _smallarg                  0043cb58     LIBCMT:87tran.obj
 0002:0000eb62       _half                      0043cb62     LIBCMT:87tran.obj
 0002:0000ed00       __sehtable$_doexit         0043cd00     LIBCMT:crt0dat.obj
 0002:0000ed20       __sehtable$_printf         0043cd20     LIBCMT:printf.obj
 0002:0000ed40       __sehtable$_fclose         0043cd40     LIBCMT:fclose.obj
 0002:0000ed60       __sehtable$__fsopen        0043cd60     LIBCMT:fopen.obj
 0002:0000ed80       __sehtable$_fread_s        0043cd80     LIBCMT:fread.obj
 0002:0000eda0       __sehtable$_fseek          0043cda0     LIBCMT:fseek.obj
 0002:0000edc0       __sehtable$_ftell          0043cdc0     LIBCMT:ftell.obj
 0002:0000ede0       __sehtable$___tmainCRTStartup 0043cde0     LIBCMT:crt0.obj
 0002:0000ee00       __sehtable$__mtinitlocknum 0043ce00     LIBCMT:mlock.obj
 0002:0000ee20       __sehtable$__IsNonwritableInCurrentImage 0043ce20     LIBCMT:pesect.obj
 0002:0000ee40       __sehtable$__onexit        0043ce40     LIBCMT:onexit.obj
 0002:0000ee60       __sehtable$?terminate@@YAXXZ 0043ce60     LIBCMT:hooks.obj
 0002:0000ee80       __sehtable$?_inconsistency@@YAXXZ 0043ce80     LIBCMT:hooks.obj
 0002:0000eea0       __sehtable$_signal         0043cea0     LIBCMT:winsig.obj
 0002:0000eec0       __sehtable$_raise          0043cec0     LIBCMT:winsig.obj
 0002:0000eee0       __sehtable$_ctrlevent_capture@4 0043cee0     LIBCMT:winsig.obj
 0002:0000ef00       __sehtable$___updatetmbcinfo 0043cf00     LIBCMT:mbctype.obj
 0002:0000ef20       __sehtable$__setmbcp       0043cf20     LIBCMT:mbctype.obj
 0002:0000ef40       __sehtable$_vprintf_helper 0043cf40     LIBCMT:vprintf.obj
 0002:0000ef60       __sehtable$__close         0043cf60     LIBCMT:close.obj
 0002:0000ef80       __sehtable$_fflush         0043cf80     LIBCMT:fflush.obj
 0002:0000efa0       __sehtable$_flsall         0043cfa0     LIBCMT:fflush.obj
 0002:0000efc8       __sehtable$__getstream     0043cfc8     LIBCMT:stream.obj
 0002:0000efe8       __sehtable$__read          0043cfe8     LIBCMT:read.obj
 0002:0000f008       __sehtable$__lseek         0043d008     LIBCMT:lseek.obj
 0002:0000f028       __sehtable$__lseeki64      0043d028     LIBCMT:lseeki64.obj
 0002:0000f048       __sehtable$__ioinit        0043d048     LIBCMT:ioinit.obj
 0002:0000f068       __sehtable$___set_fpsr_sse2 0043d068     LIBCMT:fpctrl.obj
 0002:0000f088       __sehtable$___updatetlocinfo 0043d088     LIBCMT:localref.obj
 0002:0000f0a8       __sehtable$__freefls@4     0043d0a8     LIBCMT:tidtable.obj
 0002:0000f0d0       __sehtable$__initptd       0043d0d0     LIBCMT:tidtable.obj
 0002:0000f0f8       __sehtable$__get_current_locale 0043d0f8     LIBCMT:wsetloca.obj
 0002:0000f120       __sehtable$__free_locale   0043d120     LIBCMT:wsetloca.obj
 0002:0000f148       __sehtable$__wsetlocale    0043d148     LIBCMT:wsetloca.obj
 0002:0000f180       __sehtable$__locterm       0043d180     LIBCMT:wsetloca.obj
 0002:0000f1a0       __sehtable$__fcloseall     0043d1a0     LIBCMT:closeall.obj
 0002:0000f1c0       __sehtable$__alloc_osfhnd  0043d1c0     LIBCMT:osfinfo.obj
 0002:0000f1e8       __sehtable$___lock_fhandle 0043d1e8     LIBCMT:osfinfo.obj
 0002:0000f208       __sehtable$__open_osfhandle 0043d208     LIBCMT:osfinfo.obj
 0002:0000f228       __sehtable$__commit        0043d228     LIBCMT:commit.obj
 0002:0000f248       __sehtable$__write         0043d248     LIBCMT:write.obj
 0002:0000f268       __sehtable$__sopen_helper  0043d268     LIBCMT:open.obj
 0002:0000f288       __sehtable$__open          0043d288     LIBCMT:open.obj
 0002:0000f2a8       __sehtable$__putwch        0043d2a8     LIBCMT:putwch.obj
 0002:0000f2c8       __sehtable$__wsopen_helper 0043d2c8     LIBCMT:wopen.obj
 0002:0000f2e8       __sehtable$__wopen         0043d2e8     LIBCMT:wopen.obj
 0002:0000f308       __sehtable$__chsize_s      0043d308     LIBCMT:chsize.obj
 0002:0000f328       __sehtable$__setmode       0043d328     LIBCMT:setmode.obj
 0002:0000f600       .idata$6                   0043d600     opengl32:OPENGL32.dll
 0002:0000f61c       .idata$6                   0043d61c     glu32:GLU32.dll
 0002:0000f74a       .idata$6                   0043d74a     glut32:glut32.dll
 0002:0000fcfc       .idata$6                   0043dcfc     kernel32:KERNEL32.dll
 0003:00000008       ?length_dezigzag@?1??compute_huffman_codes@@9@9 0043e008     stb_image.obj
 0003:00000020       _bmask                     0043e020     stb_image.obj
 0003:00000064       _stbi_stdio_callbacks      0043e064     stb_image.obj
 0003:00000070       _dezigzag                  0043e070     stb_image.obj
 0003:000000c0       ?png_sig@?1??check_png_header@@9@9 0043e0c0     stb_image.obj
 0003:000000c8       _first_row_filter          0043e0c8     stb_image.obj
 0003:000000d0       ?invalid_chunk@?BH@??parse_png_file@@9@9 0043e0d0     stb_image.obj
 0003:000000e8       _h2l_gamma_i               0043e0e8     stb_image.obj
 0003:000000ec       _h2l_scale_i               0043e0ec     stb_image.obj
 0003:000000f0       _l2h_gamma                 0043e0f0     stb_image.obj
 0003:000000f4       _l2h_scale                 0043e0f4     stb_image.obj
 0003:000000f8       _length_base               0043e0f8     stb_image.obj
 0003:00000178       _length_extra              0043e178     stb_image.obj
 0003:000001f8       _dist_base                 0043e1f8     stb_image.obj
 0003:00000278       _dist_extra                0043e278     stb_image.obj
 0003:00000318       __locktable                0043e318     LIBCMT:mlock.obj
 0003:00000438       ?isPackaged@?1??__crtIsPackagedApp@@9@9 0043e438     LIBCMT:winapisupp.obj
 0003:00000440       _errtable                  0043e440     LIBCMT:dosmap.obj
 0003:000005a8       _ErrnoNoMem                0043e5a8     LIBCMT:dosmap.obj
 0003:000005ac       _DoserrorNoMem             0043e5ac     LIBCMT:dosmap.obj
 0003:00000a08       ___rgctypeflag             0043ea08     LIBCMT:mbctype.obj
 0003:00000a10       ___rgcode_page_info        0043ea10     LIBCMT:mbctype.obj
 0003:00000d90       _NAME_                     0043ed90     LIBCMT:cos.obj
 0003:00000da0       _NAME_                     0043eda0     LIBCMT:sin.obj
 0003:00000f18       ?_names@?1??_get_fname@@9@9 0043ef18     LIBCMT:fpexcept.obj
 0003:00001000       _over                      0043f000     LIBCMT:fpctrl.obj
 0003:0000100c       _under                     0043f00c     LIBCMT:fpctrl.obj
 0003:00001018       ?__DAZ_ENABLED@?1??__set_fpsr_sse2@@9@9 0043f018     LIBCMT:fpctrl.obj
 0003:00001254       __ctype_loc_style          0043f254     LIBCMT:wsetloca.obj
 0003:00001268       POW_name                   0043f268     LIBCMT:pow.obj
 0003:00001300       _DoubleFormat              0043f300     LIBCMT:intrncvt.obj
 0003:00001318       _FloatFormat               0043f318     LIBCMT:intrncvt.obj
 0003:00001610       _stbi_unpremultiply_on_load 0043f610     stb_image.obj
 0003:00001614       _stbi_de_iphone_flag       0043f614     stb_image.obj
 0003:00001618       _failure_reason            0043f618     stb_image.obj
 0003:00001620       _default_length            0043f620     stb_image.obj
 0003:00001740       _default_distance          0043f740     stb_image.obj
 0003:00001794       ___enable_percent_n        0043f794     LIBCMT:printf.obj
 0003:000017a8       _lclcritsects              0043f7a8     LIBCMT:mlock.obj
 0003:00001900       ?outmsg@?8??_NMSG_WRITE@@9@9 0043f900     LIBCMT:crt0msg.obj
 0003:00001f38       _ctrlc_action              0043ff38     LIBCMT:winsig.obj
 0003:00001f3c       _ctrlbreak_action          0043ff3c     LIBCMT:winsig.obj
 0003:00001f40       _abort_action              0043ff40     LIBCMT:winsig.obj
 0003:00001f44       _term_action               0043ff44     LIBCMT:winsig.obj
 0003:00001f48       _ConsoleCtrlHandler_Installed 0043ff48     LIBCMT:winsig.obj
 0003:00001f4c       _g_pfnRtlGenRandom         0043ff4c     LIBCMT:rand_s.obj
 0003:00001f68       _fSystemSet                0043ff68     LIBCMT:mbctype.obj
 0003:00002088       _GS_ExceptionRecord        00440088     LIBCMT:gs_report.obj
 0003:000020d8       _GS_ContextRecord          004400d8     LIBCMT:gs_report.obj
 0003:000023a4       _DebuggerWasPresent        004403a4     LIBCMT:gs_report.obj
 0003:000023a8       __pmatherr_set             004403a8     LIBCMT:libm_error.obj
 0003:000023b8       ?_pgmname@?1??_setargv@@9@9 004403b8     LIBCMT:stdargv.obj
 0003:000024c4       ?pfnMessageBox@?1??__crtMessageBoxW@@9@9 004404c4     LIBCMT:crtmboxw.obj
 0003:000024c8       ?pfnGetActiveWindow@?1??__crtMessageBoxW@@9@9 004404c8     LIBCMT:crtmboxw.obj
 0003:000024cc       ?pfnGetLastActivePopup@?1??__crtMessageBoxW@@9@9 004404cc     LIBCMT:crtmboxw.obj
 0003:000024d0       ?pfnGetProcessWindowStation@?1??__crtMessageBoxW@@9@9 004404d0     LIBCMT:crtmboxw.obj
 0003:000024d4       ?pfnGetUserObjectInformation@?1??__crtMessageBoxW@@9@9 004404d4     LIBCMT:crtmboxw.obj
 0003:000024d8       ___crtCallProc             004404d8     LIBCMT:winapinls.obj
 0004:00000060       $R000000                   00442060     * linker generated manifest res *
