 basics

 Timestamp is 54165814 (Sun Sep 14 20:08:04 2014)

 Preferred load address is 00400000

 Start         Length     Name                   Class
 0001:00000000 0002ca60H .text$mn                CODE
 0002:00000000 000001d0H .idata$5                DATA
 0002:000001d0 00000004H .CRT$XCA                DATA
 0002:000001d4 00000004H .CRT$XCZ                DATA
 0002:000001d8 00000004H .CRT$XIA                DATA
 0002:000001dc 00000014H .CRT$XIC                DATA
 0002:000001f0 00000004H .CRT$XIY                DATA
 0002:000001f4 00000004H .CRT$XIZ                DATA
 0002:000001f8 00000004H .CRT$XPA                DATA
 0002:000001fc 00000008H .CRT$XPX                DATA
 0002:00000204 00000004H .CRT$XPXA               DATA
 0002:00000208 00000004H .CRT$XPZ                DATA
 0002:0000020c 00000004H .CRT$XTA                DATA
 0002:00000210 00000004H .CRT$XTZ                DATA
 0002:00000220 0000ea60H .rdata                  DATA
 0002:0000ec80 000000a8H .rdata$debug            DATA
 0002:0000ed30 0000000cH .rdata$sxdata           DATA
 0002:0000ed3c 00000004H .rtc$IAA                DATA
 0002:0000ed40 00000004H .rtc$IZZ                DATA
 0002:0000ed44 00000004H .rtc$TAA                DATA
 0002:0000ed48 00000004H .rtc$TZZ                DATA
 0002:0000ed50 00000644H .xdata$x                DATA
 0002:0000f394 00000000H .edata                  DATA
 0002:0000f394 00000050H .idata$2                DATA
 0002:0000f3e4 00000014H .idata$3                DATA
 0002:0000f3f8 000001d0H .idata$4                DATA
 0002:0000f5c8 000007feH .idata$6                DATA
 0003:00000000 000015e8H .data                   DATA
 0003:00001600 000023bcH .bss                    DATA
 0004:00000000 00000058H .rsrc$01                DATA
 0004:00000060 00000180H .rsrc$02                DATA

  Address         Publics by Value              Rva+Base       Lib:Object

 0000:00000000       __except_list              00000000     <absolute>
 0000:00000000       ___guard_flags             00000000     <absolute>
 0000:00000000       ___guard_fids_count        00000000     <absolute>
 0000:00000000       ___guard_fids_table        00000000     <absolute>
 0000:00000003       ___safe_se_handler_count   00000003     <absolute>
 0000:00000000       ___ImageBase               00400000     <linker-defined>
 0001:00000000       _BuildPopupMenu            00401000 f   basics.obj
 0001:00000050       _SelectFromMenu            00401050 f   basics.obj
 0001:00000110       _animation                 00401110 f   basics.obj
 0001:00000120       _bgimage                   00401120 f   basics.obj
 0001:000001a0       _display                   004011a0 f   basics.obj
 0001:000002c0       _drawAxes                  004012c0 f   basics.obj
 0001:00000340       _drawCircle                00401340 f   basics.obj
 0001:000003e0       _drawLine                  004013e0 f   basics.obj
 0001:00000440       _drawSquare                00401440 f   basics.obj
 0001:000004d0       _flipImag                  004014d0 f   basics.obj
 0001:00000570       _getImageColor             00401570 f   basics.obj
 0001:00000620       _init                      00401620 f   basics.obj
 0001:000006c0       _loadPNG                   004016c0 f   basics.obj
 0001:000006f0       _main                      004016f0 f   basics.obj
 0001:00000770       _myMouse                   00401770 f   basics.obj
 0001:000007e0       _renderStickMan            004017e0 f   basics.obj
 0001:00008a80       _stbi_convert_iphone_png_to_rgb 00409a80 f   stb_image.obj
 0001:00008b40       _stbi_failure_reason       00409b40 f   stb_image.obj
 0001:00009760       _stbi_hdr_to_ldr_gamma     0040a760 f   stb_image.obj
 0001:00009780       _stbi_hdr_to_ldr_scale     0040a780 f   stb_image.obj
 0001:000097a0       _stbi_image_free           0040a7a0 f   stb_image.obj
 0001:000097b0       _stbi_info                 0040a7b0 f   stb_image.obj
 0001:00009800       _stbi_info_from_callbacks  0040a800 f   stb_image.obj
 0001:00009860       _stbi_info_from_file       0040a860 f   stb_image.obj
 0001:000098e0       _stbi_info_from_memory     0040a8e0 f   stb_image.obj
 0001:00009a00       _stbi_is_hdr               0040aa00 f   stb_image.obj
 0001:00009a40       _stbi_is_hdr_from_callbacks 0040aa40 f   stb_image.obj
 0001:00009a90       _stbi_is_hdr_from_file     0040aa90 f   stb_image.obj
 0001:00009ad0       _stbi_is_hdr_from_memory   0040aad0 f   stb_image.obj
 0001:00009c70       _stbi_ldr_to_hdr_gamma     0040ac70 f   stb_image.obj
 0001:00009c90       _stbi_ldr_to_hdr_scale     0040ac90 f   stb_image.obj
 0001:00009cb0       _stbi_load                 0040acb0 f   stb_image.obj
 0001:00009d10       _stbi_load_from_callbacks  0040ad10 f   stb_image.obj
 0001:00009d80       _stbi_load_from_file       0040ad80 f   stb_image.obj
 0001:00009de0       _stbi_load_from_memory     0040ade0 f   stb_image.obj
 0001:00009fc0       _stbi_loadf                0040afc0 f   stb_image.obj
 0001:0000a010       _stbi_loadf_from_callbacks 0040b010 f   stb_image.obj
 0001:0000a080       _stbi_loadf_from_file      0040b080 f   stb_image.obj
 0001:0000a0e0       _stbi_loadf_from_memory    0040b0e0 f   stb_image.obj
 0001:0000a150       _stbi_loadf_main           0040b150 f   stb_image.obj
 0001:0000a9f0       _stbi_set_unpremultiply_on_load 0040b9f0 f   stb_image.obj
 0001:0000aa40       _stbi_zlib_decode_buffer   0040ba40 f   stb_image.obj
 0001:0000aab0       _stbi_zlib_decode_malloc   0040bab0 f   stb_image.obj
 0001:0000aad0       _stbi_zlib_decode_malloc_guesssize 0040bad0 f   stb_image.obj
 0001:0000ab80       _stbi_zlib_decode_malloc_guesssize_headerflag 0040bb80 f   stb_image.obj
 0001:0000ac30       _stbi_zlib_decode_noheader_buffer 0040bc30 f   stb_image.obj
 0001:0000aca0       _stbi_zlib_decode_noheader_malloc 0040bca0 f   stb_image.obj
 0001:0000bab4       _Sleep@4                   0040cab4 f   kernel32:KERNEL32.dll
 0001:0000baba       _glBegin@4                 0040caba f   opengl32:OPENGL32.dll
 0001:0000bac0       _glClear@4                 0040cac0 f   opengl32:OPENGL32.dll
 0001:0000bac6       _glClearColor@16           0040cac6 f   opengl32:OPENGL32.dll
 0001:0000bacc       _glColor3f@12              0040cacc f   opengl32:OPENGL32.dll
 0001:0000bad2       _glDrawPixels@20           0040cad2 f   opengl32:OPENGL32.dll
 0001:0000bad8       _glEnd@0                   0040cad8 f   opengl32:OPENGL32.dll
 0001:0000bade       _glFlush@0                 0040cade f   opengl32:OPENGL32.dll
 0001:0000bae4       _glGetFloatv@8             0040cae4 f   opengl32:OPENGL32.dll
 0001:0000baea       _glLoadIdentity@0          0040caea f   opengl32:OPENGL32.dll
 0001:0000baf0       _glMatrixMode@4            0040caf0 f   opengl32:OPENGL32.dll
 0001:0000baf6       _glPopMatrix@0             0040caf6 f   opengl32:OPENGL32.dll
 0001:0000bafc       _glPushMatrix@0            0040cafc f   opengl32:OPENGL32.dll
 0001:0000bb02       _glRasterPos2i@8           0040cb02 f   opengl32:OPENGL32.dll
 0001:0000bb08       _glRotatef@16              0040cb08 f   opengl32:OPENGL32.dll
 0001:0000bb0e       _glScalef@12               0040cb0e f   opengl32:OPENGL32.dll
 0001:0000bb14       _glTranslatef@12           0040cb14 f   opengl32:OPENGL32.dll
 0001:0000bb1a       _glVertex2f@8              0040cb1a f   opengl32:OPENGL32.dll
 0001:0000bb20       _glViewport@16             0040cb20 f   opengl32:OPENGL32.dll
 0001:0000bb26       _gluOrtho2D@32             0040cb26 f   glu32:GLU32.dll
 0001:0000bb2c       ___glutInitWithExit@12     0040cb2c f   glut32:glut32.dll
 0001:0000bb32       _glutInitDisplayMode@4     0040cb32 f   glut32:glut32.dll
 0001:0000bb38       _glutInitWindowPosition@8  0040cb38 f   glut32:glut32.dll
 0001:0000bb3e       _glutInitWindowSize@8      0040cb3e f   glut32:glut32.dll
 0001:0000bb44       _glutMainLoop@0            0040cb44 f   glut32:glut32.dll
 0001:0000bb4a       ___glutCreateWindowWithExit@8 0040cb4a f   glut32:glut32.dll
 0001:0000bb50       _glutPostRedisplay@0       0040cb50 f   glut32:glut32.dll
 0001:0000bb56       ___glutCreateMenuWithExit@8 0040cb56 f   glut32:glut32.dll
 0001:0000bb5c       _glutAddMenuEntry@8        0040cb5c f   glut32:glut32.dll
 0001:0000bb62       _glutAddSubMenu@8          0040cb62 f   glut32:glut32.dll
 0001:0000bb68       _glutAttachMenu@4          0040cb68 f   glut32:glut32.dll
 0001:0000bb6e       _glutDisplayFunc@4         0040cb6e f   glut32:glut32.dll
 0001:0000bb74       _glutMouseFunc@4           0040cb74 f   glut32:glut32.dll
 0001:0000bb7a       _glutIdleFunc@4            0040cb7a f   glut32:glut32.dll
 0001:0000bb80       ___copy_path_to_wide_string 0040cb80 f   LIBCMT:crt0dat.obj
 0001:0000bc32       ___copy_to_char            0040cc32 f   LIBCMT:crt0dat.obj
 0001:0000bce7       ___crtCorExitProcess       0040cce7 f   LIBCMT:crt0dat.obj
 0001:0000bd1b       ___crtExitProcess          0040cd1b f   LIBCMT:crt0dat.obj
 0001:0000bd31       ___freeCrtMemory           0040cd31 f   LIBCMT:crt0dat.obj
 0001:0000be3e       __amsg_exit                0040ce3e f   LIBCMT:crt0dat.obj
 0001:0000be5a       __c_exit                   0040ce5a f   LIBCMT:crt0dat.obj
 0001:0000be69       __cexit                    0040ce69 f   LIBCMT:crt0dat.obj
 0001:0000be78       __cinit                    0040ce78 f   LIBCMT:crt0dat.obj
 0001:0000befc       __exit                     0040cefc f   LIBCMT:crt0dat.obj
 0001:0000bf10       __exit_app                 0040cf10 f   LIBCMT:crt0dat.obj
 0001:0000bf1e       __get_pgmptr               0040cf1e f   LIBCMT:crt0dat.obj
 0001:0000bf4d       __get_wpgmptr              0040cf4d f   LIBCMT:crt0dat.obj
 0001:0000bf7c       __init_pointers            0040cf7c f   LIBCMT:crt0dat.obj
 0001:0000bfea       __initterm_e               0040cfea f   LIBCMT:crt0dat.obj
 0001:0000c00c       __lockexit                 0040d00c f   LIBCMT:crt0dat.obj
 0001:0000c015       __unlockexit               0040d015 f   LIBCMT:crt0dat.obj
 0001:0000c14d       _exit                      0040d14d f   LIBCMT:crt0dat.obj
 0001:0000c161       __get_printf_count_output  0040d161 f   LIBCMT:printf.obj
 0001:0000c176       __printf_l                 0040d176 f   LIBCMT:printf.obj
 0001:0000c18d       __printf_p                 0040d18d f   LIBCMT:printf.obj
 0001:0000c1a3       __printf_p_l               0040d1a3 f   LIBCMT:printf.obj
 0001:0000c1ba       __printf_s_l               0040d1ba f   LIBCMT:printf.obj
 0001:0000c1d1       __set_printf_count_output  0040d1d1 f   LIBCMT:printf.obj
 0001:0000c1f9       _printf                    0040d1f9 f   LIBCMT:printf.obj
 0001:0000c2a8       _printf_s                  0040d2a8 f   LIBCMT:printf.obj
 0001:0000c2be       @__security_check_cookie@4 0040d2be f   LIBCMT:secchk.obj
 0001:0000c2d0       __libm_sse2_cos_precise    0040d2d0 f   LIBCMT:cos_sse2_precise.obj
 0001:0000c490       __libm_sse2_sin_precise    0040d490 f   LIBCMT:sin_sse2_precise.obj
 0001:0000c658       __fpmath                   0040d658 f   LIBCMT:fpinit.obj
 0001:0000c66f       ___setfflag                0040d66f f   LIBCMT:fpinit.obj
 0001:0000c682       __cfltcvt_init             0040d682 f   LIBCMT:fpinit.obj
 0001:0000c6e2       __fclose_nolock            0040d6e2 f   LIBCMT:fclose.obj
 0001:0000c74e       _fclose                    0040d74e f   LIBCMT:fclose.obj
 0001:0000c7c5       _feof                      0040d7c5 f   LIBCMT:feoferr.obj
 0001:0000c7eb       _ferror                    0040d7eb f   LIBCMT:feoferr.obj
 0001:0000c811       __fsopen                   0040d811 f   LIBCMT:fopen.obj
 0001:0000c8d5       _fopen                     0040d8d5 f   LIBCMT:fopen.obj
 0001:0000c8ea       _fopen_s                   0040d8ea f   LIBCMT:fopen.obj
 0001:0000c92f       __fread_nolock             0040d92f f   LIBCMT:fread.obj
 0001:0000c94a       __fread_nolock_s           0040d94a f   LIBCMT:fread.obj
 0001:0000cb0f       _fread                     0040db0f f   LIBCMT:fread.obj
 0001:0000cb2a       _fread_s                   0040db2a f   LIBCMT:fread.obj
 0001:0000cbbb       __fseek_nolock             0040dbbb f   LIBCMT:fseek.obj
 0001:0000cc4a       _fseek                     0040dc4a f   LIBCMT:fseek.obj
 0001:0000cccd       __ftell_nolock             0040dccd f   LIBCMT:ftell.obj
 0001:0000d05d       _ftell                     0040e05d f   LIBCMT:ftell.obj
 0001:0000d0c9       _ldexp                     0040e0c9 f   LIBCMT:ldexp.obj
 0001:0000d2c0       _strncmp                   0040e2c0 f   LIBCMT:strncmp.obj
 0001:0000d338       ??0_LocaleUpdate@@QAE@PAUlocaleinfo_struct@@@Z 0040e338 f i LIBCMT:strtol.obj
 0001:0000d3c0       ??1_LocaleUpdate@@QAE@XZ   0040e3c0 f i LIBCMT:strtol.obj
 0001:0000d3ce       ?GetLocaleT@_LocaleUpdate@@QAEPAUlocaleinfo_struct@@XZ 0040e3ce f i LIBCMT:strtol.obj
 0001:0000d5f7       __strtol_l                 0040e5f7 f   LIBCMT:strtol.obj
 0001:0000d612       __strtoul_l                0040e612 f   LIBCMT:strtol.obj
 0001:0000d62d       _strtol                    0040e62d f   LIBCMT:strtol.obj
 0001:0000d657       _strtoul                   0040e657 f   LIBCMT:strtol.obj
 0001:0000d681       _free                      0040e681 f   LIBCMT:free.obj
 0001:0000d6b9       __heap_alloc               0040e6b9 f i LIBCMT:malloc.obj
 0001:0000d6f6       _malloc                    0040e6f6 f   LIBCMT:malloc.obj
 0001:0000d788       _realloc                   0040e788 f   LIBCMT:realloc.obj
 0001:0000d840       __chkstk                   0040e840 f   LIBCMT:chkstk.obj
 0001:0000d840       __alloca_probe             0040e840 f   LIBCMT:chkstk.obj
 0001:0000d870       __libm_sse2_pow_precise    0040e870 f   LIBCMT:pow_sse2_precise.obj
 0001:0000e3e0       _memcpy                    0040f3e0 f   LIBCMT:memcpy.obj
 0001:0000ea30       _memset                    0040fa30 f   LIBCMT:memset.obj
 0001:0000ec81       _mainCRTStartup            0040fc81 f   LIBCMT:crt0.obj
 0001:0000ec8b       ?_invalid_parameter@@YAXPBG00II@Z 0040fc8b f   LIBCMT:invarg.obj
 0001:0000ec90       ?_invoke_watson@@YAXPBG00II@Z 0040fc90 f   LIBCMT:invarg.obj
 0001:0000eca8       __call_reportfault         0040fca8 f   LIBCMT:invarg.obj
 0001:0000edcd       __get_invalid_parameter_handler 0040fdcd f   LIBCMT:invarg.obj
 0001:0000edda       __initp_misc_invarg        0040fdda f   LIBCMT:invarg.obj
 0001:0000ede7       __invalid_parameter        0040fde7 f   LIBCMT:invarg.obj
 0001:0000ee12       __invalid_parameter_noinfo 0040fe12 f   LIBCMT:invarg.obj
 0001:0000ee22       __invalid_parameter_noinfo_noreturn 0040fe22 f   LIBCMT:invarg.obj
 0001:0000ee3d       __invoke_watson            0040fe3d f   LIBCMT:invarg.obj
 0001:0000ee68       __set_invalid_parameter_handler 0040fe68 f   LIBCMT:invarg.obj
 0001:0000ee8d       __RTC_Initialize           0040fe8d f   LIBCMT:initsect.obj
 0001:0000eead       __RTC_Terminate            0040fead f   LIBCMT:initsect.obj
 0001:0000eecd       __lock                     0040fecd f   LIBCMT:mlock.obj
 0001:0000ef01       __lockerr_exit             0040ff01 f   LIBCMT:mlock.obj
 0001:0000ef21       __mtdeletelocks            0040ff21 f   LIBCMT:mlock.obj
 0001:0000ef75       __mtinitlocknum            0040ff75 f   LIBCMT:mlock.obj
 0001:0000f01e       __mtinitlocks              0041001e f   LIBCMT:mlock.obj
 0001:0000f057       __unlock                   00410057 f   LIBCMT:mlock.obj
 0001:0000f099       ___crtCloseThreadpoolTimer 00410099 f   LIBCMT:winapisupp.obj
 0001:0000f0b0       ___crtCloseThreadpoolWait  004100b0 f   LIBCMT:winapisupp.obj
 0001:0000f0c7       ___crtCreateEventExW       004100c7 f   LIBCMT:winapisupp.obj
 0001:0000f102       ___crtCreateSemaphoreExW   00410102 f   LIBCMT:winapisupp.obj
 0001:0000f13c       ___crtCreateSymbolicLinkW  0041013c f   LIBCMT:winapisupp.obj
 0001:0000f165       ___crtCreateThreadpoolTimer 00410165 f   LIBCMT:winapisupp.obj
 0001:0000f186       ___crtCreateThreadpoolWait 00410186 f   LIBCMT:winapisupp.obj
 0001:0000f1a7       ___crtFlsAlloc             004101a7 f   LIBCMT:winapisupp.obj
 0001:0000f1c5       ___crtFlsFree              004101c5 f   LIBCMT:winapisupp.obj
 0001:0000f1e4       ___crtFlsGetValue          004101e4 f   LIBCMT:winapisupp.obj
 0001:0000f203       ___crtFlsSetValue          00410203 f   LIBCMT:winapisupp.obj
 0001:0000f225       ___crtFlushProcessWriteBuffers 00410225 f   LIBCMT:winapisupp.obj
 0001:0000f235       ___crtFreeLibraryWhenCallbackReturns 00410235 f   LIBCMT:winapisupp.obj
 0001:0000f24f       ___crtGetCurrentProcessorNumber 0041024f f   LIBCMT:winapisupp.obj
 0001:0000f261       ___crtGetFileInformationByHandleEx 00410261 f   LIBCMT:winapisupp.obj
 0001:0000f28d       ___crtGetLogicalProcessorInformation 0041028d f   LIBCMT:winapisupp.obj
 0001:0000f2b3       ___crtGetShowWindowMode    004102b3 f   LIBCMT:winapisupp.obj
 0001:0000f2d6       ___crtGetTickCount64       004102d6 f   LIBCMT:winapisupp.obj
 0001:0000f2ee       ___crtInitializeCriticalSectionEx 004102ee f   LIBCMT:winapisupp.obj
 0001:0000f31c       ___crtIsPackagedApp        0041031c f   LIBCMT:winapisupp.obj
 0001:0000f35c       ___crtLoadWinApiPointers   0041035c f   LIBCMT:winapisupp.obj
 0001:0000f5e7       ___crtSetFileInformationByHandle 004105e7 f   LIBCMT:winapisupp.obj
 0001:0000f613       ___crtSetThreadStackGuarantee 00410613 f   LIBCMT:winapisupp.obj
 0001:0000f62e       ___crtSetThreadpoolTimer   0041062e f   LIBCMT:winapisupp.obj
 0001:0000f64e       ___crtSetThreadpoolWait    0041064e f   LIBCMT:winapisupp.obj
 0001:0000f66b       ___crtSetUnhandledExceptionFilter 0041066b f   LIBCMT:winapisupp.obj
 0001:0000f679       ___crtSleep                00410679 f   LIBCMT:winapisupp.obj
 0001:0000f687       ___crtTerminateProcess     00410687 f   LIBCMT:winapisupp.obj
 0001:0000f69c       ___crtUnhandledException   0041069c f   LIBCMT:winapisupp.obj
 0001:0000f6b2       ___crtWaitForThreadpoolTimerCallbacks 004106b2 f   LIBCMT:winapisupp.obj
 0001:0000f6cc       __FF_MSGBANNER             004106cc f   LIBCMT:crt0msg.obj
 0001:0000f705       __GET_RTERRMSG             00410705 f   LIBCMT:crt0msg.obj
 0001:0000f729       __NMSG_WRITE               00410729 f   LIBCMT:crt0msg.obj
 0001:0000f8e6       __invoke_watson_if_error   004108e6 f i LIBCMT:crt0msg.obj
 0001:0000f906       ___doserrno                00410906 f   LIBCMT:dosmap.obj
 0001:0000f919       __dosmaperr                00410919 f   LIBCMT:dosmap.obj
 0001:0000f93a       __errno                    0041093a f   LIBCMT:dosmap.obj
 0001:0000f94d       __get_doserrno             0041094d f   LIBCMT:dosmap.obj
 0001:0000f970       __get_errno                00410970 f   LIBCMT:dosmap.obj
 0001:0000f993       __get_errno_from_oserr     00410993 f   LIBCMT:dosmap.obj
 0001:0000f9d4       __set_doserrno             004109d4 f   LIBCMT:dosmap.obj
 0001:0000f9f3       __set_errno                004109f3 f   LIBCMT:dosmap.obj
 0001:0000fa20       __FindPESection            00410a20 f   LIBCMT:pesect.obj
 0001:0000fa70       __IsNonwritableInCurrentImage 00410a70 f   LIBCMT:pesect.obj
 0001:0000fb30       __ValidateImageBase        00410b30 f   LIBCMT:pesect.obj
 0001:0000fb61       ___onexitinit              00410b61 f   LIBCMT:onexit.obj
 0001:0000fb90       __onexit                   00410b90 f   LIBCMT:onexit.obj
 0001:0000fc8c       _atexit                    00410c8c f   LIBCMT:onexit.obj
 0001:0000fca1       __calloc_crt               00410ca1 f   LIBCMT:crtheap.obj
 0001:0000fce9       __malloc_crt               00410ce9 f   LIBCMT:crtheap.obj
 0001:0000fd30       __realloc_crt              00410d30 f   LIBCMT:crtheap.obj
 0001:0000fd7a       __recalloc_crt             00410d7a f   LIBCMT:crtheap.obj
 0001:0000fdc8       __set_malloc_crt_max_wait  00410dc8 f   LIBCMT:crtheap.obj
 0001:0000fddb       _wait_a_bit                00410ddb f i LIBCMT:crtheap.obj
 0001:0000fdff       __initp_misc_cfltcvt_tab   00410dff f   LIBCMT:cmiscdat.obj
 0001:0000fe1e       ?_inconsistency@@YAXXZ     00410e1e f   LIBCMT:hooks.obj
 0001:0000fe56       ?terminate@@YAXXZ          00410e56 f   LIBCMT:hooks.obj
 0001:0000fe8a       ?unexpected@@YAXXZ         00410e8a f   LIBCMT:hooks.obj
 0001:0000fe9d       __initp_eh_hooks           00410e9d f   LIBCMT:hooks.obj
 0001:0000feae       ?_query_new_handler@@YAP6AHI@ZXZ 00410eae f   LIBCMT:handler.obj
 0001:0000febb       ?_set_new_handler@@YAP6AHI@ZH@Z 00410ebb f   LIBCMT:handler.obj
 0001:0000fec4       ?_set_new_handler@@YAP6AHI@ZP6AHI@Z@Z 00410ec4 f   LIBCMT:handler.obj
 0001:0000fef9       __callnewh                 00410ef9 f   LIBCMT:handler.obj
 0001:0000ff1f       __initp_heap_handler       00410f1f f   LIBCMT:handler.obj
 0001:0000ff2c       ___getlocaleinfo           00410f2c f   LIBCMT:inithelp.obj
 0001:00010105       __initp_misc_purevirt      00411105 f   LIBCMT:inithelp.obj
 0001:00010112       ___fpecode                 00411112 f   LIBCMT:winsig.obj
 0001:0001011b       ___get_sigabrt             0041111b f   LIBCMT:winsig.obj
 0001:00010128       ___pxcptinfoptrs           00411128 f   LIBCMT:winsig.obj
 0001:00010131       __initp_misc_winsig        00411131 f   LIBCMT:winsig.obj
 0001:000101f2       _raise                     004111f2 f   LIBCMT:winsig.obj
 0001:000103e7       _signal                    004113e7 f   LIBCMT:winsig.obj
 0001:0001063e       __initp_misc_rand_s        0041163e f   LIBCMT:rand_s.obj
 0001:0001064b       _rand_s                    0041164b f   LIBCMT:rand_s.obj
 0001:00010760       __SEH_prolog4              00411760 f   LIBCMT:sehprolg4.obj
 0001:000107a5       __SEH_epilog4              004117a5 f   LIBCMT:sehprolg4.obj
 0001:00010800       __except_handler4          00411800 f   LIBCMT:chandler4.obj
 0001:00010994       ___initmbctable            00411994 f   LIBCMT:mbctype.obj
 0001:00010c4b       ___updatetmbcinfo          00411c4b f   LIBCMT:mbctype.obj
 0001:00010cf1       __getmbcp                  00411cf1 f   LIBCMT:mbctype.obj
 0001:00010d22       __setmbcp                  00411d22 f   LIBCMT:mbctype.obj
 0001:00010eca       __setmbcp_nolock           00411eca f   LIBCMT:mbctype.obj
 0001:000110b5       __ftbuf                    004120b5 f   LIBCMT:_sftbuf.obj
 0001:000110e6       __stbuf                    004120e6 f   LIBCMT:_sftbuf.obj
 0001:0001118c       ___initstdio               0041218c f   LIBCMT:_file.obj
 0001:000111ff       ___endstdio                004121ff f   LIBCMT:_file.obj
 0001:00011226       ___iob_func                00412226 f   LIBCMT:_file.obj
 0001:0001122c       __lock_file                0041222c f   LIBCMT:_file.obj
 0001:0001126b       __lock_file2               0041226b f   LIBCMT:_file.obj
 0001:0001129b       __unlock_file              0041229b f   LIBCMT:_file.obj
 0001:000112d5       __unlock_file2             004122d5 f   LIBCMT:_file.obj
 0001:00011302       __vprintf_l                00412302 f   LIBCMT:vprintf.obj
 0001:0001131d       __vprintf_p                0041231d f   LIBCMT:vprintf.obj
 0001:00011337       __vprintf_p_l              00412337 f   LIBCMT:vprintf.obj
 0001:00011352       __vprintf_s_l              00412352 f   LIBCMT:vprintf.obj
 0001:0001136d       _vprintf                   0041236d f   LIBCMT:vprintf.obj
 0001:00011387       _vprintf_helper            00412387 f   LIBCMT:vprintf.obj
 0001:00011414       _vprintf_s                 00412414 f   LIBCMT:vprintf.obj
 0001:0001142e       __output_l                 0041242e f   LIBCMT:output.obj
 0001:00011fae       _get_int64_arg             00412fae f i LIBCMT:output.obj
 0001:00011fc1       _get_int_arg               00412fc1 f i LIBCMT:output.obj
 0001:00011fd1       _get_short_arg             00412fd1 f i LIBCMT:output.obj
 0001:000120ce       ___raise_securityfailure   004130ce f   LIBCMT:gs_report.obj
 0001:0001210b       ___report_gsfailure        0041310b f   LIBCMT:gs_report.obj
 0001:00012206       ___report_rangecheckfailure 00413206 f   LIBCMT:gs_report.obj
 0001:00012212       ___report_securityfailure  00413212 f   LIBCMT:gs_report.obj
 0001:000122e2       ___report_securityfailureEx 004132e2 f   LIBCMT:gs_report.obj
 0001:00012400       _cos                       00413400 f   LIBCMT:cos.obj
 0001:00012440       __CIcos                    00413440 f   LIBCMT:cos.obj
 0001:0001247b       __CIcos_default            0041347b f   LIBCMT:cos.obj
 0001:0001248f       __cos_default              0041348f     LIBCMT:cos.obj
 0001:00012530       _sin                       00413530 f   LIBCMT:sin.obj
 0001:00012570       __CIsin                    00413570 f   LIBCMT:sin.obj
 0001:000125ab       __CIsin_default            004135ab f   LIBCMT:sin.obj
 0001:000125bf       __sin_default              004135bf     LIBCMT:sin.obj
 0001:00012659       ?strrchr@@YAPADPADH@Z      00413659 f i LIBCMT:cvt.obj
 0001:00012662       __cfltcvt                  00413662 f   LIBCMT:cvt.obj
 0001:00012683       __cfltcvt_l                00413683 f   LIBCMT:cvt.obj
 0001:00012709       __cftoa                    00413709 f   LIBCMT:cvt.obj
 0001:00012727       __cftoa_l                  00413727 f   LIBCMT:cvt.obj
 0001:00012a83       __cftoe                    00413a83 f   LIBCMT:cvt.obj
 0001:00012bf2       __cftoe_l                  00413bf2 f   LIBCMT:cvt.obj
 0001:00012cc0       __cftof                    00413cc0 f   LIBCMT:cvt.obj
 0001:00012dc7       __cftof_l                  00413dc7 f   LIBCMT:cvt.obj
 0001:00012e88       __cftog                    00413e88 f   LIBCMT:cvt.obj
 0001:00012ea6       __cftog_l                  00413ea6 f   LIBCMT:cvt.obj
 0001:00012fa5       __cropzeros                00413fa5 f   LIBCMT:cvt.obj
 0001:00012fb6       __cropzeros_l              00413fb6 f   LIBCMT:cvt.obj
 0001:00013036       __fassign                  00414036 f   LIBCMT:cvt.obj
 0001:0001304e       __fassign_l                0041404e f   LIBCMT:cvt.obj
 0001:00013090       __forcdecpt                00414090 f   LIBCMT:cvt.obj
 0001:000130a1       __forcdecpt_l              004140a1 f   LIBCMT:cvt.obj
 0001:00013115       __positive                 00414115 f   LIBCMT:cvt.obj
 0001:00013157       __setdefaultprecision      00414157 f   LIBCMT:fp8.obj
 0001:0001317e       __fileno                   0041417e f   LIBCMT:fileno.obj
 0001:000131a2       __close                    004141a2 f   LIBCMT:close.obj
 0001:0001327d       __close_nolock             0041427d f   LIBCMT:close.obj
 0001:00013317       __freebuf                  00414317 f   LIBCMT:_freebuf.obj
 0001:00013347       __fflush_nolock            00414347 f   LIBCMT:fflush.obj
 0001:0001338d       __flush                    0041438d f   LIBCMT:fflush.obj
 0001:000133f1       __flushall                 004143f1 f   LIBCMT:fflush.obj
 0001:000133fa       _fflush                    004143fa f   LIBCMT:fflush.obj
 0001:00013537       __getstream                00414537 f   LIBCMT:stream.obj
 0001:00013656       __openfile                 00414656 f   LIBCMT:_open.obj
 0001:000138d0       __local_unwind4            004148d0 f   LIBCMT:exsup4.obj
 0001:000139a6       __seh_longjmp_unwind4@4    004149a6 f   LIBCMT:exsup4.obj
 0001:000139c2       @_EH4_CallFilterFunc@8     004149c2 f   LIBCMT:exsup4.obj
 0001:000139d9       @_EH4_TransferToHandler@8  004149d9 f   LIBCMT:exsup4.obj
 0001:000139f2       @_EH4_GlobalUnwind2@8      004149f2 f   LIBCMT:exsup4.obj
 0001:00013a0b       @_EH4_LocalUnwind@16       00414a0b f   LIBCMT:exsup4.obj
 0001:00013a22       __filbuf                   00414a22 f   LIBCMT:_filbuf.obj
 0001:00013b43       _memcpy_s                  00414b43 f   LIBCMT:memcpy_s.obj
 0001:00013bc2       __read                     00414bc2 f   LIBCMT:read.obj
 0001:00013cd6       __read_nolock              00414cd6 f   LIBCMT:read.obj
 0001:00014467       __lseek                    00415467 f   LIBCMT:lseek.obj
 0001:00014556       __lseek_nolock             00415556 f   LIBCMT:lseek.obj
 0001:000145fd       __lseeki64                 004155fd f   LIBCMT:lseeki64.obj
 0001:000146f9       __lseeki64_nolock          004156f9 f   LIBCMT:lseeki64.obj
 0001:0001476c       __ioinit                   0041576c f   LIBCMT:ioinit.obj
 0001:00014a20       __ioterm                   00415a20 f   LIBCMT:ioinit.obj
 0001:00014a72       __chgsign                  00415a72 f   LIBCMT:ieeemisc.obj
 0001:00014a9f       __chgsignf                 00415a9f f   LIBCMT:ieeemisc.obj
 0001:00014ac0       __copysign                 00415ac0 f   LIBCMT:ieeemisc.obj
 0001:00014ae8       __copysignf                00415ae8 f   LIBCMT:ieeemisc.obj
 0001:00014b04       __finite                   00415b04 f   LIBCMT:ieeemisc.obj
 0001:00014b1c       __fpclass                  00415b1c f   LIBCMT:ieeemisc.obj
 0001:00014bb8       __isnan                    00415bb8 f   LIBCMT:ieeemisc.obj
 0001:00014beb       __logb                     00415beb f   LIBCMT:ieeemisc.obj
 0001:00014ccc       __nextafter                00415ccc f   LIBCMT:ieeemisc.obj
 0001:00014f6c       __scalb                    00415f6c f   LIBCMT:ieeemisc.obj
 0001:00014f84       __add_exp                  00415f84 f   LIBCMT:util.obj
 0001:00014fb3       __decomp                   00415fb3 f   LIBCMT:util.obj
 0001:00015085       __get_exp                  00416085 f   LIBCMT:util.obj
 0001:0001509e       __set_bexp                 0041609e f   LIBCMT:util.obj
 0001:000150c7       __set_exp                  004160c7 f   LIBCMT:util.obj
 0001:000150f6       __sptype                   004160f6 f   LIBCMT:util.obj
 0001:00015151       __errcode                  00416151 f   LIBCMT:fpexcept.obj
 0001:00015183       __except1                  00416183 f   LIBCMT:fpexcept.obj
 0001:0001524b       __except2                  0041624b f   LIBCMT:fpexcept.obj
 0001:0001534b       __handle_exc               0041634b f   LIBCMT:fpexcept.obj
 0001:00015529       __handle_qnan1             00416529 f   LIBCMT:fpexcept.obj
 0001:00015579       __handle_qnan2             00416579 f   LIBCMT:fpexcept.obj
 0001:000155d9       __raise_exc                004165d9 f   LIBCMT:fpexcept.obj
 0001:000155fa       __raise_exc_ex             004165fa f   LIBCMT:fpexcept.obj
 0001:000158df       __raise_excf               004168df f   LIBCMT:fpexcept.obj
 0001:00015900       __set_errno_from_matherr   00416900 f   LIBCMT:fpexcept.obj
 0001:0001592d       __umatherr                 0041692d f   LIBCMT:fpexcept.obj
 0001:000159cd       ___clrfp_sse2              004169cd f   LIBCMT:fpctrl.obj
 0001:000159ee       ___ctrlfp_sse2             004169ee f   LIBCMT:fpctrl.obj
 0001:00015a27       ___fclrf_sse2              00416a27 f   LIBCMT:fpctrl.obj
 0001:00015a44       ___get_fpsr_sse2           00416a44 f   LIBCMT:fpctrl.obj
 0001:00015a60       ___set_fpsr_sse2           00416a60 f   LIBCMT:fpctrl.obj
 0001:00015ad6       ___set_statfp_sse2         00416ad6 f   LIBCMT:fpctrl.obj
 0001:00015aef       ___statfp_sse2             00416aef f   LIBCMT:fpctrl.obj
 0001:00015b04       __clrfp                    00416b04 f   LIBCMT:fpctrl.obj
 0001:00015b15       __ctrlfp                   00416b15 f   LIBCMT:fpctrl.obj
 0001:00015b40       __set_statfp               00416b40 f   LIBCMT:fpctrl.obj
 0001:00015b98       __statfp                   00416b98 f   LIBCMT:fpctrl.obj
 0001:00015ba8       ___addlocaleref            00416ba8 f   LIBCMT:localref.obj
 0001:00015c3d       ___freetlocinfo            00416c3d f   LIBCMT:localref.obj
 0001:00015d97       ___removelocaleref         00416d97 f   LIBCMT:localref.obj
 0001:00015e37       ___updatetlocinfo          00416e37 f   LIBCMT:localref.obj
 0001:00015eb7       __updatetlocinfoEx_nolock  00416eb7 f   LIBCMT:localref.obj
 0001:00015f02       __isctype                  00416f02 f   LIBCMT:isctype.obj
 0001:00015f31       __isctype_l                00416f31 f   LIBCMT:isctype.obj
 0001:00015fe2       ___get_flsindex            00416fe2 f   LIBCMT:tidtable.obj
 0001:00015fe8       ___threadhandle            00416fe8 f   LIBCMT:tidtable.obj
 0001:00015fee       ___threadid                00416fee f   LIBCMT:tidtable.obj
 0001:00015ff4       __freefls@4                00416ff4 f   LIBCMT:tidtable.obj
 0001:00016129       __freeptd                  00417129 f   LIBCMT:tidtable.obj
 0001:0001615f       __getptd                   0041715f f   LIBCMT:tidtable.obj
 0001:00016177       __getptd_noexit            00417177 f   LIBCMT:tidtable.obj
 0001:000161e6       __initptd                  004171e6 f   LIBCMT:tidtable.obj
 0001:00016299       __mtinit                   00417299 f   LIBCMT:tidtable.obj
 0001:0001630f       __mtterm                   0041730f f   LIBCMT:tidtable.obj
 0001:0001632c       ___init_dummy              0041732c f   LIBCMT:wsetloca.obj
 0001:0001632f       __locterm                  0041732f f   LIBCMT:wsetloca.obj
 0001:00016381       ____setlc_active_func      00417381 f   LIBCMT:wsetloca.obj
 0001:00016387       ____unguarded_readlc_active_add_func 00417387 f   LIBCMT:wsetloca.obj
 0001:0001638d       ___copy_locale_name        0041738d f   LIBCMT:wsetloca.obj
 0001:000163f1       ___create_locale           004173f1 f   LIBCMT:wsetloca.obj
 0001:000163fa       ___free_locale             004173fa f   LIBCMT:wsetloca.obj
 0001:000163ff       ___get_current_locale      004173ff f   LIBCMT:wsetloca.obj
 0001:00016404       ___lc_lctowcs              00417404 f   LIBCMT:wsetloca.obj
 0001:00016472       ___lc_wcstolc              00417472 f   LIBCMT:wsetloca.obj
 0001:0001659e       __configthreadlocale       0041759e f   LIBCMT:wsetloca.obj
 0001:00016624       __create_locale            00417624 f   LIBCMT:wsetloca.obj
 0001:00016686       __expandlocale             00417686 f   LIBCMT:wsetloca.obj
 0001:0001697d       __free_locale              0041797d f   LIBCMT:wsetloca.obj
 0001:00016a34       __get_current_locale       00417a34 f   LIBCMT:wsetloca.obj
 0001:00016ae3       __wcreate_locale           00417ae3 f   LIBCMT:wsetloca.obj
 0001:00016bba       __wcscats                  00417bba f   LIBCMT:wsetloca.obj
 0001:00016bf9       __wsetlocale               00417bf9 f   LIBCMT:wsetloca.obj
 0001:0001753b       __get_heap_handle          0041853b f   LIBCMT:heapinit.obj
 0001:00017541       __heap_init                00418541 f   LIBCMT:heapinit.obj
 0001:00017556       __heap_term                00418556 f   LIBCMT:heapinit.obj
 0001:0001755e       ___libm_error_support      0041855e f   LIBCMT:libm_error.obj
 0001:00017846       ___libm_setusermatherr     00418846 f   LIBCMT:libm_error.obj
 0001:00017880       _pow                       00418880 f   LIBCMT:pow.obj
 0001:000178c0       __CIpow                    004188c0 f   LIBCMT:pow.obj
 0001:000178fb       __CIpow_default            004188fb f   LIBCMT:pow.obj
 0001:00017914       __pow_default              00418914     LIBCMT:pow.obj
 0001:00017b0a       ___isa_available_init      00418b0a f   LIBCMT:cpu_disp.obj
 0001:00017c83       __VEC_memset               00418c83 f   LIBCMT:p4_memset.obj
 0001:00017d4b       ?__CxxUnhandledExceptionFilter@@YGJPAU_EXCEPTION_POINTERS@@@Z 00418d4b f   LIBCMT:unhandld.obj
 0001:00017d8c       ___CxxSetUnhandledExceptionFilter 00418d8c f   LIBCMT:unhandld.obj
 0001:00017d9a       __XcptFilter               00418d9a f   LIBCMT:winxfltr.obj
 0001:00017ef5       ___CppXcptFilter           00418ef5 f   LIBCMT:winxfltr.obj
 0001:00017f47       __set_pgmptr               00418f47 f i LIBCMT:stdargv.obj
 0001:00017f54       __setargv                  00418f54 f   LIBCMT:stdargv.obj
 0001:00018183       __setenvp                  00419183 f   LIBCMT:stdenvp.obj
 0001:00018264       ___set_app_type            00419264 f   LIBCMT:errmode.obj
 0001:00018271       __set_error_mode           00419271 f   LIBCMT:errmode.obj
 0001:000182b1       ___security_init_cookie    004192b1 f   LIBCMT:gs_support.obj
 0001:0001834d       ___crtGetEnvironmentStringsA 0041934d f   LIBCMT:a_env.obj
 0001:000183da       __crt_debugger_hook        004193da f   LIBCMT:dbghook.obj
 0001:000183f0       _strlen                    004193f0 f   LIBCMT:strlen.obj
 0001:0001847b       _wcscat_s                  0041947b f   LIBCMT:wcscat_s.obj
 0001:000184e7       _wcscpy_s                  004194e7 f   LIBCMT:wcscpy_s.obj
 0001:00018543       _wcslen                    00419543 f   LIBCMT:wcslen.obj
 0001:0001855c       _wcsncpy_s                 0041955c f   LIBCMT:wcsncpy_s.obj
 0001:0001861a       ___crtMessageBoxW          0041961a f   LIBCMT:crtmboxw.obj
 0001:00018800       ___crtMessageBoxWaitThreadW@4 00419800 f   LIBCMT:crtmboxw.obj
 0001:0001881e       __msize                    0041981e f   LIBCMT:msize.obj
 0001:0001884f       __recalloc                 0041984f f   LIBCMT:recalloc.obj
 0001:000188b8       __calloc_impl              004198b8 f   LIBCMT:calloc_impl.obj
 0001:00018932       __fptrap                   00419932 f   LIBCMT:crt0fp.obj
 0001:0001893b       __set_abort_behavior       0041993b f   LIBCMT:abort.obj
 0001:0001895a       _abort                     0041995a f   LIBCMT:abort.obj
 0001:0001899d       _strncpy_s                 0041999d f   LIBCMT:strncpy_s.obj
 0001:00018b25       __MallocaIsSizeInRange     00419b25 f i LIBCMT:a_loc.obj
 0001:00018b36       __MarkAllocaS              00419b36 f i LIBCMT:a_loc.obj
 0001:00018b4a       ___crtGetLocaleInfoA       00419b4a f   LIBCMT:a_loc.obj
 0001:00018b84       __freea                    00419b84 f i LIBCMT:a_loc.obj
 0001:00018ba2       _GetTableIndexFromLcid     00419ba2 f   LIBCMT:winapinls.obj
 0001:00018bd7       _GetTableIndexFromLocaleName 00419bd7 f   LIBCMT:winapinls.obj
 0001:00018c25       ___crtCompareStringEx      00419c25 f   LIBCMT:winapinls.obj
 0001:00018c71       ___crtDownlevelLCIDToLocaleName 00419c71 f   LIBCMT:winapinls.obj
 0001:00018ced       ___crtDownlevelLocaleNameToLCID 00419ced f   LIBCMT:winapinls.obj
 0001:00018d2b       ___crtEnumSystemLocalesEx  00419d2b f   LIBCMT:winapinls.obj
 0001:00018d68       ___crtGetDateFormatEx      00419d68 f   LIBCMT:winapinls.obj
 0001:00018db1       ___crtGetLocaleInfoEx      00419db1 f   LIBCMT:winapinls.obj
 0001:00018de0       ___crtGetTimeFormatEx      00419de0 f   LIBCMT:winapinls.obj
 0001:00018e15       ___crtGetUserDefaultLocaleName 00419e15 f   LIBCMT:winapinls.obj
 0001:00018e40       ___crtIsValidLocaleName    00419e40 f   LIBCMT:winapinls.obj
 0001:00018e6b       ___crtLCMapStringEx        00419e6b f   LIBCMT:winapinls.obj
 0001:00018eb7       ___wcsnicmp_ascii          00419eb7 f   LIBCMT:winapinls.obj
 0001:00019149       ___crtLCMapStringA         0041a149 f   LIBCMT:a_map.obj
 0001:00019287       ___crtGetStringTypeA       0041a287 f   LIBCMT:a_str.obj
 0001:000192c7       __isatty                   0041a2c7 f   LIBCMT:isatty.obj
 0001:0001931b       __fcloseall                0041a31b f   LIBCMT:closeall.obj
 0001:000193b8       __output_s_l               0041a3b8 f   LIBCMT:outputs.obj
 0001:0001a040       __output_p_l               0041b040 f   LIBCMT:outputp.obj
 0001:0001b378       __validate_param_reuseA    0041c378 f   LIBCMT:outputp.obj
 0001:0001b4ae       _get_crtdouble_arg         0041c4ae f i LIBCMT:outputp.obj
 0001:0001b5ad       ___iswcsym                 0041c5ad f i LIBCMT:_wctype.obj
 0001:0001b5d1       ___iswcsymf                0041c5d1 f i LIBCMT:_wctype.obj
 0001:0001b5f5       __isleadbyte_l             0041c5f5 f i LIBCMT:_wctype.obj
 0001:0001b62f       __iswalnum_l               0041c62f f i LIBCMT:_wctype.obj
 0001:0001b643       __iswalpha_l               0041c643 f i LIBCMT:_wctype.obj
 0001:0001b657       __iswblank_l               0041c657 f i LIBCMT:_wctype.obj
 0001:0001b672       __iswcntrl_l               0041c672 f i LIBCMT:_wctype.obj
 0001:0001b683       __iswcsym_l                0041c683 f i LIBCMT:_wctype.obj
 0001:0001b6a7       __iswcsymf_l               0041c6a7 f i LIBCMT:_wctype.obj
 0001:0001b6cb       __iswdigit_l               0041c6cb f i LIBCMT:_wctype.obj
 0001:0001b6dc       __iswgraph_l               0041c6dc f i LIBCMT:_wctype.obj
 0001:0001b6f0       __iswlower_l               0041c6f0 f i LIBCMT:_wctype.obj
 0001:0001b701       __iswprint_l               0041c701 f i LIBCMT:_wctype.obj
 0001:0001b715       __iswpunct_l               0041c715 f i LIBCMT:_wctype.obj
 0001:0001b726       __iswspace_l               0041c726 f i LIBCMT:_wctype.obj
 0001:0001b737       __iswupper_l               0041c737 f i LIBCMT:_wctype.obj
 0001:0001b748       __iswxdigit_l              0041c748 f i LIBCMT:_wctype.obj
 0001:0001b75c       _isleadbyte                0041c75c f i LIBCMT:_wctype.obj
 0001:0001b76d       _iswalnum                  0041c76d f i LIBCMT:_wctype.obj
 0001:0001b781       _iswalpha                  0041c781 f i LIBCMT:_wctype.obj
 0001:0001b795       _iswascii                  0041c795 f i LIBCMT:_wctype.obj
 0001:0001b7a7       _iswblank                  0041c7a7 f i LIBCMT:_wctype.obj
 0001:0001b7c2       _iswcntrl                  0041c7c2 f i LIBCMT:_wctype.obj
 0001:0001b7d3       _iswdigit                  0041c7d3 f i LIBCMT:_wctype.obj
 0001:0001b7e4       _iswgraph                  0041c7e4 f i LIBCMT:_wctype.obj
 0001:0001b7f8       _iswlower                  0041c7f8 f i LIBCMT:_wctype.obj
 0001:0001b809       _iswprint                  0041c809 f i LIBCMT:_wctype.obj
 0001:0001b81d       _iswpunct                  0041c81d f i LIBCMT:_wctype.obj
 0001:0001b82e       _iswspace                  0041c82e f i LIBCMT:_wctype.obj
 0001:0001b83f       _iswupper                  0041c83f f i LIBCMT:_wctype.obj
 0001:0001b850       _iswxdigit                 0041c850 f i LIBCMT:_wctype.obj
 0001:0001b864       __flsbuf                   0041c864 f   LIBCMT:_flsbuf.obj
 0001:0001b9b3       __wctomb_l                 0041c9b3 f   LIBCMT:wctomb.obj
 0001:0001ba02       __wctomb_s_l               0041ca02 f   LIBCMT:wctomb.obj
 0001:0001bb26       _wctomb                    0041cb26 f   LIBCMT:wctomb.obj
 0001:0001bb59       _wctomb_s                  0041cb59 f   LIBCMT:wctomb.obj
 0001:0001bb80       __aulldvrm                 0041cb80 f   LIBCMT:ulldvrm.obj
 0001:0001bc15       __sse2_mathfcns_init       0041cc15 f   LIBCMT:mathfcns.obj
 0001:0001bc24       __set_SSE2_enable          0041cc24 f   LIBCMT:mathfcns.obj
 0001:0001bc50       __CIcos_pentium4           0041cc50 f   LIBCMT:cos_pentium4.obj
 0001:0001bc68       __cos_pentium4             0041cc68     LIBCMT:cos_pentium4.obj
 0001:0001be00       __trandisp1                0041ce00 f   LIBCMT:87disp.obj
 0001:0001be67       __trandisp2                0041ce67 f   LIBCMT:87disp.obj
 0001:0001bef3       __rttospopde               0041cef3     LIBCMT:87disp.obj
 0001:0001bef8       __rttospop                 0041cef8     LIBCMT:87disp.obj
 0001:0001befa       __rtnospop                 0041cefa     LIBCMT:87disp.obj
 0001:0001befc       __rttosnpop                0041cefc     LIBCMT:87disp.obj
 0001:0001befd       __rtnospopde               0041cefd     LIBCMT:87disp.obj
 0001:0001bf04       __rtzeropop                0041cf04     LIBCMT:87disp.obj
 0001:0001bf06       __rtzeronpop               0041cf06     LIBCMT:87disp.obj
 0001:0001bf0b       __rtonepop                 0041cf0b     LIBCMT:87disp.obj
 0001:0001bf0d       __rtonenpop                0041cf0d     LIBCMT:87disp.obj
 0001:0001bf12       __tosnan1                  0041cf12     LIBCMT:87disp.obj
 0001:0001bf3d       __nosnan2                  0041cf3d     LIBCMT:87disp.obj
 0001:0001bf3f       __tosnan2                  0041cf3f     LIBCMT:87disp.obj
 0001:0001bf67       __nan2                     0041cf67     LIBCMT:87disp.obj
 0001:0001bfa6       __rtindfpop                0041cfa6     LIBCMT:87disp.obj
 0001:0001bfa8       __rtindfnpop               0041cfa8     LIBCMT:87disp.obj
 0001:0001bfb9       __rttosnpopde              0041cfb9     LIBCMT:87disp.obj
 0001:0001bfc3       __rtchsifneg               0041cfc3     LIBCMT:87disp.obj
 0001:0001bfd0       __twoToTOS                 0041cfd0 f   LIBCMT:common.obj
 0001:0001bfe5       __load_CW                  0041cfe5 f   LIBCMT:common.obj
 0001:0001bffc       __convertTOStoQNaN         0041cffc f   LIBCMT:common.obj
 0001:0001c015       __fload_withFB             0041d015 f   LIBCMT:common.obj
 0001:0001c058       __checkTOS_withFB          0041d058 f   LIBCMT:common.obj
 0001:0001c06e       __fast_exit                0041d06e f   LIBCMT:common.obj
 0001:0001c07b       __math_exit                0041d07b f   LIBCMT:common.obj
 0001:0001c0a5       __check_overflow_exit      0041d0a5 f   LIBCMT:common.obj
 0001:0001c0b9       __check_range_exit         0041d0b9 f   LIBCMT:common.obj
 0001:0001c160       __startTwoArgErrorHandling 0041d160 f   LIBCMT:genexcep.obj
 0001:0001c177       __startOneArgErrorHandling 0041d177 f   LIBCMT:genexcep.obj
 0001:0001c1c0       __CIsin_pentium4           0041d1c0 f   LIBCMT:sin_pentium4.obj
 0001:0001c1d8       __sin_pentium4             0041d1d8     LIBCMT:sin_pentium4.obj
 0001:0001c388       ___isascii                 0041d388 f i LIBCMT:_ctype.obj
 0001:0001c398       ___iscsym                  0041d398 f i LIBCMT:_ctype.obj
 0001:0001c3b8       ___iscsymf                 0041d3b8 f i LIBCMT:_ctype.obj
 0001:0001c3d5       ___toascii                 0041d3d5 f i LIBCMT:_ctype.obj
 0001:0001c3e0       __isalnum_l                0041d3e0 f i LIBCMT:_ctype.obj
 0001:0001c438       __isalpha_l                0041d438 f i LIBCMT:_ctype.obj
 0001:0001c490       __isblank_l                0041d490 f i LIBCMT:_ctype.obj
 0001:0001c4ea       __iscntrl_l                0041d4ea f i LIBCMT:_ctype.obj
 0001:0001c53c       __iscsym_l                 0041d53c f i LIBCMT:_ctype.obj
 0001:0001c55d       __iscsymf_l                0041d55d f i LIBCMT:_ctype.obj
 0001:0001c57e       __isdigit_l                0041d57e f i LIBCMT:_ctype.obj
 0001:0001c5d0       __isgraph_l                0041d5d0 f i LIBCMT:_ctype.obj
 0001:0001c628       __islower_l                0041d628 f i LIBCMT:_ctype.obj
 0001:0001c67a       __isprint_l                0041d67a f i LIBCMT:_ctype.obj
 0001:0001c6d2       __ispunct_l                0041d6d2 f i LIBCMT:_ctype.obj
 0001:0001c724       __isspace_l                0041d724 f i LIBCMT:_ctype.obj
 0001:0001c776       __isupper_l                0041d776 f i LIBCMT:_ctype.obj
 0001:0001c7c8       __isxdigit_l               0041d7c8 f i LIBCMT:_ctype.obj
 0001:0001c820       _isalnum                   0041d820 f i LIBCMT:_ctype.obj
 0001:0001c84d       _isalpha                   0041d84d f i LIBCMT:_ctype.obj
 0001:0001c87a       _isblank                   0041d87a f i LIBCMT:_ctype.obj
 0001:0001c8af       _iscntrl                   0041d8af f i LIBCMT:_ctype.obj
 0001:0001c8da       _isdigit                   0041d8da f i LIBCMT:_ctype.obj
 0001:0001c905       _isgraph                   0041d905 f i LIBCMT:_ctype.obj
 0001:0001c932       _islower                   0041d932 f i LIBCMT:_ctype.obj
 0001:0001c95d       _isprint                   0041d95d f i LIBCMT:_ctype.obj
 0001:0001c98a       _ispunct                   0041d98a f i LIBCMT:_ctype.obj
 0001:0001c9b5       _isspace                   0041d9b5 f i LIBCMT:_ctype.obj
 0001:0001c9e0       _isupper                   0041d9e0 f i LIBCMT:_ctype.obj
 0001:0001ca0b       _isxdigit                  0041da0b f i LIBCMT:_ctype.obj
 0001:0001ca38       __tolower                  0041da38 f   LIBCMT:tolower.obj
 0001:0001ca43       __tolower_l                0041da43 f   LIBCMT:tolower.obj
 0001:0001cb86       _tolower                   0041db86 f   LIBCMT:tolower.obj
 0001:0001cbb2       _strcpy_s                  0041dbb2 f   LIBCMT:strcpy_s.obj
 0001:0001cc10       _memmove                   0041dc10 f   LIBCMT:memmove.obj
 0001:0001d260       _strrchr                   0041e260 f   LIBCMT:strrchr.obj
 0001:0001d397       __fptostr                  0041e397 f   LIBCMT:_fptostr.obj
 0001:0001d447       ___crt_atoflt_l            0041e447 f   LIBCMT:atodbl.obj
 0001:0001d4eb       __atodbl                   0041e4eb f   LIBCMT:atodbl.obj
 0001:0001d500       __atodbl_l                 0041e500 f   LIBCMT:atodbl.obj
 0001:0001d58e       __atoflt                   0041e58e f   LIBCMT:atodbl.obj
 0001:0001d5a3       __atoflt_l                 0041e5a3 f   LIBCMT:atodbl.obj
 0001:0001d5bb       __atoldbl                  0041e5bb f   LIBCMT:atodbl.obj
 0001:0001d5d0       __atoldbl_l                0041e5d0 f   LIBCMT:atodbl.obj
 0001:0001d65f       ___dtold                   0041e65f f   LIBCMT:cfout.obj
 0001:0001d727       __fltout2                  0041e727 f   LIBCMT:cfout.obj
 0001:0001d7c0       __alldvrm                  0041e7c0 f   LIBCMT:lldvrm.obj
 0001:0001d8a0       __aullshr                  0041e8a0 f   LIBCMT:ullshr.obj
 0001:0001d8bf       __get_output_format        0041e8bf f   LIBCMT:outputformat.obj
 0001:0001d8c5       __set_output_format        0041e8c5 f   LIBCMT:outputformat.obj
 0001:0001d8f7       __controlfp_s              0041e8f7 f   LIBCMT:contrlfp.obj
 0001:0001d954       ___lock_fhandle            0041e954 f   LIBCMT:osfinfo.obj
 0001:0001d9e2       __alloc_osfhnd             0041e9e2 f   LIBCMT:osfinfo.obj
 0001:0001db8b       __free_osfhnd              0041eb8b f   LIBCMT:osfinfo.obj
 0001:0001dc11       __get_osfhandle            0041ec11 f   LIBCMT:osfinfo.obj
 0001:0001dc78       __open_osfhandle           0041ec78 f   LIBCMT:osfinfo.obj
 0001:0001dd8e       __set_osfhnd               0041ed8e f   LIBCMT:osfinfo.obj
 0001:0001de10       __unlock_fhandle           0041ee10 f   LIBCMT:osfinfo.obj
 0001:0001de36       __commit                   0041ee36 f   LIBCMT:commit.obj
 0001:0001df1f       __write                    0041ef1f f   LIBCMT:write.obj
 0001:0001e00e       __write_nolock             0041f00e f   LIBCMT:write.obj
 0001:0001e873       __open                     0041f873 f   LIBCMT:open.obj
 0001:0001e923       __sopen                    0041f923 f   LIBCMT:open.obj
 0001:0001e956       __sopen_helper             0041f956 f   LIBCMT:open.obj
 0001:0001ea1f       __sopen_nolock             0041fa1f f   LIBCMT:open.obj
 0001:0001ea6d       __sopen_s                  0041fa6d f   LIBCMT:open.obj
 0001:0001ea8b       __mbsnbcmp                 0041fa8b f   LIBCMT:mbsnbcmp.obj
 0001:0001eaa3       __mbsnbcmp_l               0041faa3 f   LIBCMT:mbsnbcmp.obj
 0001:0001ebba       __mbsnbicmp                0041fbba f   LIBCMT:mbsnbicm.obj
 0001:0001ebd2       __mbsnbicmp_l              0041fbd2 f   LIBCMT:mbsnbicm.obj
 0001:0001ed90       __global_unwind2           0041fd90 f   LIBCMT:exsup.obj
 0001:0001edf5       __local_unwind2            0041fdf5 f   LIBCMT:exsup.obj
 0001:0001ee79       __abnormal_termination     0041fe79 f   LIBCMT:exsup.obj
 0001:0001ee9c       __NLG_Notify1              0041fe9c f   LIBCMT:exsup.obj
 0001:0001eea5       __NLG_Notify               0041fea5 f   LIBCMT:exsup.obj
 0001:0001eebc       __NLG_Dispatch             0041febc     LIBCMT:exsup.obj
 0001:0001eebc       __NLG_Dispatch2            0041febc     LIBCMT:exsup.obj
 0001:0001eec4       __NLG_Call                 0041fec4 f   LIBCMT:exsup.obj
 0001:0001eec6       __NLG_Return2              0041fec6     LIBCMT:exsup.obj
 0001:0001eec7       __getbuf                   0041fec7 f   LIBCMT:_getbuf.obj
 0001:0001ef0d       __matherr                  0041ff0d f   LIBCMT:matherr.obj
 0001:0001ef10       ___free_lconv_mon          0041ff10 f   LIBCMT:initmon.obj
 0001:0001f00c       ___init_monetary           0042000c f   LIBCMT:initmon.obj
 0001:0001f3e5       ___free_lconv_num          004203e5 f   LIBCMT:initnum.obj
 0001:0001f44c       ___init_numeric            0042044c f   LIBCMT:initnum.obj
 0001:0001f68a       ___free_lc_time            0042068a f   LIBCMT:inittime.obj
 0001:0001fa0a       ___init_time               00420a0a f   LIBCMT:inittime.obj
 0001:00020279       _localeconv                00421279 f   LIBCMT:lconv.obj
 0001:0002029f       ___pctype_func             0042129f f   LIBCMT:ctype.obj
 0001:000202c8       ___pwctype_func            004212c8 f   LIBCMT:ctype.obj
 0001:000202ce       ___init_collate            004212ce f   LIBCMT:initcoll.obj
 0001:000202d1       ____lc_codepage_func       004212d1 f   LIBCMT:initctyp.obj
 0001:000202f7       ____lc_collate_cp_func     004212f7 f   LIBCMT:initctyp.obj
 0001:0002031d       ____lc_locale_name_func    0042131d f   LIBCMT:initctyp.obj
 0001:00020345       ____mb_cur_max_func        00421345 f   LIBCMT:initctyp.obj
 0001:0002036b       ____mb_cur_max_l_func      0042136b f   LIBCMT:initctyp.obj
 0001:00020382       ___init_ctype              00421382 f   LIBCMT:initctyp.obj
 0001:00020837       _memcmp                    00421837 f   LIBCMT:memcmp.obj
 0001:0002374b       _wcscmp                    0042474b f   LIBCMT:wcscmp.obj
 0001:00023789       _wcscspn                   00424789 f   LIBCMT:wcscspn.obj
 0001:000237d4       _wcsnlen                   004247d4 f   LIBCMT:wcslen_s.obj
 0001:000237f3       _wcsncmp                   004247f3 f   LIBCMT:wcsncmp.obj
 0001:00023829       _wcspbrk                   00424829 f   LIBCMT:wcspbrk.obj
 0001:00023e2d       ___get_qualified_locale    00424e2d f   LIBCMT:getqloc.obj
 0001:0002469d       ___get_qualified_locale_downlevel 0042569d f   LIBCMT:getqloc_downlevel.obj
 0001:000248c0       __CIpow_pentium4           004258c0 f   LIBCMT:pow_pentium4.obj
 0001:000248d9       __pow_pentium4             004258d9     LIBCMT:pow_pentium4.obj
 0001:00025431       __fFEXP                    00426431     LIBCMT:87tran.obj
 0001:00025488       __rtinfpopse               00426488     LIBCMT:87tran.obj
 0001:0002548a       __rtinfnpopse              0042648a     LIBCMT:87tran.obj
 0001:0002549a       __fFLN                     0042649a     LIBCMT:87tran.obj
 0001:0002554f       __rtinfpop                 0042654f     LIBCMT:87tran.obj
 0001:00025551       __rtinfnpop                00426551     LIBCMT:87tran.obj
 0001:0002556e       __ffexpm1                  0042656e     LIBCMT:87tran.obj
 0001:00025617       __d_inttype                00426617 f   LIBCMT:powhlp.obj
 0001:0002567f       __powhlp                   0042667f f   LIBCMT:powhlp.obj
 0001:0002580f       __ismbbalnum               0042680f f   LIBCMT:ismbbyte.obj
 0001:00025828       __ismbbalnum_l             00426828 f   LIBCMT:ismbbyte.obj
 0001:00025842       __ismbbalpha               00426842 f   LIBCMT:ismbbyte.obj
 0001:0002585b       __ismbbalpha_l             0042685b f   LIBCMT:ismbbyte.obj
 0001:00025875       __ismbbblank               00426875 f   LIBCMT:ismbbyte.obj
 0001:00025896       __ismbbblank_l             00426896 f   LIBCMT:ismbbyte.obj
 0001:000258b8       __ismbbgraph               004268b8 f   LIBCMT:ismbbyte.obj
 0001:000258d1       __ismbbgraph_l             004268d1 f   LIBCMT:ismbbyte.obj
 0001:000258eb       __ismbbkalnum              004268eb f   LIBCMT:ismbbyte.obj
 0001:00025901       __ismbbkalnum_l            00426901 f   LIBCMT:ismbbyte.obj
 0001:00025918       __ismbbkana                00426918 f   LIBCMT:ismbbyte.obj
 0001:00025929       __ismbbkana_l              00426929 f   LIBCMT:ismbbyte.obj
 0001:00025975       __ismbbkprint              00426975 f   LIBCMT:ismbbyte.obj
 0001:0002598b       __ismbbkprint_l            0042698b f   LIBCMT:ismbbyte.obj
 0001:000259a2       __ismbbkpunct              004269a2 f   LIBCMT:ismbbyte.obj
 0001:000259b8       __ismbbkpunct_l            004269b8 f   LIBCMT:ismbbyte.obj
 0001:000259cf       __ismbblead                004269cf f   LIBCMT:ismbbyte.obj
 0001:000259e5       __ismbblead_l              004269e5 f   LIBCMT:ismbbyte.obj
 0001:000259fc       __ismbbprint               004269fc f   LIBCMT:ismbbyte.obj
 0001:00025a15       __ismbbprint_l             00426a15 f   LIBCMT:ismbbyte.obj
 0001:00025a2f       __ismbbpunct               00426a2f f   LIBCMT:ismbbyte.obj
 0001:00025a45       __ismbbpunct_l             00426a45 f   LIBCMT:ismbbyte.obj
 0001:00025a5c       __ismbbtrail               00426a5c f   LIBCMT:ismbbyte.obj
 0001:00025a72       __ismbbtrail_l             00426a72 f   LIBCMT:ismbbyte.obj
 0001:00025a90       __alloca_probe_16          00426a90 f   LIBCMT:alloca16.obj
 0001:00025aa6       __alloca_probe_8           00426aa6     LIBCMT:alloca16.obj
 0001:00025abc       __iswctype_l               00426abc f   LIBCMT:iswctype.obj
 0001:00025ace       _is_wctype                 00426ace f   LIBCMT:iswctype.obj
 0001:00025ad7       _iswctype                  00426ad7 f   LIBCMT:iswctype.obj
 0001:00025b2d       __87except                 00426b2d f   LIBCMT:87except.obj
 0001:00025c36       __CopyMan                  00426c36 f i LIBCMT:intrncvt.obj
 0001:00025c53       __FillZeroMan              00426c53 f i LIBCMT:intrncvt.obj
 0001:00025c62       __IncMan                   00426c62 f i LIBCMT:intrncvt.obj
 0001:00025cc4       __IsZeroMan                00426cc4 f i LIBCMT:intrncvt.obj
 0001:00025ce1       __RoundMan                 00426ce1 f i LIBCMT:intrncvt.obj
 0001:00025de2       __ShrMan                   00426de2 f i LIBCMT:intrncvt.obj
 0001:00025e70       __ZeroTail                 00426e70 f i LIBCMT:intrncvt.obj
 0001:00025eb8       ___addl                    00426eb8 f i LIBCMT:intrncvt.obj
 0001:00025edc       __ld12cvt                  00426edc f i LIBCMT:intrncvt.obj
 0001:00026447       __ld12tod                  00427447 f   LIBCMT:intrncvt.obj
 0001:000269b9       __ld12tof                  004279b9 f   LIBCMT:intrncvt.obj
 0001:00026f2b       __ld12told                 00427f2b f   LIBCMT:intrncvt.obj
 0001:00026ffa       ___STRINGTOLD_L            00427ffa f   LIBCMT:strgtold.obj
 0001:00027055       ___ld12mul                 00428055 f i LIBCMT:strgtold.obj
 0001:00027321       ___multtenpow12            00428321 f i LIBCMT:strgtold.obj
 0001:00027674       ___shl_12                  00428674 f i LIBCMT:strgtold.obj
 0001:000276a5       ___shr_12                  004286a5 f i LIBCMT:strgtold.obj
 0001:000276d5       ___strgtold12_l            004286d5 f   LIBCMT:strgtold.obj
 0001:00027e7d       _$I10_OUTPUT               00428e7d f   LIBCMT:x10fout.obj
 0001:00028851       ___add_12                  00429851 f i LIBCMT:x10fout.obj
 0001:000289fd       ___control87_2             004299fd f   LIBCMT:ieee87.obj
 0001:00029071       __clearfp                  0042a071 f   LIBCMT:ieee87.obj
 0001:00029151       __control87                0042a151 f i LIBCMT:ieee87.obj
 0001:00029453       __controlfp                0042a453 f   LIBCMT:ieee87.obj
 0001:0002975e       __fpreset                  0042a75e f   LIBCMT:ieee87.obj
 0001:0002982b       __set_controlfp            0042a82b f   LIBCMT:ieee87.obj
 0001:0002989e       __statusfp                 0042a89e f   LIBCMT:ieee87.obj
 0001:00029938       __statusfp2                0042a938 f   LIBCMT:ieee87.obj
 0001:00029997       __mbtowc_l                 0042a997 f   LIBCMT:mbtowc.obj
 0001:00029a8c       _mbtowc                    0042aa8c f   LIBCMT:mbtowc.obj
 0001:00029aa4       __putwch                   0042aaa4 f   LIBCMT:putwch.obj
 0001:00029af0       __putwch_nolock            0042aaf0 f   LIBCMT:putwch.obj
 0001:00029bbb       __wopen                    0042abbb f   LIBCMT:wopen.obj
 0001:00029c6b       __wsopen                   0042ac6b f   LIBCMT:wopen.obj
 0001:00029c9e       __wsopen_helper            0042ac9e f   LIBCMT:wopen.obj
 0001:00029d67       __wsopen_nolock            0042ad67 f   LIBCMT:wopen.obj
 0001:0002a4ba       __wsopen_s                 0042b4ba f   LIBCMT:wopen.obj
 0001:0002a4d8       __strnicmp                 0042b4d8 f   LIBCMT:strnicmp.obj
 0001:0002a543       __strnicmp_l               0042b543 f   LIBCMT:strnicmp.obj
 0001:0002a710       __i64tow_s                 0042b710 f   LIBCMT:xtows.obj
 0001:0002a741       __itow_s                   0042b741 f   LIBCMT:xtows.obj
 0001:0002a76a       __ltow_s                   0042b76a f   LIBCMT:xtows.obj
 0001:0002a794       __ui64tow_s                0042b794 f   LIBCMT:xtows.obj
 0001:0002a7af       __ultow_s                  0042b7af f   LIBCMT:xtows.obj
 0001:0002a8ba       __wtoi                     0042b8ba f   LIBCMT:wtox.obj
 0001:0002a8c3       __wtoi64                   0042b8c3 f   LIBCMT:wtox.obj
 0001:0002a8d7       __wtoi64_l                 0042b8d7 f   LIBCMT:wtox.obj
 0001:0002a8ee       __wtoi_l                   0042b8ee f   LIBCMT:wtox.obj
 0001:0002a8f7       __wtol                     0042b8f7 f   LIBCMT:wtox.obj
 0001:0002a90b       __wtol_l                   0042b90b f   LIBCMT:wtox.obj
 0001:0002a922       __wtoll                    0042b922 f   LIBCMT:wtox.obj
 0001:0002a936       __wtoll_l                  0042b936 f   LIBCMT:wtox.obj
 0001:0002a94d       _wcschr                    0042b94d f   LIBCMT:wcschr.obj
 0001:0002a9fb       __wcsicmp                  0042b9fb f   LIBCMT:wcsicmp.obj
 0001:0002aa8e       __wcsicmp_l                0042ba8e f   LIBCMT:wcsicmp.obj
 0001:0002ab69       __wcsnicmp                 0042bb69 f   LIBCMT:wcsnicmp.obj
 0001:0002ac1f       __wcsnicmp_l               0042bc1f f   LIBCMT:wcsnicmp.obj
 0001:0002ad18       __frnd                     0042bd18 f   LIBCMT:frnd.obj
 0001:0002ad2c       ___mtold12                 0042bd2c f   LIBCMT:mantold.obj
 0001:0002af0c       ___termconout              0042bf0c f   LIBCMT:initcon.obj
 0001:0002af23       ___initconout              0042bf23 f   LIBCMT:initcon.obj
 0001:0002af42       __chsize                   0042bf42 f   LIBCMT:chsize.obj
 0001:0002af5c       __chsize_nolock            0042bf5c f   LIBCMT:chsize.obj
 0001:0002b112       __chsize_s                 0042c112 f   LIBCMT:chsize.obj
 0001:0002b200       __get_fmode                0042c200 f   LIBCMT:setmode.obj
 0001:0002b22a       __set_fmode                0042c22a f   LIBCMT:setmode.obj
 0001:0002b265       __setmode                  0042c265 f   LIBCMT:setmode.obj
 0001:0002b36a       __setmode_nolock           0042c36a f   LIBCMT:setmode.obj
 0001:0002b440       ___ascii_strnicmp          0042c440 f   LIBCMT:_strnicm.obj
 0001:0002b682       __wcstol_l                 0042c682 f   LIBCMT:wcstol.obj
 0001:0002b69a       __wcstoul_l                0042c69a f   LIBCMT:wcstol.obj
 0001:0002b6b2       _wcstol                    0042c6b2 f   LIBCMT:wcstol.obj
 0001:0002b6ca       _wcstoul                   0042c6ca f   LIBCMT:wcstol.obj
 0001:0002b9b2       __wcstof_l                 0042c9b2 f   LIBCMT:wcstoq.obj
 0001:0002ba65       __wcstoi64                 0042ca65 f   LIBCMT:wcstoq.obj
 0001:0002ba8f       __wcstoi64_l               0042ca8f f   LIBCMT:wcstoq.obj
 0001:0002baaa       __wcstoimax_l              0042caaa f   LIBCMT:wcstoq.obj
 0001:0002bab3       __wcstold_l                0042cab3 f   LIBCMT:wcstoq.obj
 0001:0002babc       __wcstoll_l                0042cabc f   LIBCMT:wcstoq.obj
 0001:0002bac5       __wcstoui64                0042cac5 f   LIBCMT:wcstoq.obj
 0001:0002baef       __wcstoui64_l              0042caef f   LIBCMT:wcstoq.obj
 0001:0002bb0a       __wcstoull_l               0042cb0a f   LIBCMT:wcstoq.obj
 0001:0002bb13       __wcstoumax_l              0042cb13 f   LIBCMT:wcstoq.obj
 0001:0002bb1c       _wcstof                    0042cb1c f   LIBCMT:wcstoq.obj
 0001:0002bb31       _wcstoimax                 0042cb31 f   LIBCMT:wcstoq.obj
 0001:0002bb3a       _wcstold                   0042cb3a f   LIBCMT:wcstoq.obj
 0001:0002bb43       _wcstoll                   0042cb43 f   LIBCMT:wcstoq.obj
 0001:0002bb4c       _wcstoull                  0042cb4c f   LIBCMT:wcstoq.obj
 0001:0002bb55       _wcstoumax                 0042cb55 f   LIBCMT:wcstoq.obj
 0001:0002bb5e       __towlower_l               0042cb5e f   LIBCMT:towlower.obj
 0001:0002bc0f       _towlower                  0042cc0f f   LIBCMT:towlower.obj
 0001:0002bc20       __wchartodigit             0042cc20 f   LIBCMT:wchtodig.obj
 0001:0002bdbf       __wcstod_l                 0042cdbf f   LIBCMT:wcstod.obj
 0001:0002beba       _wcstod                    0042ceba f   LIBCMT:wcstod.obj
 0001:0002bed0       __allmul                   0042ced0 f   LIBCMT:llmul.obj
 0001:0002bf04       ___crtLCMapStringW         0042cf04 f   LIBCMT:w_map.obj
 0001:0002bf33       __wfltin2                  0042cf33 f   LIBCMT:wcfin.obj
 0001:0002bfe0       ___WSTRINGTOLD_L           0042cfe0 f   LIBCMT:wstrgtold.obj
 0001:0002c03b       ___wstrgtold12_l           0042d03b f   LIBCMT:wstrgtold.obj
 0001:0002c88c       _EncodePointer@4           0042d88c f   kernel32:KERNEL32.dll
 0001:0002c892       _DecodePointer@4           0042d892 f   kernel32:KERNEL32.dll
 0001:0002c898       _GetLastError@0            0042d898 f   kernel32:KERNEL32.dll
 0001:0002c89e       _ExitProcess@4             0042d89e f   kernel32:KERNEL32.dll
 0001:0002c8a4       _GetModuleHandleExW@12     0042d8a4 f   kernel32:KERNEL32.dll
 0001:0002c8aa       _GetProcAddress@8          0042d8aa f   kernel32:KERNEL32.dll
 0001:0002c8b0       _AreFileApisANSI@0         0042d8b0 f   kernel32:KERNEL32.dll
 0001:0002c8b6       _MultiByteToWideChar@24    0042d8b6 f   kernel32:KERNEL32.dll
 0001:0002c8bc       _WideCharToMultiByte@32    0042d8bc f   kernel32:KERNEL32.dll
 0001:0002c8c2       _ReadFile@20               0042d8c2 f   kernel32:KERNEL32.dll
 0001:0002c8c8       _HeapFree@12               0042d8c8 f   kernel32:KERNEL32.dll
 0001:0002c8ce       _HeapAlloc@12              0042d8ce f   kernel32:KERNEL32.dll
 0001:0002c8d4       _HeapReAlloc@16            0042d8d4 f   kernel32:KERNEL32.dll
 0001:0002c8da       _GetCommandLineA@0         0042d8da f   kernel32:KERNEL32.dll
 0001:0002c8e0       _IsDebuggerPresent@0       0042d8e0 f   kernel32:KERNEL32.dll
 0001:0002c8e6       _IsProcessorFeaturePresent@4 0042d8e6 f   kernel32:KERNEL32.dll
 0001:0002c8ec       _EnterCriticalSection@4    0042d8ec f   kernel32:KERNEL32.dll
 0001:0002c8f2       _LeaveCriticalSection@4    0042d8f2 f   kernel32:KERNEL32.dll
 0001:0002c8f8       _DeleteCriticalSection@4   0042d8f8 f   kernel32:KERNEL32.dll
 0001:0002c8fe       _FatalAppExitA@8           0042d8fe f   kernel32:KERNEL32.dll
 0001:0002c904       _UnhandledExceptionFilter@4 0042d904 f   kernel32:KERNEL32.dll
 0001:0002c90a       _SetUnhandledExceptionFilter@4 0042d90a f   kernel32:KERNEL32.dll
 0001:0002c910       _SetLastError@4            0042d910 f   kernel32:KERNEL32.dll
 0001:0002c916       _InitializeCriticalSectionAndSpinCount@8 0042d916 f   kernel32:KERNEL32.dll
 0001:0002c91c       _CreateEventW@16           0042d91c f   kernel32:KERNEL32.dll
 0001:0002c922       _GetCurrentProcess@0       0042d922 f   kernel32:KERNEL32.dll
 0001:0002c928       _TerminateProcess@8        0042d928 f   kernel32:KERNEL32.dll
 0001:0002c92e       _TlsAlloc@0                0042d92e f   kernel32:KERNEL32.dll
 0001:0002c934       _TlsGetValue@4             0042d934 f   kernel32:KERNEL32.dll
 0001:0002c93a       _TlsSetValue@8             0042d93a f   kernel32:KERNEL32.dll
 0001:0002c940       _TlsFree@4                 0042d940 f   kernel32:KERNEL32.dll
 0001:0002c946       _GetStartupInfoW@4         0042d946 f   kernel32:KERNEL32.dll
 0001:0002c94c       _GetTickCount@0            0042d94c f   kernel32:KERNEL32.dll
 0001:0002c952       _GetModuleHandleW@4        0042d952 f   kernel32:KERNEL32.dll
 0001:0002c958       _CreateSemaphoreW@16       0042d958 f   kernel32:KERNEL32.dll
 0001:0002c95e       _GetStdHandle@4            0042d95e f   kernel32:KERNEL32.dll
 0001:0002c964       _WriteFile@20              0042d964 f   kernel32:KERNEL32.dll
 0001:0002c96a       _GetModuleFileNameW@12     0042d96a f   kernel32:KERNEL32.dll
 0001:0002c970       _SetConsoleCtrlHandler@8   0042d970 f   kernel32:KERNEL32.dll
 0001:0002c976       _FreeLibrary@4             0042d976 f   kernel32:KERNEL32.dll
 0001:0002c97c       _LoadLibraryExW@12         0042d97c f   kernel32:KERNEL32.dll
 0001:0002c982       _IsValidCodePage@4         0042d982 f   kernel32:KERNEL32.dll
 0001:0002c988       _GetACP@0                  0042d988 f   kernel32:KERNEL32.dll
 0001:0002c98e       _GetOEMCP@0                0042d98e f   kernel32:KERNEL32.dll
 0001:0002c994       _GetCPInfo@8               0042d994 f   kernel32:KERNEL32.dll
 0001:0002c99a       _CloseHandle@4             0042d99a f   kernel32:KERNEL32.dll
 0001:0002c9a0       _RtlUnwind@16              0042d9a0 f   kernel32:KERNEL32.dll
 0001:0002c9a6       _GetConsoleMode@8          0042d9a6 f   kernel32:KERNEL32.dll
 0001:0002c9ac       _ReadConsoleW@20           0042d9ac f   kernel32:KERNEL32.dll
 0001:0002c9b2       _SetFilePointerEx@20       0042d9b2 f   kernel32:KERNEL32.dll
 0001:0002c9b8       _GetFileType@4             0042d9b8 f   kernel32:KERNEL32.dll
 0001:0002c9be       _RaiseException@16         0042d9be f   kernel32:KERNEL32.dll
 0001:0002c9c4       _GetCurrentThread@0        0042d9c4 f   kernel32:KERNEL32.dll
 0001:0002c9ca       _GetCurrentThreadId@0      0042d9ca f   kernel32:KERNEL32.dll
 0001:0002c9d0       _GetProcessHeap@0          0042d9d0 f   kernel32:KERNEL32.dll
 0001:0002c9d6       _GetModuleFileNameA@12     0042d9d6 f   kernel32:KERNEL32.dll
 0001:0002c9dc       _QueryPerformanceCounter@4 0042d9dc f   kernel32:KERNEL32.dll
 0001:0002c9e2       _GetCurrentProcessId@0     0042d9e2 f   kernel32:KERNEL32.dll
 0001:0002c9e8       _GetSystemTimeAsFileTime@4 0042d9e8 f   kernel32:KERNEL32.dll
 0001:0002c9ee       _GetEnvironmentStringsW@0  0042d9ee f   kernel32:KERNEL32.dll
 0001:0002c9f4       _FreeEnvironmentStringsW@4 0042d9f4 f   kernel32:KERNEL32.dll
 0001:0002c9fa       _OutputDebugStringW@4      0042d9fa f   kernel32:KERNEL32.dll
 0001:0002ca00       _HeapSize@12               0042da00 f   kernel32:KERNEL32.dll
 0001:0002ca06       _GetDateFormatW@24         0042da06 f   kernel32:KERNEL32.dll
 0001:0002ca0c       _GetTimeFormatW@24         0042da0c f   kernel32:KERNEL32.dll
 0001:0002ca12       _CompareStringW@24         0042da12 f   kernel32:KERNEL32.dll
 0001:0002ca18       _LCMapStringW@24           0042da18 f   kernel32:KERNEL32.dll
 0001:0002ca1e       _GetLocaleInfoW@16         0042da1e f   kernel32:KERNEL32.dll
 0001:0002ca24       _IsValidLocale@8           0042da24 f   kernel32:KERNEL32.dll
 0001:0002ca2a       _GetUserDefaultLCID@0      0042da2a f   kernel32:KERNEL32.dll
 0001:0002ca30       _EnumSystemLocalesW@8      0042da30 f   kernel32:KERNEL32.dll
 0001:0002ca36       _GetStringTypeW@16         0042da36 f   kernel32:KERNEL32.dll
 0001:0002ca3c       _SetStdHandle@8            0042da3c f   kernel32:KERNEL32.dll
 0001:0002ca42       _FlushFileBuffers@4        0042da42 f   kernel32:KERNEL32.dll
 0001:0002ca48       _GetConsoleCP@0            0042da48 f   kernel32:KERNEL32.dll
 0001:0002ca4e       _WriteConsoleW@20          0042da4e f   kernel32:KERNEL32.dll
 0001:0002ca54       _CreateFileW@28            0042da54 f   kernel32:KERNEL32.dll
 0001:0002ca5a       _SetEndOfFile@4            0042da5a f   kernel32:KERNEL32.dll
 0002:00000000       __imp__gluOrtho2D@32       0042e000     glu32:GLU32.dll
 0002:00000004       \177GLU32_NULL_THUNK_DATA  0042e004     glu32:GLU32.dll
 0002:00000008       __imp__CreateFileW@28      0042e008     kernel32:KERNEL32.dll
 0002:0000000c       __imp__WriteConsoleW@20    0042e00c     kernel32:KERNEL32.dll
 0002:00000010       __imp__GetConsoleCP@0      0042e010     kernel32:KERNEL32.dll
 0002:00000014       __imp__FlushFileBuffers@4  0042e014     kernel32:KERNEL32.dll
 0002:00000018       __imp__SetStdHandle@8      0042e018     kernel32:KERNEL32.dll
 0002:0000001c       __imp__GetStringTypeW@16   0042e01c     kernel32:KERNEL32.dll
 0002:00000020       __imp__EnumSystemLocalesW@8 0042e020     kernel32:KERNEL32.dll
 0002:00000024       __imp__GetUserDefaultLCID@0 0042e024     kernel32:KERNEL32.dll
 0002:00000028       __imp__IsValidLocale@8     0042e028     kernel32:KERNEL32.dll
 0002:0000002c       __imp__LCMapStringW@24     0042e02c     kernel32:KERNEL32.dll
 0002:00000030       __imp__CompareStringW@24   0042e030     kernel32:KERNEL32.dll
 0002:00000034       __imp__GetTimeFormatW@24   0042e034     kernel32:KERNEL32.dll
 0002:00000038       __imp__GetDateFormatW@24   0042e038     kernel32:KERNEL32.dll
 0002:0000003c       __imp__HeapSize@12         0042e03c     kernel32:KERNEL32.dll
 0002:00000040       __imp__OutputDebugStringW@4 0042e040     kernel32:KERNEL32.dll
 0002:00000044       __imp__FreeEnvironmentStringsW@4 0042e044     kernel32:KERNEL32.dll
 0002:00000048       __imp__GetEnvironmentStringsW@0 0042e048     kernel32:KERNEL32.dll
 0002:0000004c       __imp__GetSystemTimeAsFileTime@4 0042e04c     kernel32:KERNEL32.dll
 0002:00000050       __imp__GetLocaleInfoW@16   0042e050     kernel32:KERNEL32.dll
 0002:00000054       __imp__Sleep@4             0042e054     kernel32:KERNEL32.dll
 0002:00000058       __imp__GetCurrentProcessId@0 0042e058     kernel32:KERNEL32.dll
 0002:0000005c       __imp__QueryPerformanceCounter@4 0042e05c     kernel32:KERNEL32.dll
 0002:00000060       __imp__GetModuleFileNameA@12 0042e060     kernel32:KERNEL32.dll
 0002:00000064       __imp__GetProcessHeap@0    0042e064     kernel32:KERNEL32.dll
 0002:00000068       __imp__GetCurrentThreadId@0 0042e068     kernel32:KERNEL32.dll
 0002:0000006c       __imp__GetCurrentThread@0  0042e06c     kernel32:KERNEL32.dll
 0002:00000070       __imp__RaiseException@16   0042e070     kernel32:KERNEL32.dll
 0002:00000074       __imp__GetFileType@4       0042e074     kernel32:KERNEL32.dll
 0002:00000078       __imp__SetFilePointerEx@20 0042e078     kernel32:KERNEL32.dll
 0002:0000007c       __imp__ReadConsoleW@20     0042e07c     kernel32:KERNEL32.dll
 0002:00000080       __imp__GetConsoleMode@8    0042e080     kernel32:KERNEL32.dll
 0002:00000084       __imp__RtlUnwind@16        0042e084     kernel32:KERNEL32.dll
 0002:00000088       __imp__CloseHandle@4       0042e088     kernel32:KERNEL32.dll
 0002:0000008c       __imp__GetCPInfo@8         0042e08c     kernel32:KERNEL32.dll
 0002:00000090       __imp__GetOEMCP@0          0042e090     kernel32:KERNEL32.dll
 0002:00000094       __imp__EncodePointer@4     0042e094     kernel32:KERNEL32.dll
 0002:00000098       __imp__DecodePointer@4     0042e098     kernel32:KERNEL32.dll
 0002:0000009c       __imp__GetLastError@0      0042e09c     kernel32:KERNEL32.dll
 0002:000000a0       __imp__ExitProcess@4       0042e0a0     kernel32:KERNEL32.dll
 0002:000000a4       __imp__GetModuleHandleExW@12 0042e0a4     kernel32:KERNEL32.dll
 0002:000000a8       __imp__GetProcAddress@8    0042e0a8     kernel32:KERNEL32.dll
 0002:000000ac       __imp__AreFileApisANSI@0   0042e0ac     kernel32:KERNEL32.dll
 0002:000000b0       __imp__MultiByteToWideChar@24 0042e0b0     kernel32:KERNEL32.dll
 0002:000000b4       __imp__WideCharToMultiByte@32 0042e0b4     kernel32:KERNEL32.dll
 0002:000000b8       __imp__ReadFile@20         0042e0b8     kernel32:KERNEL32.dll
 0002:000000bc       __imp__HeapFree@12         0042e0bc     kernel32:KERNEL32.dll
 0002:000000c0       __imp__HeapAlloc@12        0042e0c0     kernel32:KERNEL32.dll
 0002:000000c4       __imp__HeapReAlloc@16      0042e0c4     kernel32:KERNEL32.dll
 0002:000000c8       __imp__GetCommandLineA@0   0042e0c8     kernel32:KERNEL32.dll
 0002:000000cc       __imp__IsDebuggerPresent@0 0042e0cc     kernel32:KERNEL32.dll
 0002:000000d0       __imp__IsProcessorFeaturePresent@4 0042e0d0     kernel32:KERNEL32.dll
 0002:000000d4       __imp__EnterCriticalSection@4 0042e0d4     kernel32:KERNEL32.dll
 0002:000000d8       __imp__LeaveCriticalSection@4 0042e0d8     kernel32:KERNEL32.dll
 0002:000000dc       __imp__DeleteCriticalSection@4 0042e0dc     kernel32:KERNEL32.dll
 0002:000000e0       __imp__FatalAppExitA@8     0042e0e0     kernel32:KERNEL32.dll
 0002:000000e4       __imp__UnhandledExceptionFilter@4 0042e0e4     kernel32:KERNEL32.dll
 0002:000000e8       __imp__SetUnhandledExceptionFilter@4 0042e0e8     kernel32:KERNEL32.dll
 0002:000000ec       __imp__SetLastError@4      0042e0ec     kernel32:KERNEL32.dll
 0002:000000f0       __imp__InitializeCriticalSectionAndSpinCount@8 0042e0f0     kernel32:KERNEL32.dll
 0002:000000f4       __imp__CreateEventW@16     0042e0f4     kernel32:KERNEL32.dll
 0002:000000f8       __imp__GetCurrentProcess@0 0042e0f8     kernel32:KERNEL32.dll
 0002:000000fc       __imp__TerminateProcess@8  0042e0fc     kernel32:KERNEL32.dll
 0002:00000100       __imp__TlsAlloc@0          0042e100     kernel32:KERNEL32.dll
 0002:00000104       __imp__TlsGetValue@4       0042e104     kernel32:KERNEL32.dll
 0002:00000108       __imp__TlsSetValue@8       0042e108     kernel32:KERNEL32.dll
 0002:0000010c       __imp__TlsFree@4           0042e10c     kernel32:KERNEL32.dll
 0002:00000110       __imp__GetStartupInfoW@4   0042e110     kernel32:KERNEL32.dll
 0002:00000114       __imp__GetTickCount@0      0042e114     kernel32:KERNEL32.dll
 0002:00000118       __imp__GetModuleHandleW@4  0042e118     kernel32:KERNEL32.dll
 0002:0000011c       __imp__CreateSemaphoreW@16 0042e11c     kernel32:KERNEL32.dll
 0002:00000120       __imp__GetStdHandle@4      0042e120     kernel32:KERNEL32.dll
 0002:00000124       __imp__WriteFile@20        0042e124     kernel32:KERNEL32.dll
 0002:00000128       __imp__GetModuleFileNameW@12 0042e128     kernel32:KERNEL32.dll
 0002:0000012c       __imp__SetConsoleCtrlHandler@8 0042e12c     kernel32:KERNEL32.dll
 0002:00000130       __imp__FreeLibrary@4       0042e130     kernel32:KERNEL32.dll
 0002:00000134       __imp__LoadLibraryExW@12   0042e134     kernel32:KERNEL32.dll
 0002:00000138       __imp__IsValidCodePage@4   0042e138     kernel32:KERNEL32.dll
 0002:0000013c       __imp__GetACP@0            0042e13c     kernel32:KERNEL32.dll
 0002:00000140       __imp__SetEndOfFile@4      0042e140     kernel32:KERNEL32.dll
 0002:00000144       \177KERNEL32_NULL_THUNK_DATA 0042e144     kernel32:KERNEL32.dll
 0002:00000148       __imp__glBegin@4           0042e148     opengl32:OPENGL32.dll
 0002:0000014c       __imp__glClear@4           0042e14c     opengl32:OPENGL32.dll
 0002:00000150       __imp__glClearColor@16     0042e150     opengl32:OPENGL32.dll
 0002:00000154       __imp__glColor3f@12        0042e154     opengl32:OPENGL32.dll
 0002:00000158       __imp__glDrawPixels@20     0042e158     opengl32:OPENGL32.dll
 0002:0000015c       __imp__glEnd@0             0042e15c     opengl32:OPENGL32.dll
 0002:00000160       __imp__glFlush@0           0042e160     opengl32:OPENGL32.dll
 0002:00000164       __imp__glGetFloatv@8       0042e164     opengl32:OPENGL32.dll
 0002:00000168       __imp__glLoadIdentity@0    0042e168     opengl32:OPENGL32.dll
 0002:0000016c       __imp__glMatrixMode@4      0042e16c     opengl32:OPENGL32.dll
 0002:00000170       __imp__glPopMatrix@0       0042e170     opengl32:OPENGL32.dll
 0002:00000174       __imp__glPushMatrix@0      0042e174     opengl32:OPENGL32.dll
 0002:00000178       __imp__glRasterPos2i@8     0042e178     opengl32:OPENGL32.dll
 0002:0000017c       __imp__glRotatef@16        0042e17c     opengl32:OPENGL32.dll
 0002:00000180       __imp__glViewport@16       0042e180     opengl32:OPENGL32.dll
 0002:00000184       __imp__glVertex2f@8        0042e184     opengl32:OPENGL32.dll
 0002:00000188       __imp__glTranslatef@12     0042e188     opengl32:OPENGL32.dll
 0002:0000018c       __imp__glScalef@12         0042e18c     opengl32:OPENGL32.dll
 0002:00000190       \177OPENGL32_NULL_THUNK_DATA 0042e190     opengl32:OPENGL32.dll
 0002:00000194       __imp____glutInitWithExit@12 0042e194     glut32:glut32.dll
 0002:00000198       __imp__glutInitDisplayMode@4 0042e198     glut32:glut32.dll
 0002:0000019c       __imp__glutInitWindowPosition@8 0042e19c     glut32:glut32.dll
 0002:000001a0       __imp__glutInitWindowSize@8 0042e1a0     glut32:glut32.dll
 0002:000001a4       __imp__glutMainLoop@0      0042e1a4     glut32:glut32.dll
 0002:000001a8       __imp____glutCreateWindowWithExit@8 0042e1a8     glut32:glut32.dll
[...]
 0002:00001208       P_3                        0042f208     LIBCMT:cos_sse2_precise.obj
 0002:00001210       TWO_POW_55                 0042f210     LIBCMT:cos_sse2_precise.obj
 0002:00001218       TWO_POW_M55                0042f218     LIBCMT:cos_sse2_precise.obj
 0002:00001220       ALL_ONES                   0042f220     LIBCMT:cos_sse2_precise.obj
 0002:00001228       NEG_ZERO                   0042f228     LIBCMT:cos_sse2_precise.obj
 0002:00001230       ONE                        0042f230     LIBCMT:cos_sse2_precise.obj
 0002:00001240       SIGN_MASK                  0042f240     LIBCMT:cos_sse2_precise.obj
 0002:00001250       Ctable                     0042f250     LIBCMT:sin_sse2_precise.obj
 0002:00001a50       SC_1                       0042fa50     LIBCMT:sin_sse2_precise.obj
 0002:00001a60       SC_2                       0042fa60     LIBCMT:sin_sse2_precise.obj
 0002:00001a70       SC_3                       0042fa70     LIBCMT:sin_sse2_precise.obj
 0002:00001a80       SC_4                       0042fa80     LIBCMT:sin_sse2_precise.obj
 0002:00001a90       PI32INV                    0042fa90     LIBCMT:sin_sse2_precise.obj
 0002:00001a98       SHIFTER                    0042fa98     LIBCMT:sin_sse2_precise.obj
 0002:00001aa0       P_2                        0042faa0     LIBCMT:sin_sse2_precise.obj
 0002:00001ab0       P_1                        0042fab0     LIBCMT:sin_sse2_precise.obj
 0002:00001ab8       P_3                        0042fab8     LIBCMT:sin_sse2_precise.obj
 0002:00001ac0       TWO_POW_55                 0042fac0     LIBCMT:sin_sse2_precise.obj
 0002:00001ac8       TWO_POW_M55                0042fac8     LIBCMT:sin_sse2_precise.obj
 0002:00001ad0       ALL_ONES                   0042fad0     LIBCMT:sin_sse2_precise.obj
 0002:00001ad8       NEG_ZERO                   0042fad8     LIBCMT:sin_sse2_precise.obj
 0002:00001ae0       ONE                        0042fae0     LIBCMT:sin_sse2_precise.obj
 0002:00001b20       rcp_t1                     0042fb20     LIBCMT:pow_sse2_precise.obj
 0002:00001f30       log2_t1                    0042ff30     LIBCMT:pow_sse2_precise.obj
 0002:00002740       rcp_t2                     00430740     LIBCMT:pow_sse2_precise.obj
 0002:00002b50       log2_t2                    00430b50     LIBCMT:pow_sse2_precise.obj
 0002:00003360       rcp_t3                     00431360     LIBCMT:pow_sse2_precise.obj
 0002:00003b70       log2_t3                    00431b70     LIBCMT:pow_sse2_precise.obj
 0002:00004b80       clv                        00432b80     LIBCMT:pow_sse2_precise.obj
 0002:00004ba0       exp2_tbl                   00432ba0     LIBCMT:pow_sse2_precise.obj
 0002:000053a0       Shifter                    004333a0     LIBCMT:pow_sse2_precise.obj
 0002:000053b0       SIGMASK                    004333b0     LIBCMT:pow_sse2_precise.obj
 0002:000053c0       ONEMASK                    004333c0     LIBCMT:pow_sse2_precise.obj
 0002:000053d0       ABSVALMASK                 004333d0     LIBCMT:pow_sse2_precise.obj
 0002:000053e0       cev                        004333e0     LIBCMT:pow_sse2_precise.obj
 0002:00005408       HALFSIG                    00433408     LIBCMT:pow_sse2_precise.obj
 0002:00005410       LHN                        00433410     LIBCMT:pow_sse2_precise.obj
 0002:00005418       sNaN                       00433418     LIBCMT:pow_sse2_precise.obj
 0002:00005420       INF                        00433420     LIBCMT:pow_sse2_precise.obj
 0002:00005428       NEG_INF                    00433428     LIBCMT:pow_sse2_precise.obj
 0002:00005430       NEG_ZERO                   00433430     LIBCMT:pow_sse2_precise.obj
 0002:00005438       NEG_BIG                    00433438     LIBCMT:pow_sse2_precise.obj
 0002:00005440       POS_BIG                    00433440     LIBCMT:pow_sse2_precise.obj
 0002:00005448       EMIN                       00433448     LIBCMT:pow_sse2_precise.obj
 0002:00005450       QIND                       00433450     LIBCMT:pow_sse2_precise.obj
 0002:00005740       _rterrs                    00433740     LIBCMT:crt0msg.obj
 0002:000061d4       __mb_locale_names          004341d4     LIBCMT:mbctype.obj
 0002:0000628c       _GS_ExceptionPointers      0043428c     LIBCMT:gs_report.obj
 0002:0000629c       ?ccsField@?P@??_openfile@@9@9 0043429c     LIBCMT:_open.obj
 0002:000062a0       ?utf8encoding@?P@??_openfile@@9@9 004342a0     LIBCMT:_open.obj
 0002:000062a8       ?utf16encoding@?P@??_openfile@@9@9 004342a8     LIBCMT:_open.obj
 0002:000062b4       ?unicodeencoding@?P@??_openfile@@9@9 004342b4     LIBCMT:_open.obj
 0002:000067a8       __first_127char            004347a8     LIBCMT:wsetloca.obj
 0002:00006850       _INF                       00434850     LIBCMT:libm_error.obj
 0002:00006860       _BIG                       00434860     LIBCMT:libm_error.obj
 0002:00006870       _ZERO                      00434870     LIBCMT:libm_error.obj
 0002:00006880       _INF_32                    00434880     LIBCMT:libm_error.obj
 0002:00006888       _NAN_32                    00434888     LIBCMT:libm_error.obj
 0002:00006890       _ZERO_32                   00434890     LIBCMT:libm_error.obj
 0002:00006898       _libm_largef               00434898     LIBCMT:libm_error.obj
 0002:000068a0       _libm_smallf               004348a0     LIBCMT:libm_error.obj
 0002:000068a8       _libm_small                004348a8     LIBCMT:libm_error.obj
 0002:00008ac0       Ctable                     00436ac0     LIBCMT:cos_pentium4.obj
 0002:000092c0       SC_1                       004372c0     LIBCMT:cos_pentium4.obj
 0002:000092d0       SC_2                       004372d0     LIBCMT:cos_pentium4.obj
 0002:000092e0       SC_3                       004372e0     LIBCMT:cos_pentium4.obj
 0002:000092f0       SC_4                       004372f0     LIBCMT:cos_pentium4.obj
 0002:00009300       PI32INV                    00437300     LIBCMT:cos_pentium4.obj
 0002:00009308       SHIFTER                    00437308     LIBCMT:cos_pentium4.obj
 0002:00009310       P_2                        00437310     LIBCMT:cos_pentium4.obj
 0002:00009320       P_1                        00437320     LIBCMT:cos_pentium4.obj
 0002:00009328       P_3                        00437328     LIBCMT:cos_pentium4.obj
 0002:00009330       TWO_POW_55                 00437330     LIBCMT:cos_pentium4.obj
 0002:00009338       TWO_POW_M55                00437338     LIBCMT:cos_pentium4.obj
 0002:00009340       ALL_ONES                   00437340     LIBCMT:cos_pentium4.obj
 0002:00009348       NEG_ZERO                   00437348     LIBCMT:cos_pentium4.obj
 0002:00009350       ONE                        00437350     LIBCMT:cos_pentium4.obj
 0002:00009360       SIGN_MASK                  00437360     LIBCMT:cos_pentium4.obj
 0002:00009384       One                        00437384     LIBCMT:87disp.obj
 0002:0000938c       XAMtoTagTab                0043738c     LIBCMT:87disp.obj
 0002:000093a0       One                        004373a0     LIBCMT:common.obj
 0002:000093b4       DblMax                     004373b4     LIBCMT:common.obj
 0002:000093bc       DblMin                     004373bc     LIBCMT:common.obj
 0002:000093c4       IeeeAdjO                   004373c4     LIBCMT:common.obj
 0002:000093cc       IeeeAdjU                   004373cc     LIBCMT:common.obj
 0002:000093d4       _infinity                  004373d4     LIBCMT:common.obj
 0002:000093dc       _zero                      004373dc     LIBCMT:common.obj
 0002:000093f0       Ctable                     004373f0     LIBCMT:sin_pentium4.obj
 0002:00009bf0       SC_1                       00437bf0     LIBCMT:sin_pentium4.obj
 0002:00009c00       SC_2                       00437c00     LIBCMT:sin_pentium4.obj
 0002:00009c10       SC_3                       00437c10     LIBCMT:sin_pentium4.obj
 0002:00009c20       SC_4                       00437c20     LIBCMT:sin_pentium4.obj
 0002:00009c30       PI32INV                    00437c30     LIBCMT:sin_pentium4.obj
 0002:00009c38       SHIFTER                    00437c38     LIBCMT:sin_pentium4.obj
 0002:00009c40       P_2                        00437c40     LIBCMT:sin_pentium4.obj
 0002:00009c50       P_1                        00437c50     LIBCMT:sin_pentium4.obj
 0002:00009c58       P_3                        00437c58     LIBCMT:sin_pentium4.obj
 0002:00009c60       TWO_POW_55                 00437c60     LIBCMT:sin_pentium4.obj
 0002:00009c68       TWO_POW_M55                00437c68     LIBCMT:sin_pentium4.obj
 0002:00009c70       ALL_ONES                   00437c70     LIBCMT:sin_pentium4.obj
 0002:00009c78       NEG_ZERO                   00437c78     LIBCMT:sin_pentium4.obj
 0002:00009c80       ONE                        00437c80     LIBCMT:sin_pentium4.obj
 0002:0000b250       rcp_t1                     00439250     LIBCMT:pow_pentium4.obj
 0002:0000b660       log2_t1                    00439660     LIBCMT:pow_pentium4.obj
 0002:0000be70       rcp_t2                     00439e70     LIBCMT:pow_pentium4.obj
 0002:0000c280       log2_t2                    0043a280     LIBCMT:pow_pentium4.obj
 0002:0000ca90       rcp_t3                     0043aa90     LIBCMT:pow_pentium4.obj
 0002:0000d2a0       log2_t3                    0043b2a0     LIBCMT:pow_pentium4.obj
 0002:0000e2b0       clv                        0043c2b0     LIBCMT:pow_pentium4.obj
 0002:0000e2d0       exp2_tbl                   0043c2d0     LIBCMT:pow_pentium4.obj
 0002:0000ead0       Shifter                    0043cad0     LIBCMT:pow_pentium4.obj
 0002:0000eae0       SIGMASK                    0043cae0     LIBCMT:pow_pentium4.obj
 0002:0000eaf0       ONEMASK                    0043caf0     LIBCMT:pow_pentium4.obj
 0002:0000eb00       ABSVALMASK                 0043cb00     LIBCMT:pow_pentium4.obj
 0002:0000eb10       cev                        0043cb10     LIBCMT:pow_pentium4.obj
 0002:0000eb38       HALFSIG                    0043cb38     LIBCMT:pow_pentium4.obj
 0002:0000eb40       LHN                        0043cb40     LIBCMT:pow_pentium4.obj
 0002:0000eb48       sNaN                       0043cb48     LIBCMT:pow_pentium4.obj
 0002:0000eb50       INF                        0043cb50     LIBCMT:pow_pentium4.obj
 0002:0000eb58       NEG_INF                    0043cb58     LIBCMT:pow_pentium4.obj
 0002:0000eb60       NEG_ZERO                   0043cb60     LIBCMT:pow_pentium4.obj
 0002:0000eb68       NEG_BIG                    0043cb68     LIBCMT:pow_pentium4.obj
 0002:0000eb70       POS_BIG                    0043cb70     LIBCMT:pow_pentium4.obj
 0002:0000eb78       EMIN                       0043cb78     LIBCMT:pow_pentium4.obj
 0002:0000eb80       QIND                       0043cb80     LIBCMT:pow_pentium4.obj
 0002:0000ebae       _log2max                   0043cbae     LIBCMT:87tran.obj
 0002:0000ebb8       _smallarg                  0043cbb8     LIBCMT:87tran.obj
 0002:0000ebc2       _half                      0043cbc2     LIBCMT:87tran.obj
 0002:0000ed50       __sehtable$_doexit         0043cd50     LIBCMT:crt0dat.obj
 0002:0000ed70       __sehtable$_printf         0043cd70     LIBCMT:printf.obj
 0002:0000ed90       __sehtable$_fclose         0043cd90     LIBCMT:fclose.obj
 0002:0000edb0       __sehtable$__fsopen        0043cdb0     LIBCMT:fopen.obj
 0002:0000edd0       __sehtable$_fread_s        0043cdd0     LIBCMT:fread.obj
 0002:0000edf0       __sehtable$_fseek          0043cdf0     LIBCMT:fseek.obj
 0002:0000ee10       __sehtable$_ftell          0043ce10     LIBCMT:ftell.obj
 0002:0000ee30       __sehtable$___tmainCRTStartup 0043ce30     LIBCMT:crt0.obj
 0002:0000ee50       __sehtable$__mtinitlocknum 0043ce50     LIBCMT:mlock.obj
 0002:0000ee70       __sehtable$__IsNonwritableInCurrentImage 0043ce70     LIBCMT:pesect.obj
 0002:0000ee90       __sehtable$__onexit        0043ce90     LIBCMT:onexit.obj
 0002:0000eeb0       __sehtable$?terminate@@YAXXZ 0043ceb0     LIBCMT:hooks.obj
 0002:0000eed0       __sehtable$?_inconsistency@@YAXXZ 0043ced0     LIBCMT:hooks.obj
 0002:0000eef0       __sehtable$_signal         0043cef0     LIBCMT:winsig.obj
 0002:0000ef10       __sehtable$_raise          0043cf10     LIBCMT:winsig.obj
 0002:0000ef30       __sehtable$_ctrlevent_capture@4 0043cf30     LIBCMT:winsig.obj
 0002:0000ef50       __sehtable$___updatetmbcinfo 0043cf50     LIBCMT:mbctype.obj
 0002:0000ef70       __sehtable$__setmbcp       0043cf70     LIBCMT:mbctype.obj
 0002:0000ef90       __sehtable$_vprintf_helper 0043cf90     LIBCMT:vprintf.obj
 0002:0000efb0       __sehtable$__close         0043cfb0     LIBCMT:close.obj
 0002:0000efd0       __sehtable$_fflush         0043cfd0     LIBCMT:fflush.obj
 0002:0000eff0       __sehtable$_flsall         0043cff0     LIBCMT:fflush.obj
 0002:0000f018       __sehtable$__getstream     0043d018     LIBCMT:stream.obj
 0002:0000f038       __sehtable$__read          0043d038     LIBCMT:read.obj
 0002:0000f058       __sehtable$__lseek         0043d058     LIBCMT:lseek.obj
 0002:0000f078       __sehtable$__lseeki64      0043d078     LIBCMT:lseeki64.obj
 0002:0000f098       __sehtable$__ioinit        0043d098     LIBCMT:ioinit.obj
 0002:0000f0b8       __sehtable$___set_fpsr_sse2 0043d0b8     LIBCMT:fpctrl.obj
 0002:0000f0d8       __sehtable$___updatetlocinfo 0043d0d8     LIBCMT:localref.obj
 0002:0000f0f8       __sehtable$__freefls@4     0043d0f8     LIBCMT:tidtable.obj
 0002:0000f120       __sehtable$__initptd       0043d120     LIBCMT:tidtable.obj
 0002:0000f148       __sehtable$__get_current_locale 0043d148     LIBCMT:wsetloca.obj
 0002:0000f170       __sehtable$__free_locale   0043d170     LIBCMT:wsetloca.obj
 0002:0000f198       __sehtable$__wsetlocale    0043d198     LIBCMT:wsetloca.obj
 0002:0000f1d0       __sehtable$__locterm       0043d1d0     LIBCMT:wsetloca.obj
 0002:0000f1f0       __sehtable$__fcloseall     0043d1f0     LIBCMT:closeall.obj
 0002:0000f210       __sehtable$__alloc_osfhnd  0043d210     LIBCMT:osfinfo.obj
 0002:0000f238       __sehtable$___lock_fhandle 0043d238     LIBCMT:osfinfo.obj
 0002:0000f258       __sehtable$__open_osfhandle 0043d258     LIBCMT:osfinfo.obj
 0002:0000f278       __sehtable$__commit        0043d278     LIBCMT:commit.obj
 0002:0000f298       __sehtable$__write         0043d298     LIBCMT:write.obj
 0002:0000f2b8       __sehtable$__sopen_helper  0043d2b8     LIBCMT:open.obj
 0002:0000f2d8       __sehtable$__open          0043d2d8     LIBCMT:open.obj
 0002:0000f2f8       __sehtable$__putwch        0043d2f8     LIBCMT:putwch.obj
 0002:0000f318       __sehtable$__wsopen_helper 0043d318     LIBCMT:wopen.obj
 0002:0000f338       __sehtable$__wopen         0043d338     LIBCMT:wopen.obj
 0002:0000f358       __sehtable$__chsize_s      0043d358     LIBCMT:chsize.obj
 0002:0000f378       __sehtable$__setmode       0043d378     LIBCMT:setmode.obj
 0002:0000f5d0       .idata$6                   0043d5d0     kernel32:KERNEL32.dll
 0002:0000f6d2       .idata$6                   0043d6d2     opengl32:OPENGL32.dll
 0002:0000f6ee       .idata$6                   0043d6ee     glu32:GLU32.dll
 0002:0000f81c       .idata$6                   0043d81c     glut32:glut32.dll
 0003:00000010       ?length_dezigzag@?1??compute_huffman_codes@@9@9 0043e010     stb_image.obj
 0003:00000028       _bmask                     0043e028     stb_image.obj
 0003:0000006c       _stbi_stdio_callbacks      0043e06c     stb_image.obj
 0003:00000078       _dezigzag                  0043e078     stb_image.obj
 0003:000000c8       ?png_sig@?1??check_png_header@@9@9 0043e0c8     stb_image.obj
 0003:000000d0       _first_row_filter          0043e0d0     stb_image.obj
 0003:000000d8       ?invalid_chunk@?BH@??parse_png_file@@9@9 0043e0d8     stb_image.obj
 0003:000000f0       _h2l_gamma_i               0043e0f0     stb_image.obj
 0003:000000f4       _h2l_scale_i               0043e0f4     stb_image.obj
 0003:000000f8       _l2h_gamma                 0043e0f8     stb_image.obj
 0003:000000fc       _l2h_scale                 0043e0fc     stb_image.obj
 0003:00000100       _length_base               0043e100     stb_image.obj
 0003:00000180       _length_extra              0043e180     stb_image.obj
 0003:00000200       _dist_base                 0043e200     stb_image.obj
 0003:00000280       _dist_extra                0043e280     stb_image.obj
 0003:00000310       __locktable                0043e310     LIBCMT:mlock.obj
 0003:00000430       ?isPackaged@?1??__crtIsPackagedApp@@9@9 0043e430     LIBCMT:winapisupp.obj
 0003:00000438       _errtable                  0043e438     LIBCMT:dosmap.obj
 0003:000005a0       _ErrnoNoMem                0043e5a0     LIBCMT:dosmap.obj
 0003:000005a4       _DoserrorNoMem             0043e5a4     LIBCMT:dosmap.obj
 0003:000009f8       ___rgctypeflag             0043e9f8     LIBCMT:mbctype.obj
 0003:00000a00       ___rgcode_page_info        0043ea00     LIBCMT:mbctype.obj
 0003:00000d80       _NAME_                     0043ed80     LIBCMT:cos.obj
 0003:00000d90       _NAME_                     0043ed90     LIBCMT:sin.obj
 0003:00000f08       ?_names@?1??_get_fname@@9@9 0043ef08     LIBCMT:fpexcept.obj
 0003:00000ff0       _over                      0043eff0     LIBCMT:fpctrl.obj
 0003:00000ffc       _under                     0043effc     LIBCMT:fpctrl.obj
 0003:00001008       ?__DAZ_ENABLED@?1??__set_fpsr_sse2@@9@9 0043f008     LIBCMT:fpctrl.obj
 0003:00001244       __ctype_loc_style          0043f244     LIBCMT:wsetloca.obj
 0003:00001258       POW_name                   0043f258     LIBCMT:pow.obj
 0003:000012f0       _DoubleFormat              0043f2f0     LIBCMT:intrncvt.obj
 0003:00001308       _FloatFormat               0043f308     LIBCMT:intrncvt.obj
 0003:00001630       _stbi_unpremultiply_on_load 0043f630     stb_image.obj
 0003:00001634       _stbi_de_iphone_flag       0043f634     stb_image.obj
 0003:00001638       _failure_reason            0043f638     stb_image.obj
 0003:00001640       _default_length            0043f640     stb_image.obj
 0003:00001760       _default_distance          0043f760     stb_image.obj
 0003:000017b4       ___enable_percent_n        0043f7b4     LIBCMT:printf.obj
 0003:000017c8       _lclcritsects              0043f7c8     LIBCMT:mlock.obj
 0003:00001920       ?outmsg@?8??_NMSG_WRITE@@9@9 0043f920     LIBCMT:crt0msg.obj
 0003:00001f58       _ctrlc_action              0043ff58     LIBCMT:winsig.obj
 0003:00001f5c       _ctrlbreak_action          0043ff5c     LIBCMT:winsig.obj
 0003:00001f60       _abort_action              0043ff60     LIBCMT:winsig.obj
 0003:00001f64       _term_action               0043ff64     LIBCMT:winsig.obj
 0003:00001f68       _ConsoleCtrlHandler_Installed 0043ff68     LIBCMT:winsig.obj
 0003:00001f6c       _g_pfnRtlGenRandom         0043ff6c     LIBCMT:rand_s.obj
 0003:00001f88       _fSystemSet                0043ff88     LIBCMT:mbctype.obj
 0003:00001f98       _GS_ExceptionRecord        0043ff98     LIBCMT:gs_report.obj
 0003:00001fe8       _GS_ContextRecord          0043ffe8     LIBCMT:gs_report.obj
 0003:000022b4       _DebuggerWasPresent        004402b4     LIBCMT:gs_report.obj
 0003:000023c4       __pmatherr_set             004403c4     LIBCMT:libm_error.obj
 0003:000023d0       ?_pgmname@?1??_setargv@@9@9 004403d0     LIBCMT:stdargv.obj
 0003:000024dc       ?pfnMessageBox@?1??__crtMessageBoxW@@9@9 004404dc     LIBCMT:crtmboxw.obj
 0003:000024e0       ?pfnGetActiveWindow@?1??__crtMessageBoxW@@9@9 004404e0     LIBCMT:crtmboxw.obj
 0003:000024e4       ?pfnGetLastActivePopup@?1??__crtMessageBoxW@@9@9 004404e4     LIBCMT:crtmboxw.obj
 0003:000024e8       ?pfnGetProcessWindowStation@?1??__crtMessageBoxW@@9@9 004404e8     LIBCMT:crtmboxw.obj
 0003:000024ec       ?pfnGetUserObjectInformation@?1??__crtMessageBoxW@@9@9 004404ec     LIBCMT:crtmboxw.obj
 0003:000024f0       ___crtCallProc             004404f0     LIBCMT:winapinls.obj
 0004:00000060       $R000000                   00442060     * linker generated manifest res *
