 basics

 Timestamp is 5465615e (Thu Nov 13 18:56:46 2014)

 Preferred load address is 00400000

 Start         Length     Name                   Class
 0001:00000000 0002c496H .text$mn                CODE
 0002:00000000 000001b8H .idata$5                DATA
 0002:000001b8 00000004H .CRT$XCA                DATA
 0002:000001bc 00000004H .CRT$XCZ                DATA
 0002:000001c0 00000004H .CRT$XIA                DATA
 0002:000001c4 00000014H .CRT$XIC                DATA
 0002:000001d8 00000004H .CRT$XIY                DATA
 0002:000001dc 00000004H .CRT$XIZ                DATA
 0002:000001e0 00000004H .CRT$XPA                DATA
 0002:000001e4 00000008H .CRT$XPX                DATA
 0002:000001ec 00000004H .CRT$XPXA               DATA
 0002:000001f0 00000004H .CRT$XPZ                DATA
 0002:000001f4 00000004H .CRT$XTA                DATA
 0002:000001f8 00000004H .CRT$XTZ                DATA
 0002:00000200 0000ea20H .rdata                  DATA
 0002:0000ec20 000000b0H .rdata$debug            DATA
 0002:0000ecd0 0000000cH .rdata$sxdata           DATA
 0002:0000ecdc 00000004H .rtc$IAA                DATA
 0002:0000ece0 00000004H .rtc$IZZ                DATA
 0002:0000ece4 00000004H .rtc$TAA                DATA
 0002:0000ece8 00000004H .rtc$TZZ                DATA
 0002:0000ecf0 00000644H .xdata$x                DATA
 0002:0000f334 00000000H .edata                  DATA
 0002:0000f334 00000050H .idata$2                DATA
 0002:0000f384 00000014H .idata$3                DATA
 0002:0000f398 000001b8H .idata$4                DATA
 0002:0000f550 000007aaH .idata$6                DATA
 0003:00000000 000015f8H .data                   DATA
 0003:00001600 00001fdcH .bss                    DATA
 0004:00000000 00000058H .rsrc$01                DATA
 0004:00000060 00000180H .rsrc$02                DATA

  Address         Publics by Value              Rva+Base       Lib:Object

 0000:00000000       __except_list              00000000     <absolute>
 0000:00000000       ___guard_fids_table        00000000     <absolute>
 0000:00000000       ___guard_fids_count        00000000     <absolute>
 0000:00000000       ___guard_flags             00000000     <absolute>
 0000:00000003       ___safe_se_handler_count   00000003     <absolute>
 0000:00000000       ___ImageBase               00400000     <linker-defined>
 0001:00000000       _BuildPopupMenu            00401000 f   basics.obj
 0001:00000090       _SelectFromMenu            00401090 f   basics.obj
 0001:00000150       _animation                 00401150 f   basics.obj
 0001:00000160       _bgimage                   00401160 f   basics.obj
 0001:000001c0       _display                   004011c0 f   basics.obj
 0001:00000290       _drawCircle                00401290 f   basics.obj
 0001:00000330       _drawLine                  00401330 f   basics.obj
 0001:00000370       _drawSquare                00401370 f   basics.obj
 0001:00000400       _flipImag                  00401400 f   basics.obj
 0001:000004a0       _getImageColor             004014a0 f   basics.obj
 0001:00000550       _init                      00401550 f   basics.obj
 0001:000005e0       _loadPNG                   004015e0 f   basics.obj
 0001:00000610       _main                      00401610 f   basics.obj
 0001:00000690       _myMouse                   00401690 f   basics.obj
 0001:000006e0       _renderStickMan            004016e0 f   basics.obj
 0001:000084e0       _stbi_convert_iphone_png_to_rgb 004094e0 f   stb_image.obj
 0001:000085a0       _stbi_failure_reason       004095a0 f   stb_image.obj
 0001:000091c0       _stbi_hdr_to_ldr_gamma     0040a1c0 f   stb_image.obj
 0001:000091e0       _stbi_hdr_to_ldr_scale     0040a1e0 f   stb_image.obj
 0001:00009200       _stbi_image_free           0040a200 f   stb_image.obj
 0001:00009210       _stbi_info                 0040a210 f   stb_image.obj
 0001:00009260       _stbi_info_from_callbacks  0040a260 f   stb_image.obj
 0001:000092c0       _stbi_info_from_file       0040a2c0 f   stb_image.obj
 0001:00009340       _stbi_info_from_memory     0040a340 f   stb_image.obj
 0001:00009460       _stbi_is_hdr               0040a460 f   stb_image.obj
 0001:000094a0       _stbi_is_hdr_from_callbacks 0040a4a0 f   stb_image.obj
 0001:000094f0       _stbi_is_hdr_from_file     0040a4f0 f   stb_image.obj
 0001:00009530       _stbi_is_hdr_from_memory   0040a530 f   stb_image.obj
 0001:000096d0       _stbi_ldr_to_hdr_gamma     0040a6d0 f   stb_image.obj
 0001:000096f0       _stbi_ldr_to_hdr_scale     0040a6f0 f   stb_image.obj
 0001:00009710       _stbi_load                 0040a710 f   stb_image.obj
 0001:00009770       _stbi_load_from_callbacks  0040a770 f   stb_image.obj
 0001:000097e0       _stbi_load_from_file       0040a7e0 f   stb_image.obj
 0001:00009840       _stbi_load_from_memory     0040a840 f   stb_image.obj
 0001:00009a20       _stbi_loadf                0040aa20 f   stb_image.obj
 0001:00009a70       _stbi_loadf_from_callbacks 0040aa70 f   stb_image.obj
 0001:00009ae0       _stbi_loadf_from_file      0040aae0 f   stb_image.obj
 0001:00009b40       _stbi_loadf_from_memory    0040ab40 f   stb_image.obj
 0001:00009bb0       _stbi_loadf_main           0040abb0 f   stb_image.obj
 0001:0000a450       _stbi_set_unpremultiply_on_load 0040b450 f   stb_image.obj
 0001:0000a4a0       _stbi_zlib_decode_buffer   0040b4a0 f   stb_image.obj
 0001:0000a510       _stbi_zlib_decode_malloc   0040b510 f   stb_image.obj
 0001:0000a530       _stbi_zlib_decode_malloc_guesssize 0040b530 f   stb_image.obj
 0001:0000a5e0       _stbi_zlib_decode_malloc_guesssize_headerflag 0040b5e0 f   stb_image.obj
 0001:0000a690       _stbi_zlib_decode_noheader_buffer 0040b690 f   stb_image.obj
 0001:0000a700       _stbi_zlib_decode_noheader_malloc 0040b700 f   stb_image.obj
 0001:0000b514       _glBegin@4                 0040c514 f   opengl32:OPENGL32.dll
 0001:0000b51a       _glClear@4                 0040c51a f   opengl32:OPENGL32.dll
 0001:0000b520       _glClearColor@16           0040c520 f   opengl32:OPENGL32.dll
 0001:0000b526       _glColor3f@12              0040c526 f   opengl32:OPENGL32.dll
 0001:0000b52c       _glDrawPixels@20           0040c52c f   opengl32:OPENGL32.dll
 0001:0000b532       _glEnd@0                   0040c532 f   opengl32:OPENGL32.dll
 0001:0000b538       _glFlush@0                 0040c538 f   opengl32:OPENGL32.dll
 0001:0000b53e       _glLoadIdentity@0          0040c53e f   opengl32:OPENGL32.dll
 0001:0000b544       _glMatrixMode@4            0040c544 f   opengl32:OPENGL32.dll
 0001:0000b54a       _glRasterPos2i@8           0040c54a f   opengl32:OPENGL32.dll
 0001:0000b550       _glVertex2f@8              0040c550 f   opengl32:OPENGL32.dll
 0001:0000b556       _glViewport@16             0040c556 f   opengl32:OPENGL32.dll
 0001:0000b55c       _gluOrtho2D@32             0040c55c f   glu32:GLU32.dll
 0001:0000b562       ___glutInitWithExit@12     0040c562 f   glut32:glut32.dll
 0001:0000b568       _glutInitDisplayMode@4     0040c568 f   glut32:glut32.dll
 0001:0000b56e       _glutInitWindowPosition@8  0040c56e f   glut32:glut32.dll
 0001:0000b574       _glutInitWindowSize@8      0040c574 f   glut32:glut32.dll
 0001:0000b57a       _glutMainLoop@0            0040c57a f   glut32:glut32.dll
 0001:0000b580       ___glutCreateWindowWithExit@8 0040c580 f   glut32:glut32.dll
 0001:0000b586       _glutPostRedisplay@0       0040c586 f   glut32:glut32.dll
 0001:0000b58c       ___glutCreateMenuWithExit@8 0040c58c f   glut32:glut32.dll
 0001:0000b592       _glutAddMenuEntry@8        0040c592 f   glut32:glut32.dll
 0001:0000b598       _glutAddSubMenu@8          0040c598 f   glut32:glut32.dll
 0001:0000b59e       _glutAttachMenu@4          0040c59e f   glut32:glut32.dll
 0001:0000b5a4       _glutDisplayFunc@4         0040c5a4 f   glut32:glut32.dll
 0001:0000b5aa       _glutMouseFunc@4           0040c5aa f   glut32:glut32.dll
 0001:0000b5b0       _glutIdleFunc@4            0040c5b0 f   glut32:glut32.dll
 0001:0000b5b6       ___copy_path_to_wide_string 0040c5b6 f   LIBCMT:crt0dat.obj
 0001:0000b668       ___copy_to_char            0040c668 f   LIBCMT:crt0dat.obj
 0001:0000b71d       ___crtCorExitProcess       0040c71d f   LIBCMT:crt0dat.obj
 0001:0000b751       ___crtExitProcess          0040c751 f   LIBCMT:crt0dat.obj
 0001:0000b767       ___freeCrtMemory           0040c767 f   LIBCMT:crt0dat.obj
 0001:0000b874       __amsg_exit                0040c874 f   LIBCMT:crt0dat.obj
 0001:0000b890       __c_exit                   0040c890 f   LIBCMT:crt0dat.obj
 0001:0000b89f       __cexit                    0040c89f f   LIBCMT:crt0dat.obj
 0001:0000b8ae       __cinit                    0040c8ae f   LIBCMT:crt0dat.obj
 0001:0000b932       __exit                     0040c932 f   LIBCMT:crt0dat.obj
 0001:0000b946       __exit_app                 0040c946 f   LIBCMT:crt0dat.obj
 0001:0000b954       __get_pgmptr               0040c954 f   LIBCMT:crt0dat.obj
 0001:0000b983       __get_wpgmptr              0040c983 f   LIBCMT:crt0dat.obj
 0001:0000b9b2       __init_pointers            0040c9b2 f   LIBCMT:crt0dat.obj
 0001:0000ba20       __initterm_e               0040ca20 f   LIBCMT:crt0dat.obj
 0001:0000ba42       __lockexit                 0040ca42 f   LIBCMT:crt0dat.obj
 0001:0000ba4b       __unlockexit               0040ca4b f   LIBCMT:crt0dat.obj
 0001:0000bb83       _exit                      0040cb83 f   LIBCMT:crt0dat.obj
 0001:0000bb97       __get_printf_count_output  0040cb97 f   LIBCMT:printf.obj
 0001:0000bbac       __printf_l                 0040cbac f   LIBCMT:printf.obj
 0001:0000bbc3       __printf_p                 0040cbc3 f   LIBCMT:printf.obj
 0001:0000bbd9       __printf_p_l               0040cbd9 f   LIBCMT:printf.obj
 0001:0000bbf0       __printf_s_l               0040cbf0 f   LIBCMT:printf.obj
 0001:0000bc07       __set_printf_count_output  0040cc07 f   LIBCMT:printf.obj
 0001:0000bc2f       _printf                    0040cc2f f   LIBCMT:printf.obj
 0001:0000bcde       _printf_s                  0040ccde f   LIBCMT:printf.obj
 0001:0000bd00       __libm_sse2_cos_precise    0040cd00 f   LIBCMT:cos_sse2_precise.obj
 0001:0000bec0       __libm_sse2_sin_precise    0040cec0 f   LIBCMT:sin_sse2_precise.obj
 0001:0000c088       __fpmath                   0040d088 f   LIBCMT:fpinit.obj
 0001:0000c09f       ___setfflag                0040d09f f   LIBCMT:fpinit.obj
 0001:0000c0b2       __cfltcvt_init             0040d0b2 f   LIBCMT:fpinit.obj
 0001:0000c112       __fclose_nolock            0040d112 f   LIBCMT:fclose.obj
 0001:0000c17e       _fclose                    0040d17e f   LIBCMT:fclose.obj
 0001:0000c1f5       _feof                      0040d1f5 f   LIBCMT:feoferr.obj
 0001:0000c21b       _ferror                    0040d21b f   LIBCMT:feoferr.obj
 0001:0000c241       __fsopen                   0040d241 f   LIBCMT:fopen.obj
 0001:0000c305       _fopen                     0040d305 f   LIBCMT:fopen.obj
 0001:0000c31a       _fopen_s                   0040d31a f   LIBCMT:fopen.obj
 0001:0000c35f       __fread_nolock             0040d35f f   LIBCMT:fread.obj
 0001:0000c37a       __fread_nolock_s           0040d37a f   LIBCMT:fread.obj
 0001:0000c53f       _fread                     0040d53f f   LIBCMT:fread.obj
 0001:0000c55a       _fread_s                   0040d55a f   LIBCMT:fread.obj
 0001:0000c5eb       __fseek_nolock             0040d5eb f   LIBCMT:fseek.obj
 0001:0000c67a       _fseek                     0040d67a f   LIBCMT:fseek.obj
 0001:0000c6fd       __ftell_nolock             0040d6fd f   LIBCMT:ftell.obj
 0001:0000ca8d       _ftell                     0040da8d f   LIBCMT:ftell.obj
 0001:0000caf9       _ldexp                     0040daf9 f   LIBCMT:ldexp.obj
 0001:0000ccf0       _strncmp                   0040dcf0 f   LIBCMT:strncmp.obj
 0001:0000cd68       ??0_LocaleUpdate@@QAE@PAUlocaleinfo_struct@@@Z 0040dd68 f i LIBCMT:strtol.obj
 0001:0000cdf0       ??1_LocaleUpdate@@QAE@XZ   0040ddf0 f i LIBCMT:strtol.obj
 0001:0000cdfe       ?GetLocaleT@_LocaleUpdate@@QAEPAUlocaleinfo_struct@@XZ 0040ddfe f i LIBCMT:strtol.obj
 0001:0000d027       __strtol_l                 0040e027 f   LIBCMT:strtol.obj
 0001:0000d042       __strtoul_l                0040e042 f   LIBCMT:strtol.obj
 0001:0000d05d       _strtol                    0040e05d f   LIBCMT:strtol.obj
 0001:0000d087       _strtoul                   0040e087 f   LIBCMT:strtol.obj
 0001:0000d0b1       _free                      0040e0b1 f   LIBCMT:free.obj
 0001:0000d0e9       __heap_alloc               0040e0e9 f i LIBCMT:malloc.obj
 0001:0000d126       _malloc                    0040e126 f   LIBCMT:malloc.obj
 0001:0000d1b8       _realloc                   0040e1b8 f   LIBCMT:realloc.obj
 0001:0000d263       @__security_check_cookie@4 0040e263 f   LIBCMT:secchk.obj
 0001:0000d280       __chkstk                   0040e280 f   LIBCMT:chkstk.obj
 0001:0000d280       __alloca_probe             0040e280 f   LIBCMT:chkstk.obj
 0001:0000d2b0       __libm_sse2_pow_precise    0040e2b0 f   LIBCMT:pow_sse2_precise.obj
 0001:0000de20       _memcpy                    0040ee20 f   LIBCMT:memcpy.obj
 0001:0000e470       _memset                    0040f470 f   LIBCMT:memset.obj
 0001:0000e6c1       _mainCRTStartup            0040f6c1 f   LIBCMT:crt0.obj
 0001:0000e6cb       ?_invalid_parameter@@YAXPBG00II@Z 0040f6cb f   LIBCMT:invarg.obj
 0001:0000e6d0       ?_invoke_watson@@YAXPBG00II@Z 0040f6d0 f   LIBCMT:invarg.obj
 0001:0000e6e8       __call_reportfault         0040f6e8 f   LIBCMT:invarg.obj
 0001:0000e80d       __get_invalid_parameter_handler 0040f80d f   LIBCMT:invarg.obj
 0001:0000e81a       __initp_misc_invarg        0040f81a f   LIBCMT:invarg.obj
 0001:0000e827       __invalid_parameter        0040f827 f   LIBCMT:invarg.obj
 0001:0000e852       __invalid_parameter_noinfo 0040f852 f   LIBCMT:invarg.obj
 0001:0000e862       __invalid_parameter_noinfo_noreturn 0040f862 f   LIBCMT:invarg.obj
 0001:0000e87d       __invoke_watson            0040f87d f   LIBCMT:invarg.obj
 0001:0000e8a8       __set_invalid_parameter_handler 0040f8a8 f   LIBCMT:invarg.obj
 0001:0000e8cd       __RTC_Initialize           0040f8cd f   LIBCMT:initsect.obj
 0001:0000e8ed       __RTC_Terminate            0040f8ed f   LIBCMT:initsect.obj
 0001:0000e90d       __lock                     0040f90d f   LIBCMT:mlock.obj
 0001:0000e941       __lockerr_exit             0040f941 f   LIBCMT:mlock.obj
 0001:0000e961       __mtdeletelocks            0040f961 f   LIBCMT:mlock.obj
 0001:0000e9b5       __mtinitlocknum            0040f9b5 f   LIBCMT:mlock.obj
 0001:0000ea5e       __mtinitlocks              0040fa5e f   LIBCMT:mlock.obj
 0001:0000ea97       __unlock                   0040fa97 f   LIBCMT:mlock.obj
 0001:0000ead9       ___crtCloseThreadpoolTimer 0040fad9 f   LIBCMT:winapisupp.obj
 0001:0000eaf0       ___crtCloseThreadpoolWait  0040faf0 f   LIBCMT:winapisupp.obj
 0001:0000eb07       ___crtCreateEventExW       0040fb07 f   LIBCMT:winapisupp.obj
 0001:0000eb42       ___crtCreateSemaphoreExW   0040fb42 f   LIBCMT:winapisupp.obj
 0001:0000eb7c       ___crtCreateSymbolicLinkW  0040fb7c f   LIBCMT:winapisupp.obj
 0001:0000eba5       ___crtCreateThreadpoolTimer 0040fba5 f   LIBCMT:winapisupp.obj
 0001:0000ebc6       ___crtCreateThreadpoolWait 0040fbc6 f   LIBCMT:winapisupp.obj
 0001:0000ebe7       ___crtFlsAlloc             0040fbe7 f   LIBCMT:winapisupp.obj
 0001:0000ec05       ___crtFlsFree              0040fc05 f   LIBCMT:winapisupp.obj
 0001:0000ec24       ___crtFlsGetValue          0040fc24 f   LIBCMT:winapisupp.obj
 0001:0000ec43       ___crtFlsSetValue          0040fc43 f   LIBCMT:winapisupp.obj
 0001:0000ec65       ___crtFlushProcessWriteBuffers 0040fc65 f   LIBCMT:winapisupp.obj
 0001:0000ec75       ___crtFreeLibraryWhenCallbackReturns 0040fc75 f   LIBCMT:winapisupp.obj
 0001:0000ec8f       ___crtGetCurrentProcessorNumber 0040fc8f f   LIBCMT:winapisupp.obj
 0001:0000eca1       ___crtGetFileInformationByHandleEx 0040fca1 f   LIBCMT:winapisupp.obj
 0001:0000eccd       ___crtGetLogicalProcessorInformation 0040fccd f   LIBCMT:winapisupp.obj
 0001:0000ecf3       ___crtGetShowWindowMode    0040fcf3 f   LIBCMT:winapisupp.obj
 0001:0000ed16       ___crtGetTickCount64       0040fd16 f   LIBCMT:winapisupp.obj
 0001:0000ed2e       ___crtInitializeCriticalSectionEx 0040fd2e f   LIBCMT:winapisupp.obj
 0001:0000ed5c       ___crtIsPackagedApp        0040fd5c f   LIBCMT:winapisupp.obj
 0001:0000ed9d       ___crtLoadWinApiPointers   0040fd9d f   LIBCMT:winapisupp.obj
 0001:0000f028       ___crtSetFileInformationByHandle 00410028 f   LIBCMT:winapisupp.obj
 0001:0000f054       ___crtSetThreadStackGuarantee 00410054 f   LIBCMT:winapisupp.obj
 0001:0000f06f       ___crtSetThreadpoolTimer   0041006f f   LIBCMT:winapisupp.obj
 0001:0000f08f       ___crtSetThreadpoolWait    0041008f f   LIBCMT:winapisupp.obj
 0001:0000f0ac       ___crtSetUnhandledExceptionFilter 004100ac f   LIBCMT:winapisupp.obj
 0001:0000f0ba       ___crtSleep                004100ba f   LIBCMT:winapisupp.obj
 0001:0000f0c8       ___crtTerminateProcess     004100c8 f   LIBCMT:winapisupp.obj
 0001:0000f0dd       ___crtUnhandledException   004100dd f   LIBCMT:winapisupp.obj
 0001:0000f0f3       ___crtWaitForThreadpoolTimerCallbacks 004100f3 f   LIBCMT:winapisupp.obj
 0001:0000f10d       __FF_MSGBANNER             0041010d f   LIBCMT:crt0msg.obj
 0001:0000f146       __GET_RTERRMSG             00410146 f   LIBCMT:crt0msg.obj
 0001:0000f16a       __NMSG_WRITE               0041016a f   LIBCMT:crt0msg.obj
 0001:0000f327       __invoke_watson_if_error   00410327 f i LIBCMT:crt0msg.obj
 0001:0000f347       ___doserrno                00410347 f   LIBCMT:dosmap.obj
 0001:0000f35a       __dosmaperr                0041035a f   LIBCMT:dosmap.obj
 0001:0000f37b       __errno                    0041037b f   LIBCMT:dosmap.obj
 0001:0000f38e       __get_doserrno             0041038e f   LIBCMT:dosmap.obj
 0001:0000f3b1       __get_errno                004103b1 f   LIBCMT:dosmap.obj
 0001:0000f3d4       __get_errno_from_oserr     004103d4 f   LIBCMT:dosmap.obj
 0001:0000f415       __set_doserrno             00410415 f   LIBCMT:dosmap.obj
 0001:0000f434       __set_errno                00410434 f   LIBCMT:dosmap.obj
 0001:0000f460       __FindPESection            00410460 f   LIBCMT:pesect.obj
 0001:0000f4b0       __IsNonwritableInCurrentImage 004104b0 f   LIBCMT:pesect.obj
 0001:0000f570       __ValidateImageBase        00410570 f   LIBCMT:pesect.obj
 0001:0000f5a1       ___onexitinit              004105a1 f   LIBCMT:onexit.obj
 0001:0000f5d0       __onexit                   004105d0 f   LIBCMT:onexit.obj
 0001:0000f6cc       _atexit                    004106cc f   LIBCMT:onexit.obj
 0001:0000f6e1       __calloc_crt               004106e1 f   LIBCMT:crtheap.obj
 0001:0000f729       __malloc_crt               00410729 f   LIBCMT:crtheap.obj
 0001:0000f770       __realloc_crt              00410770 f   LIBCMT:crtheap.obj
 0001:0000f7ba       __recalloc_crt             004107ba f   LIBCMT:crtheap.obj
 0001:0000f808       __set_malloc_crt_max_wait  00410808 f   LIBCMT:crtheap.obj
 0001:0000f81b       _wait_a_bit                0041081b f i LIBCMT:crtheap.obj
 0001:0000f83f       __initp_misc_cfltcvt_tab   0041083f f   LIBCMT:cmiscdat.obj
 0001:0000f85e       ?_inconsistency@@YAXXZ     0041085e f   LIBCMT:hooks.obj
 0001:0000f896       ?terminate@@YAXXZ          00410896 f   LIBCMT:hooks.obj
 0001:0000f8ca       ?unexpected@@YAXXZ         004108ca f   LIBCMT:hooks.obj
 0001:0000f8dd       __initp_eh_hooks           004108dd f   LIBCMT:hooks.obj
 0001:0000f8ee       ?_query_new_handler@@YAP6AHI@ZXZ 004108ee f   LIBCMT:handler.obj
 0001:0000f8fb       ?_set_new_handler@@YAP6AHI@ZH@Z 004108fb f   LIBCMT:handler.obj
 0001:0000f904       ?_set_new_handler@@YAP6AHI@ZP6AHI@Z@Z 00410904 f   LIBCMT:handler.obj
 0001:0000f939       __callnewh                 00410939 f   LIBCMT:handler.obj
 0001:0000f95f       __initp_heap_handler       0041095f f   LIBCMT:handler.obj
 0001:0000f96c       ___getlocaleinfo           0041096c f   LIBCMT:inithelp.obj
 0001:0000fb45       __initp_misc_purevirt      00410b45 f   LIBCMT:inithelp.obj
 0001:0000fb52       ___fpecode                 00410b52 f   LIBCMT:winsig.obj
 0001:0000fb5b       ___get_sigabrt             00410b5b f   LIBCMT:winsig.obj
 0001:0000fb68       ___pxcptinfoptrs           00410b68 f   LIBCMT:winsig.obj
 0001:0000fb71       __initp_misc_winsig        00410b71 f   LIBCMT:winsig.obj
 0001:0000fc32       _raise                     00410c32 f   LIBCMT:winsig.obj
 0001:0000fe28       _signal                    00410e28 f   LIBCMT:winsig.obj
 0001:0001007f       __initp_misc_rand_s        0041107f f   LIBCMT:rand_s.obj
 0001:0001008c       _rand_s                    0041108c f   LIBCMT:rand_s.obj
 0001:000101a0       __SEH_prolog4              004111a0 f   LIBCMT:sehprolg4.obj
 0001:000101e5       __SEH_epilog4              004111e5 f   LIBCMT:sehprolg4.obj
 0001:00010240       __except_handler4          00411240 f   LIBCMT:chandler4.obj
 0001:000103d4       ___initmbctable            004113d4 f   LIBCMT:mbctype.obj
 0001:0001068b       ___updatetmbcinfo          0041168b f   LIBCMT:mbctype.obj
 0001:00010731       __getmbcp                  00411731 f   LIBCMT:mbctype.obj
 0001:00010762       __setmbcp                  00411762 f   LIBCMT:mbctype.obj
 0001:0001090a       __setmbcp_nolock           0041190a f   LIBCMT:mbctype.obj
 0001:00010af5       __ftbuf                    00411af5 f   LIBCMT:_sftbuf.obj
 0001:00010b26       __stbuf                    00411b26 f   LIBCMT:_sftbuf.obj
 0001:00010bcc       ___initstdio               00411bcc f   LIBCMT:_file.obj
 0001:00010c3f       ___endstdio                00411c3f f   LIBCMT:_file.obj
 0001:00010c66       ___iob_func                00411c66 f   LIBCMT:_file.obj
 0001:00010c6c       __lock_file                00411c6c f   LIBCMT:_file.obj
 0001:00010cab       __lock_file2               00411cab f   LIBCMT:_file.obj
 0001:00010cdb       __unlock_file              00411cdb f   LIBCMT:_file.obj
 0001:00010d15       __unlock_file2             00411d15 f   LIBCMT:_file.obj
 0001:00010d42       __vprintf_l                00411d42 f   LIBCMT:vprintf.obj
 0001:00010d5d       __vprintf_p                00411d5d f   LIBCMT:vprintf.obj
 0001:00010d77       __vprintf_p_l              00411d77 f   LIBCMT:vprintf.obj
 0001:00010d92       __vprintf_s_l              00411d92 f   LIBCMT:vprintf.obj
 0001:00010dad       _vprintf                   00411dad f   LIBCMT:vprintf.obj
 0001:00010dc7       _vprintf_helper            00411dc7 f   LIBCMT:vprintf.obj
 0001:00010e54       _vprintf_s                 00411e54 f   LIBCMT:vprintf.obj
 0001:00010e6e       __output_l                 00411e6e f   LIBCMT:output.obj
 0001:000119ee       _get_int64_arg             004129ee f i LIBCMT:output.obj
 0001:00011a01       _get_int_arg               00412a01 f i LIBCMT:output.obj
 0001:00011a11       _get_short_arg             00412a11 f i LIBCMT:output.obj
 0001:00011b10       _cos                       00412b10 f   LIBCMT:cos.obj
 0001:00011b50       __CIcos                    00412b50 f   LIBCMT:cos.obj
 0001:00011b8b       __CIcos_default            00412b8b f   LIBCMT:cos.obj
 0001:00011b9f       __cos_default              00412b9f     LIBCMT:cos.obj
 0001:00011c40       _sin                       00412c40 f   LIBCMT:sin.obj
 0001:00011c80       __CIsin                    00412c80 f   LIBCMT:sin.obj
 0001:00011cbb       __CIsin_default            00412cbb f   LIBCMT:sin.obj
 0001:00011ccf       __sin_default              00412ccf     LIBCMT:sin.obj
 0001:00011d69       ?strrchr@@YAPADPADH@Z      00412d69 f i LIBCMT:cvt.obj
 0001:00011d72       __cfltcvt                  00412d72 f   LIBCMT:cvt.obj
 0001:00011d93       __cfltcvt_l                00412d93 f   LIBCMT:cvt.obj
 0001:00011e19       __cftoa                    00412e19 f   LIBCMT:cvt.obj
 0001:00011e37       __cftoa_l                  00412e37 f   LIBCMT:cvt.obj
 0001:00012193       __cftoe                    00413193 f   LIBCMT:cvt.obj
 0001:00012302       __cftoe_l                  00413302 f   LIBCMT:cvt.obj
 0001:000123d0       __cftof                    004133d0 f   LIBCMT:cvt.obj
 0001:000124d7       __cftof_l                  004134d7 f   LIBCMT:cvt.obj
 0001:00012598       __cftog                    00413598 f   LIBCMT:cvt.obj
 0001:000125b6       __cftog_l                  004135b6 f   LIBCMT:cvt.obj
 0001:000126b5       __cropzeros                004136b5 f   LIBCMT:cvt.obj
 0001:000126c6       __cropzeros_l              004136c6 f   LIBCMT:cvt.obj
 0001:00012746       __fassign                  00413746 f   LIBCMT:cvt.obj
 0001:0001275e       __fassign_l                0041375e f   LIBCMT:cvt.obj
 0001:000127a0       __forcdecpt                004137a0 f   LIBCMT:cvt.obj
 0001:000127b1       __forcdecpt_l              004137b1 f   LIBCMT:cvt.obj
 0001:00012825       __positive                 00413825 f   LIBCMT:cvt.obj
 0001:00012867       __setdefaultprecision      00413867 f   LIBCMT:fp8.obj
 0001:0001288e       __fileno                   0041388e f   LIBCMT:fileno.obj
 0001:000128b2       __close                    004138b2 f   LIBCMT:close.obj
 0001:0001298d       __close_nolock             0041398d f   LIBCMT:close.obj
 0001:00012a27       __freebuf                  00413a27 f   LIBCMT:_freebuf.obj
 0001:00012a57       __fflush_nolock            00413a57 f   LIBCMT:fflush.obj
 0001:00012a9d       __flush                    00413a9d f   LIBCMT:fflush.obj
 0001:00012b01       __flushall                 00413b01 f   LIBCMT:fflush.obj
 0001:00012b0a       _fflush                    00413b0a f   LIBCMT:fflush.obj
 0001:00012c47       __getstream                00413c47 f   LIBCMT:stream.obj
 0001:00012d66       __openfile                 00413d66 f   LIBCMT:_open.obj
 0001:00012fe0       __local_unwind4            00413fe0 f   LIBCMT:exsup4.obj
 0001:000130b6       __seh_longjmp_unwind4@4    004140b6 f   LIBCMT:exsup4.obj
 0001:000130d2       @_EH4_CallFilterFunc@8     004140d2 f   LIBCMT:exsup4.obj
 0001:000130e9       @_EH4_TransferToHandler@8  004140e9 f   LIBCMT:exsup4.obj
 0001:00013102       @_EH4_GlobalUnwind2@8      00414102 f   LIBCMT:exsup4.obj
 0001:0001311b       @_EH4_LocalUnwind@16       0041411b f   LIBCMT:exsup4.obj
 0001:00013132       __filbuf                   00414132 f   LIBCMT:_filbuf.obj
 0001:00013253       _memcpy_s                  00414253 f   LIBCMT:memcpy_s.obj
 0001:000132d2       __read                     004142d2 f   LIBCMT:read.obj
 0001:000133e6       __read_nolock              004143e6 f   LIBCMT:read.obj
 0001:00013b77       __lseek                    00414b77 f   LIBCMT:lseek.obj
 0001:00013c66       __lseek_nolock             00414c66 f   LIBCMT:lseek.obj
 0001:00013d0d       __lseeki64                 00414d0d f   LIBCMT:lseeki64.obj
 0001:00013e09       __lseeki64_nolock          00414e09 f   LIBCMT:lseeki64.obj
 0001:00013e7c       __ioinit                   00414e7c f   LIBCMT:ioinit.obj
 0001:00014130       __ioterm                   00415130 f   LIBCMT:ioinit.obj
 0001:00014182       __chgsign                  00415182 f   LIBCMT:ieeemisc.obj
 0001:000141af       __chgsignf                 004151af f   LIBCMT:ieeemisc.obj
 0001:000141d0       __copysign                 004151d0 f   LIBCMT:ieeemisc.obj
 0001:000141f8       __copysignf                004151f8 f   LIBCMT:ieeemisc.obj
 0001:00014214       __finite                   00415214 f   LIBCMT:ieeemisc.obj
 0001:0001422c       __fpclass                  0041522c f   LIBCMT:ieeemisc.obj
 0001:000142c8       __isnan                    004152c8 f   LIBCMT:ieeemisc.obj
 0001:000142fb       __logb                     004152fb f   LIBCMT:ieeemisc.obj
 0001:000143dc       __nextafter                004153dc f   LIBCMT:ieeemisc.obj
 0001:0001467c       __scalb                    0041567c f   LIBCMT:ieeemisc.obj
 0001:00014694       __add_exp                  00415694 f   LIBCMT:util.obj
 0001:000146c3       __decomp                   004156c3 f   LIBCMT:util.obj
 0001:00014795       __get_exp                  00415795 f   LIBCMT:util.obj
 0001:000147ae       __set_bexp                 004157ae f   LIBCMT:util.obj
 0001:000147d7       __set_exp                  004157d7 f   LIBCMT:util.obj
 0001:00014806       __sptype                   00415806 f   LIBCMT:util.obj
 0001:00014861       __errcode                  00415861 f   LIBCMT:fpexcept.obj
 0001:00014893       __except1                  00415893 f   LIBCMT:fpexcept.obj
 0001:0001495b       __except2                  0041595b f   LIBCMT:fpexcept.obj
 0001:00014a5b       __handle_exc               00415a5b f   LIBCMT:fpexcept.obj
 0001:00014c39       __handle_qnan1             00415c39 f   LIBCMT:fpexcept.obj
 0001:00014c89       __handle_qnan2             00415c89 f   LIBCMT:fpexcept.obj
 0001:00014ce9       __raise_exc                00415ce9 f   LIBCMT:fpexcept.obj
 0001:00014d0a       __raise_exc_ex             00415d0a f   LIBCMT:fpexcept.obj
 0001:00014fef       __raise_excf               00415fef f   LIBCMT:fpexcept.obj
 0001:00015010       __set_errno_from_matherr   00416010 f   LIBCMT:fpexcept.obj
 0001:0001503d       __umatherr                 0041603d f   LIBCMT:fpexcept.obj
 0001:000150dd       ___clrfp_sse2              004160dd f   LIBCMT:fpctrl.obj
 0001:000150fe       ___ctrlfp_sse2             004160fe f   LIBCMT:fpctrl.obj
 0001:00015137       ___fclrf_sse2              00416137 f   LIBCMT:fpctrl.obj
 0001:00015154       ___get_fpsr_sse2           00416154 f   LIBCMT:fpctrl.obj
 0001:00015170       ___set_fpsr_sse2           00416170 f   LIBCMT:fpctrl.obj
 0001:000151e6       ___set_statfp_sse2         004161e6 f   LIBCMT:fpctrl.obj
 0001:000151ff       ___statfp_sse2             004161ff f   LIBCMT:fpctrl.obj
 0001:00015214       __clrfp                    00416214 f   LIBCMT:fpctrl.obj
 0001:00015225       __ctrlfp                   00416225 f   LIBCMT:fpctrl.obj
 0001:00015250       __set_statfp               00416250 f   LIBCMT:fpctrl.obj
 0001:000152a8       __statfp                   004162a8 f   LIBCMT:fpctrl.obj
 0001:000152b8       ___addlocaleref            004162b8 f   LIBCMT:localref.obj
 0001:0001534d       ___freetlocinfo            0041634d f   LIBCMT:localref.obj
 0001:000154a7       ___removelocaleref         004164a7 f   LIBCMT:localref.obj
 0001:00015547       ___updatetlocinfo          00416547 f   LIBCMT:localref.obj
 0001:000155c7       __updatetlocinfoEx_nolock  004165c7 f   LIBCMT:localref.obj
 0001:00015612       __isctype                  00416612 f   LIBCMT:isctype.obj
 0001:00015641       __isctype_l                00416641 f   LIBCMT:isctype.obj
 0001:000156f2       ___get_flsindex            004166f2 f   LIBCMT:tidtable.obj
 0001:000156f8       ___threadhandle            004166f8 f   LIBCMT:tidtable.obj
 0001:000156fe       ___threadid                004166fe f   LIBCMT:tidtable.obj
 0001:00015704       __freefls@4                00416704 f   LIBCMT:tidtable.obj
 0001:00015839       __freeptd                  00416839 f   LIBCMT:tidtable.obj
 0001:0001586f       __getptd                   0041686f f   LIBCMT:tidtable.obj
 0001:00015887       __getptd_noexit            00416887 f   LIBCMT:tidtable.obj
 0001:000158f6       __initptd                  004168f6 f   LIBCMT:tidtable.obj
 0001:000159a9       __mtinit                   004169a9 f   LIBCMT:tidtable.obj
 0001:00015a1f       __mtterm                   00416a1f f   LIBCMT:tidtable.obj
 0001:00015a3c       ___init_dummy              00416a3c f   LIBCMT:wsetloca.obj
 0001:00015a3f       __locterm                  00416a3f f   LIBCMT:wsetloca.obj
 0001:00015a91       ____setlc_active_func      00416a91 f   LIBCMT:wsetloca.obj
 0001:00015a97       ____unguarded_readlc_active_add_func 00416a97 f   LIBCMT:wsetloca.obj
 0001:00015a9d       ___copy_locale_name        00416a9d f   LIBCMT:wsetloca.obj
 0001:00015b01       ___create_locale           00416b01 f   LIBCMT:wsetloca.obj
 0001:00015b0a       ___free_locale             00416b0a f   LIBCMT:wsetloca.obj
 0001:00015b0f       ___get_current_locale      00416b0f f   LIBCMT:wsetloca.obj
 0001:00015b14       ___lc_lctowcs              00416b14 f   LIBCMT:wsetloca.obj
 0001:00015b82       ___lc_wcstolc              00416b82 f   LIBCMT:wsetloca.obj
 0001:00015cae       __configthreadlocale       00416cae f   LIBCMT:wsetloca.obj
 0001:00015d34       __create_locale            00416d34 f   LIBCMT:wsetloca.obj
 0001:00015d96       __expandlocale             00416d96 f   LIBCMT:wsetloca.obj
 0001:0001608d       __free_locale              0041708d f   LIBCMT:wsetloca.obj
 0001:00016144       __get_current_locale       00417144 f   LIBCMT:wsetloca.obj
 0001:000161f3       __wcreate_locale           004171f3 f   LIBCMT:wsetloca.obj
 0001:000162ca       __wcscats                  004172ca f   LIBCMT:wsetloca.obj
 0001:00016309       __wsetlocale               00417309 f   LIBCMT:wsetloca.obj
 0001:00016c4b       __get_heap_handle          00417c4b f   LIBCMT:heapinit.obj
 0001:00016c51       __heap_init                00417c51 f   LIBCMT:heapinit.obj
 0001:00016c66       __heap_term                00417c66 f   LIBCMT:heapinit.obj
 0001:00016c6e       ___raise_securityfailure   00417c6e f   LIBCMT:gs_report.obj
 0001:00016cab       ___report_gsfailure        00417cab f   LIBCMT:gs_report.obj
 0001:00016da6       ___report_rangecheckfailure 00417da6 f   LIBCMT:gs_report.obj
 0001:00016db2       ___report_securityfailure  00417db2 f   LIBCMT:gs_report.obj
 0001:00016e82       ___report_securityfailureEx 00417e82 f   LIBCMT:gs_report.obj
 0001:00016f98       ___libm_error_support      00417f98 f   LIBCMT:libm_error.obj
 0001:00017280       ___libm_setusermatherr     00418280 f   LIBCMT:libm_error.obj
 0001:000172b0       _pow                       004182b0 f   LIBCMT:pow.obj
 0001:000172f0       __CIpow                    004182f0 f   LIBCMT:pow.obj
 0001:0001732b       __CIpow_default            0041832b f   LIBCMT:pow.obj
 0001:00017344       __pow_default              00418344     LIBCMT:pow.obj
 0001:0001753a       ___isa_available_init      0041853a f   LIBCMT:cpu_disp.obj
 0001:000176b3       __VEC_memset               004186b3 f   LIBCMT:p4_memset.obj
 0001:0001777b       ?__CxxUnhandledExceptionFilter@@YGJPAU_EXCEPTION_POINTERS@@@Z 0041877b f   LIBCMT:unhandld.obj
 0001:000177bc       ___CxxSetUnhandledExceptionFilter 004187bc f   LIBCMT:unhandld.obj
 0001:000177ca       __XcptFilter               004187ca f   LIBCMT:winxfltr.obj
 0001:00017925       ___CppXcptFilter           00418925 f   LIBCMT:winxfltr.obj
 0001:00017977       __set_pgmptr               00418977 f i LIBCMT:stdargv.obj
 0001:00017984       __setargv                  00418984 f   LIBCMT:stdargv.obj
 0001:00017bb3       __setenvp                  00418bb3 f   LIBCMT:stdenvp.obj
 0001:00017c94       ___set_app_type            00418c94 f   LIBCMT:errmode.obj
 0001:00017ca1       __set_error_mode           00418ca1 f   LIBCMT:errmode.obj
 0001:00017ce1       ___security_init_cookie    00418ce1 f   LIBCMT:gs_support.obj
 0001:00017d7d       ___crtGetEnvironmentStringsA 00418d7d f   LIBCMT:a_env.obj
 0001:00017e0a       __crt_debugger_hook        00418e0a f   LIBCMT:dbghook.obj
 0001:00017e20       _strlen                    00418e20 f   LIBCMT:strlen.obj
 0001:00017eab       _wcscat_s                  00418eab f   LIBCMT:wcscat_s.obj
 0001:00017f17       _wcscpy_s                  00418f17 f   LIBCMT:wcscpy_s.obj
 0001:00017f73       _wcslen                    00418f73 f   LIBCMT:wcslen.obj
 0001:00017f8c       _wcsncpy_s                 00418f8c f   LIBCMT:wcsncpy_s.obj
 0001:0001804a       ___crtMessageBoxW          0041904a f   LIBCMT:crtmboxw.obj
 0001:00018230       ___crtMessageBoxWaitThreadW@4 00419230 f   LIBCMT:crtmboxw.obj
 0001:0001824e       __msize                    0041924e f   LIBCMT:msize.obj
 0001:0001827f       __recalloc                 0041927f f   LIBCMT:recalloc.obj
 0001:000182e8       __calloc_impl              004192e8 f   LIBCMT:calloc_impl.obj
 0001:00018362       __fptrap                   00419362 f   LIBCMT:crt0fp.obj
 0001:0001836b       __set_abort_behavior       0041936b f   LIBCMT:abort.obj
 0001:0001838a       _abort                     0041938a f   LIBCMT:abort.obj
 0001:000183cd       _strncpy_s                 004193cd f   LIBCMT:strncpy_s.obj
 0001:00018555       __MallocaIsSizeInRange     00419555 f i LIBCMT:a_loc.obj
 0001:00018566       __MarkAllocaS              00419566 f i LIBCMT:a_loc.obj
 0001:0001857a       ___crtGetLocaleInfoA       0041957a f   LIBCMT:a_loc.obj
 0001:000185b4       __freea                    004195b4 f i LIBCMT:a_loc.obj
 0001:000185d2       _GetTableIndexFromLcid     004195d2 f   LIBCMT:winapinls.obj
 0001:00018607       _GetTableIndexFromLocaleName 00419607 f   LIBCMT:winapinls.obj
 0001:00018655       ___crtCompareStringEx      00419655 f   LIBCMT:winapinls.obj
 0001:000186a1       ___crtDownlevelLCIDToLocaleName 004196a1 f   LIBCMT:winapinls.obj
 0001:0001871d       ___crtDownlevelLocaleNameToLCID 0041971d f   LIBCMT:winapinls.obj
 0001:0001875b       ___crtEnumSystemLocalesEx  0041975b f   LIBCMT:winapinls.obj
 0001:00018798       ___crtGetDateFormatEx      00419798 f   LIBCMT:winapinls.obj
 0001:000187e1       ___crtGetLocaleInfoEx      004197e1 f   LIBCMT:winapinls.obj
 0001:00018810       ___crtGetTimeFormatEx      00419810 f   LIBCMT:winapinls.obj
 0001:00018845       ___crtGetUserDefaultLocaleName 00419845 f   LIBCMT:winapinls.obj
 0001:00018870       ___crtIsValidLocaleName    00419870 f   LIBCMT:winapinls.obj
 0001:0001889b       ___crtLCMapStringEx        0041989b f   LIBCMT:winapinls.obj
 0001:000188e7       ___wcsnicmp_ascii          004198e7 f   LIBCMT:winapinls.obj
 0001:00018b79       ___crtLCMapStringA         00419b79 f   LIBCMT:a_map.obj
 0001:00018cb7       ___crtGetStringTypeA       00419cb7 f   LIBCMT:a_str.obj
 0001:00018cf7       __isatty                   00419cf7 f   LIBCMT:isatty.obj
 0001:00018d4b       __fcloseall                00419d4b f   LIBCMT:closeall.obj
 0001:00018de8       __output_s_l               00419de8 f   LIBCMT:outputs.obj
 0001:00019a70       __output_p_l               0041aa70 f   LIBCMT:outputp.obj
 0001:0001ada8       __validate_param_reuseA    0041bda8 f   LIBCMT:outputp.obj
 0001:0001aede       _get_crtdouble_arg         0041bede f i LIBCMT:outputp.obj
 0001:0001afdd       ___iswcsym                 0041bfdd f i LIBCMT:_wctype.obj
 0001:0001b001       ___iswcsymf                0041c001 f i LIBCMT:_wctype.obj
 0001:0001b025       __isleadbyte_l             0041c025 f i LIBCMT:_wctype.obj
 0001:0001b05f       __iswalnum_l               0041c05f f i LIBCMT:_wctype.obj
 0001:0001b073       __iswalpha_l               0041c073 f i LIBCMT:_wctype.obj
 0001:0001b087       __iswblank_l               0041c087 f i LIBCMT:_wctype.obj
 0001:0001b0a2       __iswcntrl_l               0041c0a2 f i LIBCMT:_wctype.obj
 0001:0001b0b3       __iswcsym_l                0041c0b3 f i LIBCMT:_wctype.obj
 0001:0001b0d7       __iswcsymf_l               0041c0d7 f i LIBCMT:_wctype.obj
 0001:0001b0fb       __iswdigit_l               0041c0fb f i LIBCMT:_wctype.obj
 0001:0001b10c       __iswgraph_l               0041c10c f i LIBCMT:_wctype.obj
 0001:0001b120       __iswlower_l               0041c120 f i LIBCMT:_wctype.obj
 0001:0001b131       __iswprint_l               0041c131 f i LIBCMT:_wctype.obj
 0001:0001b145       __iswpunct_l               0041c145 f i LIBCMT:_wctype.obj
 0001:0001b156       __iswspace_l               0041c156 f i LIBCMT:_wctype.obj
 0001:0001b167       __iswupper_l               0041c167 f i LIBCMT:_wctype.obj
 0001:0001b178       __iswxdigit_l              0041c178 f i LIBCMT:_wctype.obj
 0001:0001b18c       _isleadbyte                0041c18c f i LIBCMT:_wctype.obj
 0001:0001b19d       _iswalnum                  0041c19d f i LIBCMT:_wctype.obj
 0001:0001b1b1       _iswalpha                  0041c1b1 f i LIBCMT:_wctype.obj
 0001:0001b1c5       _iswascii                  0041c1c5 f i LIBCMT:_wctype.obj
 0001:0001b1d7       _iswblank                  0041c1d7 f i LIBCMT:_wctype.obj
 0001:0001b1f2       _iswcntrl                  0041c1f2 f i LIBCMT:_wctype.obj
 0001:0001b203       _iswdigit                  0041c203 f i LIBCMT:_wctype.obj
 0001:0001b214       _iswgraph                  0041c214 f i LIBCMT:_wctype.obj
 0001:0001b228       _iswlower                  0041c228 f i LIBCMT:_wctype.obj
 0001:0001b239       _iswprint                  0041c239 f i LIBCMT:_wctype.obj
 0001:0001b24d       _iswpunct                  0041c24d f i LIBCMT:_wctype.obj
 0001:0001b25e       _iswspace                  0041c25e f i LIBCMT:_wctype.obj
 0001:0001b26f       _iswupper                  0041c26f f i LIBCMT:_wctype.obj
 0001:0001b280       _iswxdigit                 0041c280 f i LIBCMT:_wctype.obj
 0001:0001b294       __flsbuf                   0041c294 f   LIBCMT:_flsbuf.obj
 0001:0001b3e3       __wctomb_l                 0041c3e3 f   LIBCMT:wctomb.obj
 0001:0001b432       __wctomb_s_l               0041c432 f   LIBCMT:wctomb.obj
 0001:0001b556       _wctomb                    0041c556 f   LIBCMT:wctomb.obj
 0001:0001b589       _wctomb_s                  0041c589 f   LIBCMT:wctomb.obj
 0001:0001b5b0       __aulldvrm                 0041c5b0 f   LIBCMT:ulldvrm.obj
 0001:0001b645       __sse2_mathfcns_init       0041c645 f   LIBCMT:mathfcns.obj
 0001:0001b654       __set_SSE2_enable          0041c654 f   LIBCMT:mathfcns.obj
 0001:0001b680       __CIcos_pentium4           0041c680 f   LIBCMT:cos_pentium4.obj
 0001:0001b698       __cos_pentium4             0041c698     LIBCMT:cos_pentium4.obj
 0001:0001b830       __trandisp1                0041c830 f   LIBCMT:87disp.obj
 0001:0001b897       __trandisp2                0041c897 f   LIBCMT:87disp.obj
 0001:0001b923       __rttospopde               0041c923     LIBCMT:87disp.obj
 0001:0001b928       __rttospop                 0041c928     LIBCMT:87disp.obj
 0001:0001b92a       __rtnospop                 0041c92a     LIBCMT:87disp.obj
 0001:0001b92c       __rttosnpop                0041c92c     LIBCMT:87disp.obj
 0001:0001b92d       __rtnospopde               0041c92d     LIBCMT:87disp.obj
 0001:0001b934       __rtzeropop                0041c934     LIBCMT:87disp.obj
 0001:0001b936       __rtzeronpop               0041c936     LIBCMT:87disp.obj
 0001:0001b93b       __rtonepop                 0041c93b     LIBCMT:87disp.obj
 0001:0001b93d       __rtonenpop                0041c93d     LIBCMT:87disp.obj
 0001:0001b942       __tosnan1                  0041c942     LIBCMT:87disp.obj
 0001:0001b96d       __nosnan2                  0041c96d     LIBCMT:87disp.obj
 0001:0001b96f       __tosnan2                  0041c96f     LIBCMT:87disp.obj
 0001:0001b997       __nan2                     0041c997     LIBCMT:87disp.obj
 0001:0001b9d6       __rtindfpop                0041c9d6     LIBCMT:87disp.obj
 0001:0001b9d8       __rtindfnpop               0041c9d8     LIBCMT:87disp.obj
 0001:0001b9e9       __rttosnpopde              0041c9e9     LIBCMT:87disp.obj
 0001:0001b9f3       __rtchsifneg               0041c9f3     LIBCMT:87disp.obj
 0001:0001ba00       __twoToTOS                 0041ca00 f   LIBCMT:common.obj
 0001:0001ba15       __load_CW                  0041ca15 f   LIBCMT:common.obj
 0001:0001ba2c       __convertTOStoQNaN         0041ca2c f   LIBCMT:common.obj
 0001:0001ba45       __fload_withFB             0041ca45 f   LIBCMT:common.obj
 0001:0001ba88       __checkTOS_withFB          0041ca88 f   LIBCMT:common.obj
 0001:0001ba9e       __fast_exit                0041ca9e f   LIBCMT:common.obj
 0001:0001baab       __math_exit                0041caab f   LIBCMT:common.obj
 0001:0001bad5       __check_overflow_exit      0041cad5 f   LIBCMT:common.obj
 0001:0001bae9       __check_range_exit         0041cae9 f   LIBCMT:common.obj
 0001:0001bb90       __startTwoArgErrorHandling 0041cb90 f   LIBCMT:genexcep.obj
 0001:0001bba7       __startOneArgErrorHandling 0041cba7 f   LIBCMT:genexcep.obj
 0001:0001bbf0       __CIsin_pentium4           0041cbf0 f   LIBCMT:sin_pentium4.obj
 0001:0001bc08       __sin_pentium4             0041cc08     LIBCMT:sin_pentium4.obj
 0001:0001bdb8       ___isascii                 0041cdb8 f i LIBCMT:_ctype.obj
 0001:0001bdc8       ___iscsym                  0041cdc8 f i LIBCMT:_ctype.obj
 0001:0001bde8       ___iscsymf                 0041cde8 f i LIBCMT:_ctype.obj
 0001:0001be05       ___toascii                 0041ce05 f i LIBCMT:_ctype.obj
 0001:0001be10       __isalnum_l                0041ce10 f i LIBCMT:_ctype.obj
 0001:0001be68       __isalpha_l                0041ce68 f i LIBCMT:_ctype.obj
 0001:0001bec0       __isblank_l                0041cec0 f i LIBCMT:_ctype.obj
 0001:0001bf1a       __iscntrl_l                0041cf1a f i LIBCMT:_ctype.obj
 0001:0001bf6c       __iscsym_l                 0041cf6c f i LIBCMT:_ctype.obj
 0001:0001bf8d       __iscsymf_l                0041cf8d f i LIBCMT:_ctype.obj
 0001:0001bfae       __isdigit_l                0041cfae f i LIBCMT:_ctype.obj
 0001:0001c000       __isgraph_l                0041d000 f i LIBCMT:_ctype.obj
 0001:0001c058       __islower_l                0041d058 f i LIBCMT:_ctype.obj
 0001:0001c0aa       __isprint_l                0041d0aa f i LIBCMT:_ctype.obj
 0001:0001c102       __ispunct_l                0041d102 f i LIBCMT:_ctype.obj
 0001:0001c154       __isspace_l                0041d154 f i LIBCMT:_ctype.obj
 0001:0001c1a6       __isupper_l                0041d1a6 f i LIBCMT:_ctype.obj
 0001:0001c1f8       __isxdigit_l               0041d1f8 f i LIBCMT:_ctype.obj
 0001:0001c250       _isalnum                   0041d250 f i LIBCMT:_ctype.obj
 0001:0001c27d       _isalpha                   0041d27d f i LIBCMT:_ctype.obj
 0001:0001c2aa       _isblank                   0041d2aa f i LIBCMT:_ctype.obj
 0001:0001c2df       _iscntrl                   0041d2df f i LIBCMT:_ctype.obj
 0001:0001c30a       _isdigit                   0041d30a f i LIBCMT:_ctype.obj
 0001:0001c335       _isgraph                   0041d335 f i LIBCMT:_ctype.obj
 0001:0001c362       _islower                   0041d362 f i LIBCMT:_ctype.obj
 0001:0001c38d       _isprint                   0041d38d f i LIBCMT:_ctype.obj
 0001:0001c3ba       _ispunct                   0041d3ba f i LIBCMT:_ctype.obj
 0001:0001c3e5       _isspace                   0041d3e5 f i LIBCMT:_ctype.obj
 0001:0001c410       _isupper                   0041d410 f i LIBCMT:_ctype.obj
 0001:0001c43b       _isxdigit                  0041d43b f i LIBCMT:_ctype.obj
 0001:0001c468       __tolower                  0041d468 f   LIBCMT:tolower.obj
 0001:0001c473       __tolower_l                0041d473 f   LIBCMT:tolower.obj
 0001:0001c5b6       _tolower                   0041d5b6 f   LIBCMT:tolower.obj
 0001:0001c5e2       _strcpy_s                  0041d5e2 f   LIBCMT:strcpy_s.obj
 0001:0001c640       _memmove                   0041d640 f   LIBCMT:memmove.obj
 0001:0001cc90       _strrchr                   0041dc90 f   LIBCMT:strrchr.obj
 0001:0001cdc7       __fptostr                  0041ddc7 f   LIBCMT:_fptostr.obj
 0001:0001ce77       ___crt_atoflt_l            0041de77 f   LIBCMT:atodbl.obj
 0001:0001cf1b       __atodbl                   0041df1b f   LIBCMT:atodbl.obj
 0001:0001cf30       __atodbl_l                 0041df30 f   LIBCMT:atodbl.obj
 0001:0001cfbe       __atoflt                   0041dfbe f   LIBCMT:atodbl.obj
 0001:0001cfd3       __atoflt_l                 0041dfd3 f   LIBCMT:atodbl.obj
 0001:0001cfeb       __atoldbl                  0041dfeb f   LIBCMT:atodbl.obj
 0001:0001d000       __atoldbl_l                0041e000 f   LIBCMT:atodbl.obj
 0001:0001d08f       ___dtold                   0041e08f f   LIBCMT:cfout.obj
 0001:0001d157       __fltout2                  0041e157 f   LIBCMT:cfout.obj
 0001:0001d1f0       __alldvrm                  0041e1f0 f   LIBCMT:lldvrm.obj
 0001:0001d2d0       __aullshr                  0041e2d0 f   LIBCMT:ullshr.obj
 0001:0001d2ef       __get_output_format        0041e2ef f   LIBCMT:outputformat.obj
 0001:0001d2f5       __set_output_format        0041e2f5 f   LIBCMT:outputformat.obj
 0001:0001d327       __controlfp_s              0041e327 f   LIBCMT:contrlfp.obj
 0001:0001d384       ___lock_fhandle            0041e384 f   LIBCMT:osfinfo.obj
 0001:0001d412       __alloc_osfhnd             0041e412 f   LIBCMT:osfinfo.obj
 0001:0001d5bb       __free_osfhnd              0041e5bb f   LIBCMT:osfinfo.obj
 0001:0001d641       __get_osfhandle            0041e641 f   LIBCMT:osfinfo.obj
 0001:0001d6a8       __open_osfhandle           0041e6a8 f   LIBCMT:osfinfo.obj
 0001:0001d7be       __set_osfhnd               0041e7be f   LIBCMT:osfinfo.obj
 0001:0001d840       __unlock_fhandle           0041e840 f   LIBCMT:osfinfo.obj
 0001:0001d866       __commit                   0041e866 f   LIBCMT:commit.obj
 0001:0001d94f       __write                    0041e94f f   LIBCMT:write.obj
 0001:0001da3e       __write_nolock             0041ea3e f   LIBCMT:write.obj
 0001:0001e2a3       __open                     0041f2a3 f   LIBCMT:open.obj
 0001:0001e353       __sopen                    0041f353 f   LIBCMT:open.obj
 0001:0001e386       __sopen_helper             0041f386 f   LIBCMT:open.obj
 0001:0001e44f       __sopen_nolock             0041f44f f   LIBCMT:open.obj
 0001:0001e49d       __sopen_s                  0041f49d f   LIBCMT:open.obj
 0001:0001e4bb       __mbsnbcmp                 0041f4bb f   LIBCMT:mbsnbcmp.obj
 0001:0001e4d3       __mbsnbcmp_l               0041f4d3 f   LIBCMT:mbsnbcmp.obj
 0001:0001e5ea       __mbsnbicmp                0041f5ea f   LIBCMT:mbsnbicm.obj
 0001:0001e602       __mbsnbicmp_l              0041f602 f   LIBCMT:mbsnbicm.obj
 0001:0001e7c0       __global_unwind2           0041f7c0 f   LIBCMT:exsup.obj
 0001:0001e825       __local_unwind2            0041f825 f   LIBCMT:exsup.obj
 0001:0001e8a9       __abnormal_termination     0041f8a9 f   LIBCMT:exsup.obj
 0001:0001e8cc       __NLG_Notify1              0041f8cc f   LIBCMT:exsup.obj
 0001:0001e8d5       __NLG_Notify               0041f8d5 f   LIBCMT:exsup.obj
 0001:0001e8ec       __NLG_Dispatch2            0041f8ec     LIBCMT:exsup.obj
 0001:0001e8ec       __NLG_Dispatch             0041f8ec     LIBCMT:exsup.obj
 0001:0001e8f4       __NLG_Call                 0041f8f4 f   LIBCMT:exsup.obj
 0001:0001e8f6       __NLG_Return2              0041f8f6     LIBCMT:exsup.obj
 0001:0001e8f7       __getbuf                   0041f8f7 f   LIBCMT:_getbuf.obj
 0001:0001e93d       __matherr                  0041f93d f   LIBCMT:matherr.obj
 0001:0001e940       ___free_lconv_mon          0041f940 f   LIBCMT:initmon.obj
 0001:0001ea3c       ___init_monetary           0041fa3c f   LIBCMT:initmon.obj
 0001:0001ee15       ___free_lconv_num          0041fe15 f   LIBCMT:initnum.obj
 0001:0001ee7c       ___init_numeric            0041fe7c f   LIBCMT:initnum.obj
 0001:0001f0ba       ___free_lc_time            004200ba f   LIBCMT:inittime.obj
 0001:0001f43a       ___init_time               0042043a f   LIBCMT:inittime.obj
 0001:0001fca9       _localeconv                00420ca9 f   LIBCMT:lconv.obj
 0001:0001fccf       ___pctype_func             00420ccf f   LIBCMT:ctype.obj
 0001:0001fcf8       ___pwctype_func            00420cf8 f   LIBCMT:ctype.obj
 0001:0001fcfe       ___init_collate            00420cfe f   LIBCMT:initcoll.obj
 0001:0001fd01       ____lc_codepage_func       00420d01 f   LIBCMT:initctyp.obj
 0001:0001fd27       ____lc_collate_cp_func     00420d27 f   LIBCMT:initctyp.obj
 0001:0001fd4d       ____lc_locale_name_func    00420d4d f   LIBCMT:initctyp.obj
 0001:0001fd75       ____mb_cur_max_func        00420d75 f   LIBCMT:initctyp.obj
 0001:0001fd9b       ____mb_cur_max_l_func      00420d9b f   LIBCMT:initctyp.obj
 0001:0001fdb2       ___init_ctype              00420db2 f   LIBCMT:initctyp.obj
 0001:00020267       _memcmp                    00421267 f   LIBCMT:memcmp.obj
 0001:0002317b       _wcscmp                    0042417b f   LIBCMT:wcscmp.obj
 0001:000231b9       _wcscspn                   004241b9 f   LIBCMT:wcscspn.obj
 0001:00023204       _wcsnlen                   00424204 f   LIBCMT:wcslen_s.obj
 0001:00023223       _wcsncmp                   00424223 f   LIBCMT:wcsncmp.obj
 0001:00023259       _wcspbrk                   00424259 f   LIBCMT:wcspbrk.obj
 0001:0002385d       ___get_qualified_locale    0042485d f   LIBCMT:getqloc.obj
 0001:000240cd       ___get_qualified_locale_downlevel 004250cd f   LIBCMT:getqloc_downlevel.obj
 0001:000242f0       __CIpow_pentium4           004252f0 f   LIBCMT:pow_pentium4.obj
 0001:00024309       __pow_pentium4             00425309     LIBCMT:pow_pentium4.obj
 0001:00024e61       __fFEXP                    00425e61     LIBCMT:87tran.obj
 0001:00024eb8       __rtinfpopse               00425eb8     LIBCMT:87tran.obj
 0001:00024eba       __rtinfnpopse              00425eba     LIBCMT:87tran.obj
 0001:00024eca       __fFLN                     00425eca     LIBCMT:87tran.obj
 0001:00024f7f       __rtinfpop                 00425f7f     LIBCMT:87tran.obj
 0001:00024f81       __rtinfnpop                00425f81     LIBCMT:87tran.obj
 0001:00024f9e       __ffexpm1                  00425f9e     LIBCMT:87tran.obj
 0001:00025047       __d_inttype                00426047 f   LIBCMT:powhlp.obj
 0001:000250af       __powhlp                   004260af f   LIBCMT:powhlp.obj
 0001:0002523f       __ismbbalnum               0042623f f   LIBCMT:ismbbyte.obj
 0001:00025258       __ismbbalnum_l             00426258 f   LIBCMT:ismbbyte.obj
 0001:00025272       __ismbbalpha               00426272 f   LIBCMT:ismbbyte.obj
 0001:0002528b       __ismbbalpha_l             0042628b f   LIBCMT:ismbbyte.obj
 0001:000252a5       __ismbbblank               004262a5 f   LIBCMT:ismbbyte.obj
 0001:000252c6       __ismbbblank_l             004262c6 f   LIBCMT:ismbbyte.obj
 0001:000252e8       __ismbbgraph               004262e8 f   LIBCMT:ismbbyte.obj
 0001:00025301       __ismbbgraph_l             00426301 f   LIBCMT:ismbbyte.obj
 0001:0002531b       __ismbbkalnum              0042631b f   LIBCMT:ismbbyte.obj
 0001:00025331       __ismbbkalnum_l            00426331 f   LIBCMT:ismbbyte.obj
 0001:00025348       __ismbbkana                00426348 f   LIBCMT:ismbbyte.obj
 0001:00025359       __ismbbkana_l              00426359 f   LIBCMT:ismbbyte.obj
 0001:000253a5       __ismbbkprint              004263a5 f   LIBCMT:ismbbyte.obj
 0001:000253bb       __ismbbkprint_l            004263bb f   LIBCMT:ismbbyte.obj
 0001:000253d2       __ismbbkpunct              004263d2 f   LIBCMT:ismbbyte.obj
 0001:000253e8       __ismbbkpunct_l            004263e8 f   LIBCMT:ismbbyte.obj
 0001:000253ff       __ismbblead                004263ff f   LIBCMT:ismbbyte.obj
 0001:00025415       __ismbblead_l              00426415 f   LIBCMT:ismbbyte.obj
 0001:0002542c       __ismbbprint               0042642c f   LIBCMT:ismbbyte.obj
 0001:00025445       __ismbbprint_l             00426445 f   LIBCMT:ismbbyte.obj
 0001:0002545f       __ismbbpunct               0042645f f   LIBCMT:ismbbyte.obj
 0001:00025475       __ismbbpunct_l             00426475 f   LIBCMT:ismbbyte.obj
 0001:0002548c       __ismbbtrail               0042648c f   LIBCMT:ismbbyte.obj
 0001:000254a2       __ismbbtrail_l             004264a2 f   LIBCMT:ismbbyte.obj
 0001:000254c0       __alloca_probe_16          004264c0 f   LIBCMT:alloca16.obj
 0001:000254d6       __alloca_probe_8           004264d6     LIBCMT:alloca16.obj
 0001:000254ec       __iswctype_l               004264ec f   LIBCMT:iswctype.obj
 0001:000254fe       _is_wctype                 004264fe f   LIBCMT:iswctype.obj
 0001:00025507       _iswctype                  00426507 f   LIBCMT:iswctype.obj
 0001:0002555d       __87except                 0042655d f   LIBCMT:87except.obj
 0001:00025666       __CopyMan                  00426666 f i LIBCMT:intrncvt.obj
 0001:00025683       __FillZeroMan              00426683 f i LIBCMT:intrncvt.obj
 0001:00025692       __IncMan                   00426692 f i LIBCMT:intrncvt.obj
 0001:000256f4       __IsZeroMan                004266f4 f i LIBCMT:intrncvt.obj
 0001:00025711       __RoundMan                 00426711 f i LIBCMT:intrncvt.obj
 0001:00025812       __ShrMan                   00426812 f i LIBCMT:intrncvt.obj
 0001:000258a0       __ZeroTail                 004268a0 f i LIBCMT:intrncvt.obj
 0001:000258e8       ___addl                    004268e8 f i LIBCMT:intrncvt.obj
 0001:0002590c       __ld12cvt                  0042690c f i LIBCMT:intrncvt.obj
 0001:00025e77       __ld12tod                  00426e77 f   LIBCMT:intrncvt.obj
 0001:000263e9       __ld12tof                  004273e9 f   LIBCMT:intrncvt.obj
 0001:0002695b       __ld12told                 0042795b f   LIBCMT:intrncvt.obj
 0001:00026a2a       ___STRINGTOLD_L            00427a2a f   LIBCMT:strgtold.obj
 0001:00026a85       ___ld12mul                 00427a85 f i LIBCMT:strgtold.obj
 0001:00026d51       ___multtenpow12            00427d51 f i LIBCMT:strgtold.obj
 0001:000270a4       ___shl_12                  004280a4 f i LIBCMT:strgtold.obj
 0001:000270d5       ___shr_12                  004280d5 f i LIBCMT:strgtold.obj
 0001:00027105       ___strgtold12_l            00428105 f   LIBCMT:strgtold.obj
 0001:000278ad       _$I10_OUTPUT               004288ad f   LIBCMT:x10fout.obj
 0001:00028281       ___add_12                  00429281 f i LIBCMT:x10fout.obj
 0001:0002842d       ___control87_2             0042942d f   LIBCMT:ieee87.obj
 0001:00028aa1       __clearfp                  00429aa1 f   LIBCMT:ieee87.obj
 0001:00028b81       __control87                00429b81 f i LIBCMT:ieee87.obj
 0001:00028e83       __controlfp                00429e83 f   LIBCMT:ieee87.obj
 0001:0002918e       __fpreset                  0042a18e f   LIBCMT:ieee87.obj
 0001:0002925b       __set_controlfp            0042a25b f   LIBCMT:ieee87.obj
 0001:000292ce       __statusfp                 0042a2ce f   LIBCMT:ieee87.obj
 0001:00029368       __statusfp2                0042a368 f   LIBCMT:ieee87.obj
 0001:000293c7       __mbtowc_l                 0042a3c7 f   LIBCMT:mbtowc.obj
 0001:000294bc       _mbtowc                    0042a4bc f   LIBCMT:mbtowc.obj
 0001:000294d4       __putwch                   0042a4d4 f   LIBCMT:putwch.obj
 0001:00029520       __putwch_nolock            0042a520 f   LIBCMT:putwch.obj
 0001:000295eb       __wopen                    0042a5eb f   LIBCMT:wopen.obj
 0001:0002969b       __wsopen                   0042a69b f   LIBCMT:wopen.obj
 0001:000296ce       __wsopen_helper            0042a6ce f   LIBCMT:wopen.obj
 0001:00029797       __wsopen_nolock            0042a797 f   LIBCMT:wopen.obj
 0001:00029eea       __wsopen_s                 0042aeea f   LIBCMT:wopen.obj
 0001:00029f08       __strnicmp                 0042af08 f   LIBCMT:strnicmp.obj
 0001:00029f73       __strnicmp_l               0042af73 f   LIBCMT:strnicmp.obj
 0001:0002a140       __i64tow_s                 0042b140 f   LIBCMT:xtows.obj
 0001:0002a171       __itow_s                   0042b171 f   LIBCMT:xtows.obj
 0001:0002a19a       __ltow_s                   0042b19a f   LIBCMT:xtows.obj
 0001:0002a1c4       __ui64tow_s                0042b1c4 f   LIBCMT:xtows.obj
 0001:0002a1df       __ultow_s                  0042b1df f   LIBCMT:xtows.obj
 0001:0002a2ea       __wtoi                     0042b2ea f   LIBCMT:wtox.obj
 0001:0002a2f3       __wtoi64                   0042b2f3 f   LIBCMT:wtox.obj
 0001:0002a307       __wtoi64_l                 0042b307 f   LIBCMT:wtox.obj
 0001:0002a31e       __wtoi_l                   0042b31e f   LIBCMT:wtox.obj
 0001:0002a327       __wtol                     0042b327 f   LIBCMT:wtox.obj
 0001:0002a33b       __wtol_l                   0042b33b f   LIBCMT:wtox.obj
 0001:0002a352       __wtoll                    0042b352 f   LIBCMT:wtox.obj
 0001:0002a366       __wtoll_l                  0042b366 f   LIBCMT:wtox.obj
 0001:0002a37d       _wcschr                    0042b37d f   LIBCMT:wcschr.obj
 0001:0002a42b       __wcsicmp                  0042b42b f   LIBCMT:wcsicmp.obj
 0001:0002a4be       __wcsicmp_l                0042b4be f   LIBCMT:wcsicmp.obj
 0001:0002a599       __wcsnicmp                 0042b599 f   LIBCMT:wcsnicmp.obj
 0001:0002a64f       __wcsnicmp_l               0042b64f f   LIBCMT:wcsnicmp.obj
 0001:0002a748       __frnd                     0042b748 f   LIBCMT:frnd.obj
 0001:0002a75c       ___mtold12                 0042b75c f   LIBCMT:mantold.obj
 0001:0002a93c       ___termconout              0042b93c f   LIBCMT:initcon.obj
 0001:0002a953       ___initconout              0042b953 f   LIBCMT:initcon.obj
 0001:0002a972       __chsize                   0042b972 f   LIBCMT:chsize.obj
 0001:0002a98c       __chsize_nolock            0042b98c f   LIBCMT:chsize.obj
 0001:0002ab42       __chsize_s                 0042bb42 f   LIBCMT:chsize.obj
 0001:0002ac30       __get_fmode                0042bc30 f   LIBCMT:setmode.obj
 0001:0002ac5a       __set_fmode                0042bc5a f   LIBCMT:setmode.obj
 0001:0002ac95       __setmode                  0042bc95 f   LIBCMT:setmode.obj
 0001:0002ad9a       __setmode_nolock           0042bd9a f   LIBCMT:setmode.obj
 0001:0002ae70       ___ascii_strnicmp          0042be70 f   LIBCMT:_strnicm.obj
 0001:0002b0b2       __wcstol_l                 0042c0b2 f   LIBCMT:wcstol.obj
 0001:0002b0ca       __wcstoul_l                0042c0ca f   LIBCMT:wcstol.obj
 0001:0002b0e2       _wcstol                    0042c0e2 f   LIBCMT:wcstol.obj
 0001:0002b0fa       _wcstoul                   0042c0fa f   LIBCMT:wcstol.obj
 0001:0002b3e2       __wcstof_l                 0042c3e2 f   LIBCMT:wcstoq.obj
 0001:0002b495       __wcstoi64                 0042c495 f   LIBCMT:wcstoq.obj
 0001:0002b4bf       __wcstoi64_l               0042c4bf f   LIBCMT:wcstoq.obj
 0001:0002b4da       __wcstoimax_l              0042c4da f   LIBCMT:wcstoq.obj
 0001:0002b4e3       __wcstold_l                0042c4e3 f   LIBCMT:wcstoq.obj
 0001:0002b4ec       __wcstoll_l                0042c4ec f   LIBCMT:wcstoq.obj
 0001:0002b4f5       __wcstoui64                0042c4f5 f   LIBCMT:wcstoq.obj
 0001:0002b51f       __wcstoui64_l              0042c51f f   LIBCMT:wcstoq.obj
 0001:0002b53a       __wcstoull_l               0042c53a f   LIBCMT:wcstoq.obj
 0001:0002b543       __wcstoumax_l              0042c543 f   LIBCMT:wcstoq.obj
 0001:0002b54c       _wcstof                    0042c54c f   LIBCMT:wcstoq.obj
 0001:0002b561       _wcstoimax                 0042c561 f   LIBCMT:wcstoq.obj
 0001:0002b56a       _wcstold                   0042c56a f   LIBCMT:wcstoq.obj
 0001:0002b573       _wcstoll                   0042c573 f   LIBCMT:wcstoq.obj
 0001:0002b57c       _wcstoull                  0042c57c f   LIBCMT:wcstoq.obj
 0001:0002b585       _wcstoumax                 0042c585 f   LIBCMT:wcstoq.obj
 0001:0002b58e       __towlower_l               0042c58e f   LIBCMT:towlower.obj
 0001:0002b63f       _towlower                  0042c63f f   LIBCMT:towlower.obj
 0001:0002b650       __wchartodigit             0042c650 f   LIBCMT:wchtodig.obj
 0001:0002b7ef       __wcstod_l                 0042c7ef f   LIBCMT:wcstod.obj
 0001:0002b8ea       _wcstod                    0042c8ea f   LIBCMT:wcstod.obj
 0001:0002b900       __allmul                   0042c900 f   LIBCMT:llmul.obj
 0001:0002b934       ___crtLCMapStringW         0042c934 f   LIBCMT:w_map.obj
 0001:0002b963       __wfltin2                  0042c963 f   LIBCMT:wcfin.obj
 0001:0002ba10       ___WSTRINGTOLD_L           0042ca10 f   LIBCMT:wstrgtold.obj
 0001:0002ba6b       ___wstrgtold12_l           0042ca6b f   LIBCMT:wstrgtold.obj
 0001:0002c2bc       _EncodePointer@4           0042d2bc f   kernel32:KERNEL32.dll
 0001:0002c2c2       _DecodePointer@4           0042d2c2 f   kernel32:KERNEL32.dll
 0001:0002c2c8       _GetLastError@0            0042d2c8 f   kernel32:KERNEL32.dll
 0001:0002c2ce       _ExitProcess@4             0042d2ce f   kernel32:KERNEL32.dll
 0001:0002c2d4       _GetModuleHandleExW@12     0042d2d4 f   kernel32:KERNEL32.dll
 0001:0002c2da       _GetProcAddress@8          0042d2da f   kernel32:KERNEL32.dll
 0001:0002c2e0       _AreFileApisANSI@0         0042d2e0 f   kernel32:KERNEL32.dll
 0001:0002c2e6       _MultiByteToWideChar@24    0042d2e6 f   kernel32:KERNEL32.dll
 0001:0002c2ec       _WideCharToMultiByte@32    0042d2ec f   kernel32:KERNEL32.dll
 0001:0002c2f2       _ReadFile@20               0042d2f2 f   kernel32:KERNEL32.dll
 0001:0002c2f8       _HeapFree@12               0042d2f8 f   kernel32:KERNEL32.dll
 0001:0002c2fe       _HeapAlloc@12              0042d2fe f   kernel32:KERNEL32.dll
 0001:0002c304       _HeapReAlloc@16            0042d304 f   kernel32:KERNEL32.dll
 0001:0002c30a       _GetCommandLineA@0         0042d30a f   kernel32:KERNEL32.dll
 0001:0002c310       _IsDebuggerPresent@0       0042d310 f   kernel32:KERNEL32.dll
 0001:0002c316       _IsProcessorFeaturePresent@4 0042d316 f   kernel32:KERNEL32.dll
 0001:0002c31c       _EnterCriticalSection@4    0042d31c f   kernel32:KERNEL32.dll
 0001:0002c322       _LeaveCriticalSection@4    0042d322 f   kernel32:KERNEL32.dll
 0001:0002c328       _DeleteCriticalSection@4   0042d328 f   kernel32:KERNEL32.dll
 0001:0002c32e       _FatalAppExitA@8           0042d32e f   kernel32:KERNEL32.dll
 0001:0002c334       _UnhandledExceptionFilter@4 0042d334 f   kernel32:KERNEL32.dll
 0001:0002c33a       _SetUnhandledExceptionFilter@4 0042d33a f   kernel32:KERNEL32.dll
 0001:0002c340       _SetLastError@4            0042d340 f   kernel32:KERNEL32.dll
 0001:0002c346       _InitializeCriticalSectionAndSpinCount@8 0042d346 f   kernel32:KERNEL32.dll
 0001:0002c34c       _CreateEventW@16           0042d34c f   kernel32:KERNEL32.dll
 0001:0002c352       _Sleep@4                   0042d352 f   kernel32:KERNEL32.dll
 0001:0002c358       _GetCurrentProcess@0       0042d358 f   kernel32:KERNEL32.dll
 0001:0002c35e       _TerminateProcess@8        0042d35e f   kernel32:KERNEL32.dll
 0001:0002c364       _TlsAlloc@0                0042d364 f   kernel32:KERNEL32.dll
 0001:0002c36a       _TlsGetValue@4             0042d36a f   kernel32:KERNEL32.dll
 0001:0002c370       _TlsSetValue@8             0042d370 f   kernel32:KERNEL32.dll
 0001:0002c376       _TlsFree@4                 0042d376 f   kernel32:KERNEL32.dll
 0001:0002c37c       _GetStartupInfoW@4         0042d37c f   kernel32:KERNEL32.dll
 0001:0002c382       _GetTickCount@0            0042d382 f   kernel32:KERNEL32.dll
 0001:0002c388       _GetModuleHandleW@4        0042d388 f   kernel32:KERNEL32.dll
 0001:0002c38e       _CreateSemaphoreW@16       0042d38e f   kernel32:KERNEL32.dll
 0001:0002c394       _GetStdHandle@4            0042d394 f   kernel32:KERNEL32.dll
 0001:0002c39a       _WriteFile@20              0042d39a f   kernel32:KERNEL32.dll
 0001:0002c3a0       _GetModuleFileNameW@12     0042d3a0 f   kernel32:KERNEL32.dll
 0001:0002c3a6       _SetConsoleCtrlHandler@8   0042d3a6 f   kernel32:KERNEL32.dll
 0001:0002c3ac       _FreeLibrary@4             0042d3ac f   kernel32:KERNEL32.dll
 0001:0002c3b2       _LoadLibraryExW@12         0042d3b2 f   kernel32:KERNEL32.dll
 0001:0002c3b8       _IsValidCodePage@4         0042d3b8 f   kernel32:KERNEL32.dll
 0001:0002c3be       _GetACP@0                  0042d3be f   kernel32:KERNEL32.dll
 0001:0002c3c4       _GetOEMCP@0                0042d3c4 f   kernel32:KERNEL32.dll
 0001:0002c3ca       _GetCPInfo@8               0042d3ca f   kernel32:KERNEL32.dll
 0001:0002c3d0       _CloseHandle@4             0042d3d0 f   kernel32:KERNEL32.dll
 0001:0002c3d6       _RtlUnwind@16              0042d3d6 f   kernel32:KERNEL32.dll
 0001:0002c3dc       _GetConsoleMode@8          0042d3dc f   kernel32:KERNEL32.dll
 0001:0002c3e2       _ReadConsoleW@20           0042d3e2 f   kernel32:KERNEL32.dll
 0001:0002c3e8       _SetFilePointerEx@20       0042d3e8 f   kernel32:KERNEL32.dll
 0001:0002c3ee       _GetFileType@4             0042d3ee f   kernel32:KERNEL32.dll
 0001:0002c3f4       _RaiseException@16         0042d3f4 f   kernel32:KERNEL32.dll
 0001:0002c3fa       _GetCurrentThread@0        0042d3fa f   kernel32:KERNEL32.dll
 0001:0002c400       _GetCurrentThreadId@0      0042d400 f   kernel32:KERNEL32.dll
 0001:0002c406       _GetProcessHeap@0          0042d406 f   kernel32:KERNEL32.dll
 0001:0002c40c       _GetModuleFileNameA@12     0042d40c f   kernel32:KERNEL32.dll
 0001:0002c412       _QueryPerformanceCounter@4 0042d412 f   kernel32:KERNEL32.dll
 0001:0002c418       _GetCurrentProcessId@0     0042d418 f   kernel32:KERNEL32.dll
 0001:0002c41e       _GetSystemTimeAsFileTime@4 0042d41e f   kernel32:KERNEL32.dll
 0001:0002c424       _GetEnvironmentStringsW@0  0042d424 f   kernel32:KERNEL32.dll
 0001:0002c42a       _FreeEnvironmentStringsW@4 0042d42a f   kernel32:KERNEL32.dll
 0001:0002c430       _OutputDebugStringW@4      0042d430 f   kernel32:KERNEL32.dll
 0001:0002c436       _HeapSize@12               0042d436 f   kernel32:KERNEL32.dll
 0001:0002c43c       _GetDateFormatW@24         0042d43c f   kernel32:KERNEL32.dll
 0001:0002c442       _GetTimeFormatW@24         0042d442 f   kernel32:KERNEL32.dll
 0001:0002c448       _CompareStringW@24         0042d448 f   kernel32:KERNEL32.dll
 0001:0002c44e       _LCMapStringW@24           0042d44e f   kernel32:KERNEL32.dll
 0001:0002c454       _GetLocaleInfoW@16         0042d454 f   kernel32:KERNEL32.dll
 0001:0002c45a       _IsValidLocale@8           0042d45a f   kernel32:KERNEL32.dll
 0001:0002c460       _GetUserDefaultLCID@0      0042d460 f   kernel32:KERNEL32.dll
 0001:0002c466       _EnumSystemLocalesW@8      0042d466 f   kernel32:KERNEL32.dll
 0001:0002c46c       _GetStringTypeW@16         0042d46c f   kernel32:KERNEL32.dll
 0001:0002c472       _SetStdHandle@8            0042d472 f   kernel32:KERNEL32.dll
 0001:0002c478       _FlushFileBuffers@4        0042d478 f   kernel32:KERNEL32.dll
 0001:0002c47e       _GetConsoleCP@0            0042d47e f   kernel32:KERNEL32.dll
 0001:0002c484       _WriteConsoleW@20          0042d484 f   kernel32:KERNEL32.dll
 0001:0002c48a       _CreateFileW@28            0042d48a f   kernel32:KERNEL32.dll
 0001:0002c490       _SetEndOfFile@4            0042d490 f   kernel32:KERNEL32.dll
 0002:00000000       __imp__gluOrtho2D@32       0042e000     glu32:GLU32.dll
 0002:00000004       \177GLU32_NULL_THUNK_DATA  0042e004     glu32:GLU32.dll
 0002:00000008       __imp__CreateFileW@28      0042e008     kernel32:KERNEL32.dll
 0002:0000000c       __imp__WriteConsoleW@20    0042e00c     kernel32:KERNEL32.dll
 0002:00000010       __imp__GetConsoleCP@0      0042e010     kernel32:KERNEL32.dll
 0002:00000014       __imp__FlushFileBuffers@4  0042e014     kernel32:KERNEL32.dll
 0002:00000018       __imp__SetStdHandle@8      0042e018     kernel32:KERNEL32.dll
 0002:0000001c       __imp__SetEndOfFile@4      0042e01c     kernel32:KERNEL32.dll
 0002:00000020       __imp__EnumSystemLocalesW@8 0042e020     kernel32:KERNEL32.dll
 0002:00000024       __imp__GetUserDefaultLCID@0 0042e024     kernel32:KERNEL32.dll
 0002:00000028       __imp__IsValidLocale@8     0042e028     kernel32:KERNEL32.dll
 0002:0000002c       __imp__GetLocaleInfoW@16   0042e02c     kernel32:KERNEL32.dll
 0002:00000030       __imp__LCMapStringW@24     0042e030     kernel32:KERNEL32.dll
 0002:00000034       __imp__GetStringTypeW@16   0042e034     kernel32:KERNEL32.dll
 0002:00000038       __imp__Sleep@4             0042e038     kernel32:KERNEL32.dll
 0002:0000003c       __imp__CompareStringW@24   0042e03c     kernel32:KERNEL32.dll
 0002:00000040       __imp__GetTimeFormatW@24   0042e040     kernel32:KERNEL32.dll
 0002:00000044       __imp__GetDateFormatW@24   0042e044     kernel32:KERNEL32.dll
 0002:00000048       __imp__HeapSize@12         0042e048     kernel32:KERNEL32.dll
 0002:0000004c       __imp__OutputDebugStringW@4 0042e04c     kernel32:KERNEL32.dll
 0002:00000050       __imp__FreeEnvironmentStringsW@4 0042e050     kernel32:KERNEL32.dll
 0002:00000054       __imp__GetEnvironmentStringsW@0 0042e054     kernel32:KERNEL32.dll
 0002:00000058       __imp__GetSystemTimeAsFileTime@4 0042e058     kernel32:KERNEL32.dll
 0002:0000005c       __imp__GetCurrentProcessId@0 0042e05c     kernel32:KERNEL32.dll
 0002:00000060       __imp__QueryPerformanceCounter@4 0042e060     kernel32:KERNEL32.dll
 0002:00000064       __imp__GetModuleFileNameA@12 0042e064     kernel32:KERNEL32.dll
 0002:00000068       __imp__GetProcessHeap@0    0042e068     kernel32:KERNEL32.dll
 0002:0000006c       __imp__GetCurrentThreadId@0 0042e06c     kernel32:KERNEL32.dll
 0002:00000070       __imp__GetCurrentThread@0  0042e070     kernel32:KERNEL32.dll
 0002:00000074       __imp__RaiseException@16   0042e074     kernel32:KERNEL32.dll
 0002:00000078       __imp__EncodePointer@4     0042e078     kernel32:KERNEL32.dll
 0002:0000007c       __imp__DecodePointer@4     0042e07c     kernel32:KERNEL32.dll
 0002:00000080       __imp__GetLastError@0      0042e080     kernel32:KERNEL32.dll
 0002:00000084       __imp__ExitProcess@4       0042e084     kernel32:KERNEL32.dll
 0002:00000088       __imp__GetModuleHandleExW@12 0042e088     kernel32:KERNEL32.dll
 0002:0000008c       __imp__GetProcAddress@8    0042e08c     kernel32:KERNEL32.dll
 0002:00000090       __imp__AreFileApisANSI@0   0042e090     kernel32:KERNEL32.dll
 0002:00000094       __imp__MultiByteToWideChar@24 0042e094     kernel32:KERNEL32.dll
 0002:00000098       __imp__WideCharToMultiByte@32 0042e098     kernel32:KERNEL32.dll
 0002:0000009c       __imp__ReadFile@20         0042e09c     kernel32:KERNEL32.dll
 0002:000000a0       __imp__HeapFree@12         0042e0a0     kernel32:KERNEL32.dll
 0002:000000a4       __imp__HeapAlloc@12        0042e0a4     kernel32:KERNEL32.dll
 0002:000000a8       __imp__HeapReAlloc@16      0042e0a8     kernel32:KERNEL32.dll
 0002:000000ac       __imp__GetCommandLineA@0   0042e0ac     kernel32:KERNEL32.dll
 0002:000000b0       __imp__IsDebuggerPresent@0 0042e0b0     kernel32:KERNEL32.dll
 0002:000000b4       __imp__IsProcessorFeaturePresent@4 0042e0b4     kernel32:KERNEL32.dll
 0002:000000b8       __imp__EnterCriticalSection@4 0042e0b8     kernel32:KERNEL32.dll
 0002:000000bc       __imp__LeaveCriticalSection@4 0042e0bc     kernel32:KERNEL32.dll
 0002:000000c0       __imp__DeleteCriticalSection@4 0042e0c0     kernel32:KERNEL32.dll
 0002:000000c4       __imp__FatalAppExitA@8     0042e0c4     kernel32:KERNEL32.dll
 0002:000000c8       __imp__UnhandledExceptionFilter@4 0042e0c8     kernel32:KERNEL32.dll
 0002:000000cc       __imp__SetUnhandledExceptionFilter@4 0042e0cc     kernel32:KERNEL32.dll
 0002:000000d0       __imp__SetLastError@4      0042e0d0     kernel32:KERNEL32.dll
 0002:000000d4       __imp__InitializeCriticalSectionAndSpinCount@8 0042e0d4     kernel32:KERNEL32.dll
 0002:000000d8       __imp__CreateEventW@16     0042e0d8     kernel32:KERNEL32.dll
 0002:000000dc       __imp__GetCurrentProcess@0 0042e0dc     kernel32:KERNEL32.dll
 0002:000000e0       __imp__TerminateProcess@8  0042e0e0     kernel32:KERNEL32.dll
 0002:000000e4       __imp__TlsAlloc@0          0042e0e4     kernel32:KERNEL32.dll
 0002:000000e8       __imp__TlsGetValue@4       0042e0e8     kernel32:KERNEL32.dll
 0002:000000ec       __imp__TlsSetValue@8       0042e0ec     kernel32:KERNEL32.dll
 0002:000000f0       __imp__TlsFree@4           0042e0f0     kernel32:KERNEL32.dll
 0002:000000f4       __imp__GetStartupInfoW@4   0042e0f4     kernel32:KERNEL32.dll
 0002:000000f8       __imp__GetTickCount@0      0042e0f8     kernel32:KERNEL32.dll
 0002:000000fc       __imp__GetModuleHandleW@4  0042e0fc     kernel32:KERNEL32.dll
 0002:00000100       __imp__CreateSemaphoreW@16 0042e100     kernel32:KERNEL32.dll
 0002:00000104       __imp__GetStdHandle@4      0042e104     kernel32:KERNEL32.dll
 0002:00000108       __imp__WriteFile@20        0042e108     kernel32:KERNEL32.dll
 0002:0000010c       __imp__GetModuleFileNameW@12 0042e10c     kernel32:KERNEL32.dll
 0002:00000110       __imp__SetConsoleCtrlHandler@8 0042e110     kernel32:KERNEL32.dll
 0002:00000114       __imp__FreeLibrary@4       0042e114     kernel32:KERNEL32.dll
 0002:00000118       __imp__LoadLibraryExW@12   0042e118     kernel32:KERNEL32.dll
 0002:0000011c       __imp__IsValidCodePage@4   0042e11c     kernel32:KERNEL32.dll
 0002:00000120       __imp__GetACP@0            0042e120     kernel32:KERNEL32.dll
 0002:00000124       __imp__GetOEMCP@0          0042e124     kernel32:KERNEL32.dll
 0002:00000128       __imp__GetCPInfo@8         0042e128     kernel32:KERNEL32.dll
 0002:0000012c       __imp__CloseHandle@4       0042e12c     kernel32:KERNEL32.dll
 0002:00000130       __imp__RtlUnwind@16        0042e130     kernel32:KERNEL32.dll
 0002:00000134       __imp__GetConsoleMode@8    0042e134     kernel32:KERNEL32.dll
 0002:00000138       __imp__ReadConsoleW@20     0042e138     kernel32:KERNEL32.dll
 0002:0000013c       __imp__SetFilePointerEx@20 0042e13c     kernel32:KERNEL32.dll
 0002:00000140       __imp__GetFileType@4       0042e140     kernel32:KERNEL32.dll
 0002:00000144       \177KERNEL32_NULL_THUNK_DATA 0042e144     kernel32:KERNEL32.dll
 0002:00000148       __imp__glBegin@4           0042e148     opengl32:OPENGL32.dll
 0002:0000014c       __imp__glClearColor@16     0042e14c     opengl32:OPENGL32.dll
 0002:00000150       __imp__glColor3f@12        0042e150     opengl32:OPENGL32.dll
 0002:00000154       __imp__glDrawPixels@20     0042e154     opengl32:OPENGL32.dll
 0002:00000158       __imp__glEnd@0             0042e158     opengl32:OPENGL32.dll
 0002:0000015c       __imp__glFlush@0           0042e15c     opengl32:OPENGL32.dll
 0002:00000160       __imp__glLoadIdentity@0    0042e160     opengl32:OPENGL32.dll
 0002:00000164       __imp__glMatrixMode@4      0042e164     opengl32:OPENGL32.dll
 0002:00000168       __imp__glRasterPos2i@8     0042e168     opengl32:OPENGL32.dll
 0002:0000016c       __imp__glVertex2f@8        0042e16c     opengl32:OPENGL32.dll
 0002:00000170       __imp__glViewport@16       0042e170     opengl32:OPENGL32.dll
 0002:00000174       __imp__glClear@4           0042e174     opengl32:OPENGL32.dll
 0002:00000178       \177OPENGL32_NULL_THUNK_DATA 0042e178     opengl32:OPENGL32.dll
 0002:0000017c       __imp__glutInitWindowPosition@8 0042e17c     glut32:glut32.dll
 0002:00000180       __imp____glutInitWithExit@12 0042e180     glut32:glut32.dll
 0002:00000184       __imp__glutInitWindowSize@8 0042e184     glut32:glut32.dll
 0002:00000188       __imp__glutMainLoop@0      0042e188     glut32:glut32.dll
 0002:0000018c       __imp____glutCreateWindowWithExit@8 0042e18c     glut32:glut32.dll
 0002:00000190       __imp__glutPostRedisplay@0 0042e190     glut32:glut32.dll
 0002:00000194       __imp____glutCreateMenuWithExit@8 0042e194     glut32:glut32.dll
 0002:00000198       __imp__glutAddMenuEntry@8  0042e198     glut32:glut32.dll
 0002:0000019c       __imp__glutAddSubMenu@8    0042e19c     glut32:glut32.dll
 0002:000001a0       __imp__glutAttachMenu@4    0042e1a0     glut32:glut32.dll
 0002:000001a4       __imp__glutDisplayFunc@4   0042e1a4     glut32:glut32.dll
 0002:000001a8       __imp__glutMouseFunc@4     0042e1a8     glut32:glut32.dll
 0002:000001ac       __imp__glutIdleFunc@4      0042e1ac     glut32:glut32.dll
 0002:000001b0       __imp__glutInitDisplayMode@4 0042e1b0     glut32:glut32.dll
 0002:000001b4       \177glut32_NULL_THUNK_DATA 0042e1b4     glut32:glut32.dll
 0002:000001b8       ___xc_a                    0042e1b8     LIBCMT:crt0init.obj
 0002:000001bc       ___xc_z                    0042e1bc     LIBCMT:crt0init.obj
 0002:000001c0       ___xi_a                    0042e1c0     LIBCMT:crt0init.obj
 0002:000001dc       ___xi_z                    0042e1dc     LIBCMT:crt0init.obj
 0002:000001e0       ___xp_a                    0042e1e0     LIBCMT:crt0init.obj
[...]
 0002:000011a8       P_3                        0042f1a8     LIBCMT:cos_sse2_precise.obj
 0002:000011b0       TWO_POW_55                 0042f1b0     LIBCMT:cos_sse2_precise.obj
 0002:000011b8       TWO_POW_M55                0042f1b8     LIBCMT:cos_sse2_precise.obj
 0002:000011c0       ALL_ONES                   0042f1c0     LIBCMT:cos_sse2_precise.obj
 0002:000011c8       NEG_ZERO                   0042f1c8     LIBCMT:cos_sse2_precise.obj
 0002:000011d0       ONE                        0042f1d0     LIBCMT:cos_sse2_precise.obj
 0002:000011e0       SIGN_MASK                  0042f1e0     LIBCMT:cos_sse2_precise.obj
 0002:000011f0       Ctable                     0042f1f0     LIBCMT:sin_sse2_precise.obj
 0002:000019f0       SC_1                       0042f9f0     LIBCMT:sin_sse2_precise.obj
 0002:00001a00       SC_2                       0042fa00     LIBCMT:sin_sse2_precise.obj
 0002:00001a10       SC_3                       0042fa10     LIBCMT:sin_sse2_precise.obj
 0002:00001a20       SC_4                       0042fa20     LIBCMT:sin_sse2_precise.obj
 0002:00001a30       PI32INV                    0042fa30     LIBCMT:sin_sse2_precise.obj
 0002:00001a38       SHIFTER                    0042fa38     LIBCMT:sin_sse2_precise.obj
 0002:00001a40       P_2                        0042fa40     LIBCMT:sin_sse2_precise.obj
 0002:00001a50       P_1                        0042fa50     LIBCMT:sin_sse2_precise.obj
 0002:00001a58       P_3                        0042fa58     LIBCMT:sin_sse2_precise.obj
 0002:00001a60       TWO_POW_55                 0042fa60     LIBCMT:sin_sse2_precise.obj
 0002:00001a68       TWO_POW_M55                0042fa68     LIBCMT:sin_sse2_precise.obj
 0002:00001a70       ALL_ONES                   0042fa70     LIBCMT:sin_sse2_precise.obj
 0002:00001a78       NEG_ZERO                   0042fa78     LIBCMT:sin_sse2_precise.obj
 0002:00001a80       ONE                        0042fa80     LIBCMT:sin_sse2_precise.obj
 0002:00001ac0       rcp_t1                     0042fac0     LIBCMT:pow_sse2_precise.obj
 0002:00001ed0       log2_t1                    0042fed0     LIBCMT:pow_sse2_precise.obj
 0002:000026e0       rcp_t2                     004306e0     LIBCMT:pow_sse2_precise.obj
 0002:00002af0       log2_t2                    00430af0     LIBCMT:pow_sse2_precise.obj
 0002:00003300       rcp_t3                     00431300     LIBCMT:pow_sse2_precise.obj
 0002:00003b10       log2_t3                    00431b10     LIBCMT:pow_sse2_precise.obj
 0002:00004b20       clv                        00432b20     LIBCMT:pow_sse2_precise.obj
 0002:00004b40       exp2_tbl                   00432b40     LIBCMT:pow_sse2_precise.obj
 0002:00005340       Shifter                    00433340     LIBCMT:pow_sse2_precise.obj
 0002:00005350       SIGMASK                    00433350     LIBCMT:pow_sse2_precise.obj
 0002:00005360       ONEMASK                    00433360     LIBCMT:pow_sse2_precise.obj
 0002:00005370       ABSVALMASK                 00433370     LIBCMT:pow_sse2_precise.obj
 0002:00005380       cev                        00433380     LIBCMT:pow_sse2_precise.obj
 0002:000053a8       HALFSIG                    004333a8     LIBCMT:pow_sse2_precise.obj
 0002:000053b0       LHN                        004333b0     LIBCMT:pow_sse2_precise.obj
 0002:000053b8       sNaN                       004333b8     LIBCMT:pow_sse2_precise.obj
 0002:000053c0       INF                        004333c0     LIBCMT:pow_sse2_precise.obj
 0002:000053c8       NEG_INF                    004333c8     LIBCMT:pow_sse2_precise.obj
 0002:000053d0       NEG_ZERO                   004333d0     LIBCMT:pow_sse2_precise.obj
 0002:000053d8       NEG_BIG                    004333d8     LIBCMT:pow_sse2_precise.obj
 0002:000053e0       POS_BIG                    004333e0     LIBCMT:pow_sse2_precise.obj
 0002:000053e8       EMIN                       004333e8     LIBCMT:pow_sse2_precise.obj
 0002:000053f0       QIND                       004333f0     LIBCMT:pow_sse2_precise.obj
 0002:000056e0       _rterrs                    004336e0     LIBCMT:crt0msg.obj
 0002:00006174       __mb_locale_names          00434174     LIBCMT:mbctype.obj
 0002:00006234       ?ccsField@?P@??_openfile@@9@9 00434234     LIBCMT:_open.obj
 0002:00006238       ?utf8encoding@?P@??_openfile@@9@9 00434238     LIBCMT:_open.obj
 0002:00006240       ?utf16encoding@?P@??_openfile@@9@9 00434240     LIBCMT:_open.obj
 0002:0000624c       ?unicodeencoding@?P@??_openfile@@9@9 0043424c     LIBCMT:_open.obj
 0002:00006740       __first_127char            00434740     LIBCMT:wsetloca.obj
 0002:000067e4       _GS_ExceptionPointers      004347e4     LIBCMT:gs_report.obj
 0002:000067f0       _INF                       004347f0     LIBCMT:libm_error.obj
 0002:00006800       _BIG                       00434800     LIBCMT:libm_error.obj
 0002:00006810       _ZERO                      00434810     LIBCMT:libm_error.obj
 0002:00006820       _INF_32                    00434820     LIBCMT:libm_error.obj
 0002:00006828       _NAN_32                    00434828     LIBCMT:libm_error.obj
 0002:00006830       _ZERO_32                   00434830     LIBCMT:libm_error.obj
 0002:00006838       _libm_largef               00434838     LIBCMT:libm_error.obj
 0002:00006840       _libm_smallf               00434840     LIBCMT:libm_error.obj
 0002:00006848       _libm_small                00434848     LIBCMT:libm_error.obj
 0002:00008a60       Ctable                     00436a60     LIBCMT:cos_pentium4.obj
 0002:00009260       SC_1                       00437260     LIBCMT:cos_pentium4.obj
 0002:00009270       SC_2                       00437270     LIBCMT:cos_pentium4.obj
 0002:00009280       SC_3                       00437280     LIBCMT:cos_pentium4.obj
 0002:00009290       SC_4                       00437290     LIBCMT:cos_pentium4.obj
 0002:000092a0       PI32INV                    004372a0     LIBCMT:cos_pentium4.obj
 0002:000092a8       SHIFTER                    004372a8     LIBCMT:cos_pentium4.obj
 0002:000092b0       P_2                        004372b0     LIBCMT:cos_pentium4.obj
 0002:000092c0       P_1                        004372c0     LIBCMT:cos_pentium4.obj
 0002:000092c8       P_3                        004372c8     LIBCMT:cos_pentium4.obj
 0002:000092d0       TWO_POW_55                 004372d0     LIBCMT:cos_pentium4.obj
 0002:000092d8       TWO_POW_M55                004372d8     LIBCMT:cos_pentium4.obj
 0002:000092e0       ALL_ONES                   004372e0     LIBCMT:cos_pentium4.obj
 0002:000092e8       NEG_ZERO                   004372e8     LIBCMT:cos_pentium4.obj
 0002:000092f0       ONE                        004372f0     LIBCMT:cos_pentium4.obj
 0002:00009300       SIGN_MASK                  00437300     LIBCMT:cos_pentium4.obj
 0002:00009324       One                        00437324     LIBCMT:87disp.obj
 0002:0000932c       XAMtoTagTab                0043732c     LIBCMT:87disp.obj
 0002:00009340       One                        00437340     LIBCMT:common.obj
 0002:00009354       DblMax                     00437354     LIBCMT:common.obj
 0002:0000935c       DblMin                     0043735c     LIBCMT:common.obj
 0002:00009364       IeeeAdjO                   00437364     LIBCMT:common.obj
 0002:0000936c       IeeeAdjU                   0043736c     LIBCMT:common.obj
 0002:00009374       _infinity                  00437374     LIBCMT:common.obj
 0002:0000937c       _zero                      0043737c     LIBCMT:common.obj
 0002:00009390       Ctable                     00437390     LIBCMT:sin_pentium4.obj
 0002:00009b90       SC_1                       00437b90     LIBCMT:sin_pentium4.obj
 0002:00009ba0       SC_2                       00437ba0     LIBCMT:sin_pentium4.obj
 0002:00009bb0       SC_3                       00437bb0     LIBCMT:sin_pentium4.obj
 0002:00009bc0       SC_4                       00437bc0     LIBCMT:sin_pentium4.obj
 0002:00009bd0       PI32INV                    00437bd0     LIBCMT:sin_pentium4.obj
 0002:00009bd8       SHIFTER                    00437bd8     LIBCMT:sin_pentium4.obj
 0002:00009be0       P_2                        00437be0     LIBCMT:sin_pentium4.obj
 0002:00009bf0       P_1                        00437bf0     LIBCMT:sin_pentium4.obj
 0002:00009bf8       P_3                        00437bf8     LIBCMT:sin_pentium4.obj
 0002:00009c00       TWO_POW_55                 00437c00     LIBCMT:sin_pentium4.obj
 0002:00009c08       TWO_POW_M55                00437c08     LIBCMT:sin_pentium4.obj
 0002:00009c10       ALL_ONES                   00437c10     LIBCMT:sin_pentium4.obj
 0002:00009c18       NEG_ZERO                   00437c18     LIBCMT:sin_pentium4.obj
 0002:00009c20       ONE                        00437c20     LIBCMT:sin_pentium4.obj
 0002:0000b1f0       rcp_t1                     004391f0     LIBCMT:pow_pentium4.obj
 0002:0000b600       log2_t1                    00439600     LIBCMT:pow_pentium4.obj
 0002:0000be10       rcp_t2                     00439e10     LIBCMT:pow_pentium4.obj
 0002:0000c220       log2_t2                    0043a220     LIBCMT:pow_pentium4.obj
 0002:0000ca30       rcp_t3                     0043aa30     LIBCMT:pow_pentium4.obj
 0002:0000d240       log2_t3                    0043b240     LIBCMT:pow_pentium4.obj
 0002:0000e250       clv                        0043c250     LIBCMT:pow_pentium4.obj
 0002:0000e270       exp2_tbl                   0043c270     LIBCMT:pow_pentium4.obj
 0002:0000ea70       Shifter                    0043ca70     LIBCMT:pow_pentium4.obj
 0002:0000ea80       SIGMASK                    0043ca80     LIBCMT:pow_pentium4.obj
 0002:0000ea90       ONEMASK                    0043ca90     LIBCMT:pow_pentium4.obj
 0002:0000eaa0       ABSVALMASK                 0043caa0     LIBCMT:pow_pentium4.obj
 0002:0000eab0       cev                        0043cab0     LIBCMT:pow_pentium4.obj
 0002:0000ead8       HALFSIG                    0043cad8     LIBCMT:pow_pentium4.obj
 0002:0000eae0       LHN                        0043cae0     LIBCMT:pow_pentium4.obj
 0002:0000eae8       sNaN                       0043cae8     LIBCMT:pow_pentium4.obj
 0002:0000eaf0       INF                        0043caf0     LIBCMT:pow_pentium4.obj
 0002:0000eaf8       NEG_INF                    0043caf8     LIBCMT:pow_pentium4.obj
 0002:0000eb00       NEG_ZERO                   0043cb00     LIBCMT:pow_pentium4.obj
 0002:0000eb08       NEG_BIG                    0043cb08     LIBCMT:pow_pentium4.obj
 0002:0000eb10       POS_BIG                    0043cb10     LIBCMT:pow_pentium4.obj
 0002:0000eb18       EMIN                       0043cb18     LIBCMT:pow_pentium4.obj
 0002:0000eb20       QIND                       0043cb20     LIBCMT:pow_pentium4.obj
 0002:0000eb4e       _log2max                   0043cb4e     LIBCMT:87tran.obj
 0002:0000eb58       _smallarg                  0043cb58     LIBCMT:87tran.obj
 0002:0000eb62       _half                      0043cb62     LIBCMT:87tran.obj
 0002:0000ecf0       __sehtable$_doexit         0043ccf0     LIBCMT:crt0dat.obj
 0002:0000ed10       __sehtable$_printf         0043cd10     LIBCMT:printf.obj
 0002:0000ed30       __sehtable$_fclose         0043cd30     LIBCMT:fclose.obj
 0002:0000ed50       __sehtable$__fsopen        0043cd50     LIBCMT:fopen.obj
 0002:0000ed70       __sehtable$_fread_s        0043cd70     LIBCMT:fread.obj
 0002:0000ed90       __sehtable$_fseek          0043cd90     LIBCMT:fseek.obj
 0002:0000edb0       __sehtable$_ftell          0043cdb0     LIBCMT:ftell.obj
 0002:0000edd0       __sehtable$___tmainCRTStartup 0043cdd0     LIBCMT:crt0.obj
 0002:0000edf0       __sehtable$__mtinitlocknum 0043cdf0     LIBCMT:mlock.obj
 0002:0000ee10       __sehtable$__IsNonwritableInCurrentImage 0043ce10     LIBCMT:pesect.obj
 0002:0000ee30       __sehtable$__onexit        0043ce30     LIBCMT:onexit.obj
 0002:0000ee50       __sehtable$?terminate@@YAXXZ 0043ce50     LIBCMT:hooks.obj
 0002:0000ee70       __sehtable$?_inconsistency@@YAXXZ 0043ce70     LIBCMT:hooks.obj
 0002:0000ee90       __sehtable$_signal         0043ce90     LIBCMT:winsig.obj
 0002:0000eeb0       __sehtable$_raise          0043ceb0     LIBCMT:winsig.obj
 0002:0000eed0       __sehtable$_ctrlevent_capture@4 0043ced0     LIBCMT:winsig.obj
 0002:0000eef0       __sehtable$___updatetmbcinfo 0043cef0     LIBCMT:mbctype.obj
 0002:0000ef10       __sehtable$__setmbcp       0043cf10     LIBCMT:mbctype.obj
 0002:0000ef30       __sehtable$_vprintf_helper 0043cf30     LIBCMT:vprintf.obj
 0002:0000ef50       __sehtable$__close         0043cf50     LIBCMT:close.obj
 0002:0000ef70       __sehtable$_fflush         0043cf70     LIBCMT:fflush.obj
 0002:0000ef90       __sehtable$_flsall         0043cf90     LIBCMT:fflush.obj
 0002:0000efb8       __sehtable$__getstream     0043cfb8     LIBCMT:stream.obj
 0002:0000efd8       __sehtable$__read          0043cfd8     LIBCMT:read.obj
 0002:0000eff8       __sehtable$__lseek         0043cff8     LIBCMT:lseek.obj
 0002:0000f018       __sehtable$__lseeki64      0043d018     LIBCMT:lseeki64.obj
 0002:0000f038       __sehtable$__ioinit        0043d038     LIBCMT:ioinit.obj
 0002:0000f058       __sehtable$___set_fpsr_sse2 0043d058     LIBCMT:fpctrl.obj
 0002:0000f078       __sehtable$___updatetlocinfo 0043d078     LIBCMT:localref.obj
 0002:0000f098       __sehtable$__freefls@4     0043d098     LIBCMT:tidtable.obj
 0002:0000f0c0       __sehtable$__initptd       0043d0c0     LIBCMT:tidtable.obj
 0002:0000f0e8       __sehtable$__get_current_locale 0043d0e8     LIBCMT:wsetloca.obj
 0002:0000f110       __sehtable$__free_locale   0043d110     LIBCMT:wsetloca.obj
 0002:0000f138       __sehtable$__wsetlocale    0043d138     LIBCMT:wsetloca.obj
 0002:0000f170       __sehtable$__locterm       0043d170     LIBCMT:wsetloca.obj
 0002:0000f190       __sehtable$__fcloseall     0043d190     LIBCMT:closeall.obj
 0002:0000f1b0       __sehtable$__alloc_osfhnd  0043d1b0     LIBCMT:osfinfo.obj
 0002:0000f1d8       __sehtable$___lock_fhandle 0043d1d8     LIBCMT:osfinfo.obj
 0002:0000f1f8       __sehtable$__open_osfhandle 0043d1f8     LIBCMT:osfinfo.obj
 0002:0000f218       __sehtable$__commit        0043d218     LIBCMT:commit.obj
 0002:0000f238       __sehtable$__write         0043d238     LIBCMT:write.obj
 0002:0000f258       __sehtable$__sopen_helper  0043d258     LIBCMT:open.obj
 0002:0000f278       __sehtable$__open          0043d278     LIBCMT:open.obj
 0002:0000f298       __sehtable$__putwch        0043d298     LIBCMT:putwch.obj
 0002:0000f2b8       __sehtable$__wsopen_helper 0043d2b8     LIBCMT:wopen.obj
 0002:0000f2d8       __sehtable$__wopen         0043d2d8     LIBCMT:wopen.obj
 0002:0000f2f8       __sehtable$__chsize_s      0043d2f8     LIBCMT:chsize.obj
 0002:0000f318       __sehtable$__setmode       0043d318     LIBCMT:setmode.obj
 0002:0000f5f0       .idata$6                   0043d5f0     opengl32:OPENGL32.dll
 0002:0000f60c       .idata$6                   0043d60c     glu32:GLU32.dll
 0002:0000f73a       .idata$6                   0043d73a     glut32:glut32.dll
 0002:0000fcec       .idata$6                   0043dcec     kernel32:KERNEL32.dll
 0003:00000008       ?length_dezigzag@?1??compute_huffman_codes@@9@9 0043e008     stb_image.obj
 0003:00000020       _bmask                     0043e020     stb_image.obj
 0003:00000064       _stbi_stdio_callbacks      0043e064     stb_image.obj
 0003:00000070       _dezigzag                  0043e070     stb_image.obj
 0003:000000c0       ?png_sig@?1??check_png_header@@9@9 0043e0c0     stb_image.obj
 0003:000000c8       _first_row_filter          0043e0c8     stb_image.obj
 0003:000000d0       ?invalid_chunk@?BH@??parse_png_file@@9@9 0043e0d0     stb_image.obj
 0003:000000e8       _h2l_gamma_i               0043e0e8     stb_image.obj
 0003:000000ec       _h2l_scale_i               0043e0ec     stb_image.obj
 0003:000000f0       _l2h_gamma                 0043e0f0     stb_image.obj
 0003:000000f4       _l2h_scale                 0043e0f4     stb_image.obj
 0003:000000f8       _length_base               0043e0f8     stb_image.obj
 0003:00000178       _length_extra              0043e178     stb_image.obj
 0003:000001f8       _dist_base                 0043e1f8     stb_image.obj
 0003:00000278       _dist_extra                0043e278     stb_image.obj
 0003:00000318       __locktable                0043e318     LIBCMT:mlock.obj
 0003:00000438       ?isPackaged@?1??__crtIsPackagedApp@@9@9 0043e438     LIBCMT:winapisupp.obj
 0003:00000440       _errtable                  0043e440     LIBCMT:dosmap.obj
 0003:000005a8       _ErrnoNoMem                0043e5a8     LIBCMT:dosmap.obj
 0003:000005ac       _DoserrorNoMem             0043e5ac     LIBCMT:dosmap.obj
 0003:00000a08       ___rgctypeflag             0043ea08     LIBCMT:mbctype.obj
 0003:00000a10       ___rgcode_page_info        0043ea10     LIBCMT:mbctype.obj
 0003:00000d90       _NAME_                     0043ed90     LIBCMT:cos.obj
 0003:00000da0       _NAME_                     0043eda0     LIBCMT:sin.obj
 0003:00000f18       ?_names@?1??_get_fname@@9@9 0043ef18     LIBCMT:fpexcept.obj
 0003:00001000       _over                      0043f000     LIBCMT:fpctrl.obj
 0003:0000100c       _under                     0043f00c     LIBCMT:fpctrl.obj
 0003:00001018       ?__DAZ_ENABLED@?1??__set_fpsr_sse2@@9@9 0043f018     LIBCMT:fpctrl.obj
 0003:00001254       __ctype_loc_style          0043f254     LIBCMT:wsetloca.obj
 0003:00001268       POW_name                   0043f268     LIBCMT:pow.obj
 0003:00001300       _DoubleFormat              0043f300     LIBCMT:intrncvt.obj
 0003:00001318       _FloatFormat               0043f318     LIBCMT:intrncvt.obj
 0003:00001610       _stbi_unpremultiply_on_load 0043f610     stb_image.obj
 0003:00001614       _stbi_de_iphone_flag       0043f614     stb_image.obj
 0003:00001618       _failure_reason            0043f618     stb_image.obj
 0003:00001620       _default_length            0043f620     stb_image.obj
 0003:00001740       _default_distance          0043f740     stb_image.obj
 0003:00001794       ___enable_percent_n        0043f794     LIBCMT:printf.obj
 0003:000017a8       _lclcritsects              0043f7a8     LIBCMT:mlock.obj
 0003:00001900       ?outmsg@?9??_NMSG_WRITE@@9@9 0043f900     LIBCMT:crt0msg.obj
 0003:00001f38       _ctrlc_action              0043ff38     LIBCMT:winsig.obj
 0003:00001f3c       _ctrlbreak_action          0043ff3c     LIBCMT:winsig.obj
 0003:00001f40       _abort_action              0043ff40     LIBCMT:winsig.obj
 0003:00001f44       _term_action               0043ff44     LIBCMT:winsig.obj
 0003:00001f48       _ConsoleCtrlHandler_Installed 0043ff48     LIBCMT:winsig.obj
 0003:00001f4c       _g_pfnRtlGenRandom         0043ff4c     LIBCMT:rand_s.obj
 0003:00001f68       _fSystemSet                0043ff68     LIBCMT:mbctype.obj
 0003:00002088       _GS_ExceptionRecord        00440088     LIBCMT:gs_report.obj
 0003:000020d8       _GS_ContextRecord          004400d8     LIBCMT:gs_report.obj
 0003:000023a4       _DebuggerWasPresent        004403a4     LIBCMT:gs_report.obj
 0003:000023a8       __pmatherr_set             004403a8     LIBCMT:libm_error.obj
 0003:000023b8       ?_pgmname@?1??_setargv@@9@9 004403b8     LIBCMT:stdargv.obj
 0003:000024c4       ?pfnMessageBox@?1??__crtMessageBoxW@@9@9 004404c4     LIBCMT:crtmboxw.obj
 0003:000024c8       ?pfnGetActiveWindow@?1??__crtMessageBoxW@@9@9 004404c8     LIBCMT:crtmboxw.obj
 0003:000024cc       ?pfnGetLastActivePopup@?1??__crtMessageBoxW@@9@9 004404cc     LIBCMT:crtmboxw.obj
 0003:000024d0       ?pfnGetProcessWindowStation@?1??__crtMessageBoxW@@9@9 004404d0     LIBCMT:crtmboxw.obj
 0003:000024d4       ?pfnGetUserObjectInformation@?1??__crtMessageBoxW@@9@9 004404d4     LIBCMT:crtmboxw.obj
 0003:000024d8       ___crtCallProc             004404d8     LIBCMT:winapinls.obj
 0004:00000060       $R000000                   00442060     * linker generated manifest res *

 Exports

  ordinal    name

